{"ts":"2026-09-22T04:54:20.817Z","level":"info","msg":"volume-bot starting in DRY mode","markets":["BTC-USD","ETH-USD"],"pid":17076}
{"ts":"2026-09-22T04:54:21.800Z","level":"info","msg":"clock synced with exchange","offsetMs":-237}
{"ts":"2026-09-22T04:54:30.360Z","level":"info","msg":"fee schedule has no \"crypto\" category; using \"equity\" rates for BTC-USD"}
{"ts":"2026-09-22T04:54:30.361Z","level":"info","msg":"fee schedule has no \"crypto\" category; using \"equity\" rates for ETH-USD"}
{"ts":"2026-09-22T04:54:30.363Z","level":"info","msg":"state: no previous state, starting fresh","file":"logs/state-dry.json"}
{"ts":"2026-09-22T04:54:32.515Z","level":"info","msg":"ws: connected and resynced","iids":[6,7]}
{"ts":"2026-09-22T04:54:32.786Z","level":"info","msg":"engine running (TRADING)","mode":"dry","markets":["BTC-USD","ETH-USD"]}
{"ts":"2026-09-22T04:54:34.776Z","level":"info","msg":"fill BTC-USD SELL 0.00029 @ 85485 (maker)","intent":"quote-ask","fee":0.003099,"slipBps":-0.06,"position":-0.00029}
{"ts":"2026-09-22T04:54:34.909Z","level":"info","msg":"fill ETH-USD SELL 0.0091 @ 2731.2 (maker)","intent":"quote-ask","fee":0.003107,"slipBps":-0.18,"position":-0.0091}
{"ts":"2026-09-22T04:54:37.168Z","level":"info","msg":"fill ETH-USD BUY 0.0091 @ 2731.2 (maker)","intent":"quote-bid","fee":0.003107,"slipBps":-0.18,"position":0}
{"ts":"2026-09-22T04:54:41.520Z","level":"info","msg":"fill ETH-USD BUY 0.0091 @ 2731.1 (maker)","intent":"quote-bid","fee":0.003107,"slipBps":-0.18,"position":0.0091}
{"ts":"2026-09-22T04:54:41.551Z","level":"info","msg":"fill BTC-USD BUY 0.00029 @ 85487 (maker)","intent":"quote-bid","fee":0.003099,"slipBps":-0.06,"position":0}
{"ts":"2026-09-22T04:54:43.293Z","level":"info","msg":"fill ETH-USD SELL 0.0091 @ 2730.7 (maker)","intent":"quote-ask","fee":0.003106,"slipBps":-0.18,"position":0}
{"ts":"2026-09-22T04:54:47.157Z","level":"info","msg":"fill ETH-USD SELL 0.0091 @ 2731 (maker)","intent":"quote-ask","fee":0.003107,"slipBps":-0.18,"position":-0.0091}
{"ts":"2026-09-22T04:54:47.783Z","level":"info","msg":"fill BTC-USD SELL 0.00029 @ 85476 (maker)","intent":"quote-ask","fee":0.003099,"slipBps":-0.06,"position":-0.00029}
{"ts":"2026-09-22T04:54:48.436Z","level":"info","msg":"fill ETH-USD SELL 0.0091 @ 2731.2 (maker)","intent":"quote-ask","fee":0.003107,"slipBps":-0.18,"position":-0.0182}
{"ts":"2026-09-22T04:54:50.681Z","level":"info","msg":"fill ETH-USD BUY 0.0091 @ 2731.6 (maker)","intent":"quote-bid","fee":0.003107,"slipBps":-0.18,"position":-0.0091}
{"ts":"2026-09-22T04:54:50.732Z","level":"info","msg":"fill BTC-USD BUY 0.00029 @ 85484 (maker)","intent":"quote-bid","fee":0.003099,"slipBps":-0.06,"position":0}
{"ts":"2026-09-22T04:54:52.229Z","level":"info","msg":"fill ETH-USD BUY 0.0091 @ 2731.3 (maker)","intent":"quote-bid","fee":0.003107,"slipBps":-0.18,"position":0}
{"ts":"2026-09-22T04:54:55.246Z","level":"info","msg":"fill ETH-USD SELL 0.0091 @ 2731.4 (maker)","intent":"quote-ask","fee":0.003107,"slipBps":-0.18,"position":-0.0091}
{"ts":"2026-09-22T04:55:01.073Z","level":"info","msg":"fill ETH-USD SELL 0.0091 @ 2731.5 (maker)","intent":"quote-ask","fee":0.003107,"slipBps":-0.18,"position":-0.0182}
{"ts":"2026-09-22T04:55:01.328Z","level":"info","msg":"fill BTC-USD SELL 0.00029 @ 85484 (maker)","intent":"quote-ask","fee":0.003099,"slipBps":-0.06,"position":-0.00029}
{"ts":"2026-09-22T04:55:02.052Z","level":"info","msg":"fill BTC-USD SELL 0.00029 @ 85488 (maker)","intent":"quote-ask","fee":0.003099,"slipBps":-0.06,"position":-0.00058}
{"ts":"2026-09-22T04:55:09.823Z","level":"info","msg":"fill ETH-USD SELL 0.0091 @ 2732 (maker)","intent":"quote-ask","fee":0.003108,"slipBps":-0.73,"position":-0.0273}
{"ts":"2026-09-22T04:55:18.692Z","level":"info","msg":"fill BTC-USD SELL 0.00029 @ 85498 (maker)","intent":"quote-ask","fee":0.003099,"slipBps":-0.06,"position":-0.00087}
{"ts":"2026-09-22T04:55:19.721Z","level":"info","msg":"fill ETH-USD BUY 0.0091 @ 2732.8 (maker)","intent":"quote-bid","fee":0.003109,"slipBps":-0.18,"position":-0.0182}
{"ts":"2026-09-22T04:55:20.887Z","level":"info","msg":"fill BTC-USD BUY 0.00029 @ 85505 (maker)","intent":"quote-bid","fee":0.0031,"slipBps":-0.06,"position":-0.00058}
{"ts":"2026-09-22T04:55:22.063Z","level":"info","msg":"fill ETH-USD BUY 0.0091 @ 2732.7 (maker)","intent":"quote-bid","fee":0.003108,"slipBps":-0.18,"position":-0.0091}
{"ts":"2026-09-22T04:55:22.179Z","level":"info","msg":"fill BTC-USD BUY 0.00029 @ 85504 (maker)","intent":"quote-bid","fee":0.0031,"slipBps":-0.06,"position":-0.00029}
{"ts":"2026-09-22T04:55:28.725Z","level":"info","msg":"fill ETH-USD SELL 0.0091 @ 2732.3 (maker)","intent":"quote-ask","fee":0.003108,"slipBps":-0.18,"position":-0.0182}
{"ts":"2026-09-22T04:55:29.806Z","level":"info","msg":"fill ETH-USD SELL 0.0091 @ 2732.5 (maker)","intent":"quote-ask","fee":0.003108,"slipBps":-0.18,"position":-0.0273}
{"ts":"2026-09-22T04:55:32.110Z","level":"info","msg":"fill BTC-USD SELL 0.00029 @ 85496 (maker)","intent":"quote-ask","fee":0.003099,"slipBps":-0.06,"position":-0.00058}
{"ts":"2026-09-22T04:55:36.549Z","level":"info","msg":"fill BTC-USD SELL 0.00029 @ 85501 (maker)","intent":"quote-ask","fee":0.003099,"slipBps":-0.06,"position":-0.00087}
{"ts":"2026-09-22T04:55:40.007Z","level":"info","msg":"fill ETH-USD BUY 0.0091 @ 2733 (maker)","intent":"quote-bid","fee":0.003109,"slipBps":-0.18,"position":-0.0182}
{"ts":"2026-09-22T04:55:46.112Z","level":"info","msg":"fill BTC-USD BUY 0.00029 @ 85505 (maker)","intent":"quote-bid","fee":0.0031,"slipBps":-0.06,"position":-0.00058}
{"ts":"2026-09-22T04:55:50.078Z","level":"info","msg":"fill BTC-USD BUY 0.00029 @ 85502 (maker)","intent":"quote-bid","fee":0.003099,"slipBps":-0.06,"position":-0.00029}
{"ts":"2026-09-22T04:55:51.175Z","level":"info","msg":"fill ETH-USD BUY 0.0091 @ 2732.7 (maker)","intent":"quote-bid","fee":0.003108,"slipBps":-0.18,"position":-0.0091}
{"ts":"2026-09-22T04:55:51.224Z","level":"info","msg":"fill BTC-USD BUY 0.00029 @ 85501 (maker)","intent":"quote-bid","fee":0.003099,"slipBps":-0.06,"position":0}
{"ts":"2026-09-22T04:55:54.547Z","level":"info","msg":"fill ETH-USD BUY 0.0091 @ 2732.3 (maker)","intent":"quote-bid","fee":0.003108,"slipBps":-0.18,"position":0}
{"ts":"2026-09-22T04:55:54.626Z","level":"info","msg":"fill BTC-USD BUY 0.00029 @ 85500 (maker)","intent":"quote-bid","fee":0.003099,"slipBps":-0.06,"position":0.00029}
{"ts":"2026-09-22T04:55:55.516Z","level":"info","msg":"fill ETH-USD BUY 0.0091 @ 2732.2 (maker)","intent":"quote-bid","fee":0.003108,"slipBps":-0.18,"position":0.0091}
{"ts":"2026-09-22T04:55:56.246Z","level":"info","msg":"fill ETH-USD SELL 0.0091 @ 2732.3 (maker)","intent":"quote-ask","fee":0.003108,"slipBps":-0.18,"position":0}
{"ts":"2026-09-22T04:55:59.063Z","level":"info","msg":"fill ETH-USD BUY 0.0091 @ 2732.3 (maker)","intent":"quote-bid","fee":0.003108,"slipBps":-0.18,"position":0.0091}
{"ts":"2026-09-22T04:56:00.141Z","level":"info","msg":"fill BTC-USD BUY 0.00029 @ 85496 (maker)","intent":"quote-bid","fee":0.003099,"slipBps":-0.06,"position":0.00058}
{"ts":"2026-09-22T04:56:00.193Z","level":"info","msg":"fill ETH-USD BUY 0.0091 @ 2732.1 (maker)","intent":"quote-bid","fee":0.003108,"slipBps":0.37,"position":0.0182}
{"ts":"2026-09-22T04:56:00.622Z","level":"info","msg":"fill ETH-USD BUY 0.0091 @ 2729 (maker)","intent":"quote-bid","fee":0.003104,"slipBps":-3.66,"position":0.0273}
{"ts":"2026-09-22T04:56:01.079Z","level":"info","msg":"fill BTC-USD BUY 0.00029 @ 85433 (maker)","intent":"quote-bid","fee":0.003097,"slipBps":-0.06,"position":0.00087}
{"ts":"2026-09-22T04:56:02.203Z","level":"info","msg":"fill ETH-USD SELL 0.0091 @ 2728.9 (maker)","intent":"quote-ask","fee":0.003104,"slipBps":0.55,"position":0.0182}
{"ts":"2026-09-22T04:56:04.329Z","level":"info","msg":"fill ETH-USD SELL 0.0091 @ 2729 (maker)","intent":"quote-ask","fee":0.003104,"slipBps":-0.18,"position":0.0091}
{"ts":"2026-09-22T04:56:07.493Z","level":"info","msg":"fill ETH-USD BUY 0.0091 @ 2728.9 (maker)","intent":"quote-bid","fee":0.003104,"slipBps":-0.18,"position":0.0182}
{"ts":"2026-09-22T04:56:07.776Z","level":"info","msg":"fill ETH-USD BUY 0.0091 @ 2728 (maker)","intent":"quote-bid","fee":0.003103,"slipBps":-0.55,"position":0.0273}
{"ts":"2026-09-22T04:56:15.651Z","level":"info","msg":"fill ETH-USD SELL 0.0091 @ 2728.2 (maker)","intent":"quote-ask","fee":0.003103,"slipBps":-0.37,"position":0.0182}
{"ts":"2026-09-22T04:56:21.539Z","level":"info","msg":"fill ETH-USD BUY 0.0091 @ 2728.3 (maker)","intent":"quote-bid","fee":0.003103,"slipBps":-0.55,"position":0.0273}
{"ts":"2026-09-22T04:56:29.529Z","level":"info","msg":"fill ETH-USD SELL 0.0091 @ 2727.6 (maker)","intent":"quote-ask","fee":0.003103,"slipBps":-0.18,"position":0.0182}
{"ts":"2026-09-22T04:56:31.496Z","level":"info","msg":"fill ETH-USD SELL 0.0091 @ 2728.1 (maker)","intent":"quote-ask","fee":0.003103,"slipBps":-0.37,"position":0.0091}
{"ts":"2026-09-22T04:56:35.098Z","level":"info","msg":"fill ETH-USD SELL 0.0091 @ 2728.3 (maker)","intent":"quote-ask","fee":0.003103,"slipBps":-0.18,"position":0}
{"ts":"2026-09-22T04:56:35.761Z","level":"info","msg":"fill BTC-USD SELL 0.00029 @ 85405 (maker)","intent":"quote-ask","fee":0.003096,"slipBps":-0.06,"position":0.00058}
{"ts":"2026-09-22T04:56:35.845Z","level":"info","msg":"fill ETH-USD SELL 0.0091 @ 2728.5 (maker)","intent":"quote-ask","fee":0.003104,"slipBps":-0.18,"position":-0.0091}
{"ts":"2026-09-22T04:56:36.435Z","level":"info","msg":"fill BTC-USD BUY 0.00029 @ 85415 (maker)","intent":"quote-bid","fee":0.003096,"slipBps":-0.06,"position":0.00087}
{"ts":"2026-09-22T04:56:39.808Z","level":"info","msg":"fill ETH-USD SELL 0.0091 @ 2728.4 (maker)","intent":"quote-ask","fee":0.003104,"slipBps":-0.37,"position":-0.0182}
{"ts":"2026-09-22T04:56:42.953Z","level":"info","msg":"fill ETH-USD SELL 0.0091 @ 2728.5 (maker)","intent":"quote-ask","fee":0.003104,"slipBps":-0.37,"position":-0.0273}
{"ts":"2026-09-22T04:56:44.855Z","level":"info","msg":"fill BTC-USD SELL 0.00029 @ 85410 (maker)","intent":"quote-ask","fee":0.003096,"slipBps":-0.06,"position":0.00058}
{"ts":"2026-09-22T04:56:47.261Z","level":"info","msg":"fill ETH-USD BUY 0.0091 @ 2728.9 (maker)","intent":"quote-bid","fee":0.003104,"slipBps":-0.18,"position":-0.0182}
{"ts":"2026-09-22T04:56:48.070Z","level":"info","msg":"fill ETH-USD BUY 0.0091 @ 2728.5 (maker)","intent":"quote-bid","fee":0.003104,"slipBps":-0.73,"position":-0.0091}
{"ts":"2026-09-22T04:56:48.333Z","level":"info","msg":"fill BTC-USD BUY 0.00029 @ 85416 (maker)","intent":"quote-bid","fee":0.003096,"slipBps":-0.06,"position":0.00087}
{"ts":"2026-09-22T04:56:50.809Z","level":"info","msg":"fill ETH-USD SELL 0.0091 @ 2728.2 (maker)","intent":"quote-ask","fee":0.003103,"slipBps":-0.18,"position":-0.0182}
{"ts":"2026-09-22T04:56:52.274Z","level":"info","msg":"fill ETH-USD BUY 0.0091 @ 2728.3 (maker)","intent":"quote-bid","fee":0.003103,"slipBps":-0.37,"position":-0.0091}
{"ts":"2026-09-22T04:56:54.761Z","level":"info","msg":"flatten start BTC-USD: position age","size":0.00087,"phase":"passive","decisionMid":85415.5}
{"ts":"2026-09-22T04:56:58.283Z","level":"info","msg":"fill BTC-USD SELL 0.00087 @ 85416 (maker)","intent":"flatten-post","fee":0.009289,"slipBps":-0.06,"position":0}
{"ts":"2026-09-22T04:56:58.411Z","level":"info","msg":"flatten BTC-USD -> idle","reason":"flat","size":0}
{"ts":"2026-09-22T04:56:58.632Z","level":"info","msg":"fill ETH-USD SELL 0.0091 @ 2728.1 (maker)","intent":"quote-ask","fee":0.003103,"slipBps":-0.18,"position":-0.0182}
{"ts":"2026-09-22T04:57:01.348Z","level":"info","msg":"fill ETH-USD BUY 0.0091 @ 2728.1 (maker)","intent":"quote-bid","fee":0.003103,"slipBps":-0.18,"position":-0.0091}
{"ts":"2026-09-22T04:57:03.182Z","level":"info","msg":"fill ETH-USD BUY 0.0091 @ 2728 (maker)","intent":"quote-bid","fee":0.003103,"slipBps":-0.37,"position":0}
{"ts":"2026-09-22T04:57:03.450Z","level":"info","msg":"fill BTC-USD BUY 0.00029 @ 85416 (maker)","intent":"quote-bid","fee":0.003096,"slipBps":-0.06,"position":0.00029}
{"ts":"2026-09-22T04:57:07.623Z","level":"info","msg":"fill ETH-USD SELL 0.0091 @ 2727.4 (maker)","intent":"quote-ask","fee":0.003102,"slipBps":-0.18,"position":-0.0091}
{"ts":"2026-09-22T04:57:08.015Z","level":"info","msg":"fill BTC-USD BUY 0.00029 @ 85415 (maker)","intent":"quote-bid","fee":0.003096,"slipBps":-0.06,"position":0.00058}
{"ts":"2026-09-22T04:57:18.034Z","level":"info","msg":"fill ETH-USD SELL 0.0091 @ 2727.4 (maker)","intent":"quote-ask","fee":0.003102,"slipBps":-0.18,"position":-0.0182}
{"ts":"2026-09-22T04:57:19.116Z","level":"info","msg":"fill BTC-USD SELL 0.00029 @ 85410 (maker)","intent":"quote-ask","fee":0.003096,"slipBps":-0.06,"position":0.00029}
{"ts":"2026-09-22T04:57:20.678Z","level":"info","msg":"fill ETH-USD BUY 0.0091 @ 2728 (maker)","intent":"quote-bid","fee":0.003103,"slipBps":-0.18,"position":-0.0091}
{"ts":"2026-09-22T04:57:20.961Z","level":"info","msg":"fill BTC-USD BUY 0.00029 @ 85415 (maker)","intent":"quote-bid","fee":0.003096,"slipBps":-0.06,"position":0.00058}
{"ts":"2026-09-22T04:57:21.994Z","level":"info","msg":"fill ETH-USD BUY 0.0091 @ 2727.8 (maker)","intent":"quote-bid","fee":0.003103,"slipBps":-0.18,"position":0}
{"ts":"2026-09-22T04:57:26.654Z","level":"info","msg":"fill ETH-USD BUY 0.0091 @ 2727.6 (maker)","intent":"quote-bid","fee":0.003103,"slipBps":-0.18,"position":0.0091}
{"ts":"2026-09-22T04:57:29.135Z","level":"info","msg":"fill ETH-USD SELL 0.0091 @ 2727.6 (maker)","intent":"quote-ask","fee":0.003103,"slipBps":-0.18,"position":0}
{"ts":"2026-09-22T04:57:31.665Z","level":"info","msg":"fill ETH-USD BUY 0.0091 @ 2727.7 (maker)","intent":"quote-bid","fee":0.003103,"slipBps":-0.18,"position":0.0091}
{"ts":"2026-09-22T04:57:32.983Z","level":"info","msg":"fill ETH-USD SELL 0.0091 @ 2727.6 (maker)","intent":"quote-ask","fee":0.003103,"slipBps":-0.18,"position":0}
{"ts":"2026-09-22T04:57:38.110Z","level":"info","msg":"fill ETH-USD BUY 0.0091 @ 2727.7 (maker)","intent":"quote-bid","fee":0.003103,"slipBps":-0.18,"position":0.0091}
{"ts":"2026-09-22T04:57:38.133Z","level":"info","msg":"fill BTC-USD BUY 0.00029 @ 85412 (maker)","intent":"quote-bid","fee":0.003096,"slipBps":-0.06,"position":0.00087}
{"ts":"2026-09-22T04:57:38.376Z","level":"info","msg":"fill ETH-USD BUY 0.0091 @ 2727.5 (maker)","intent":"quote-bid","fee":0.003103,"slipBps":-0.18,"position":0.0182}
{"ts":"2026-09-22T04:57:39.845Z","level":"info","msg":"fill ETH-USD BUY 0.0091 @ 2727.4 (maker)","intent":"quote-bid","fee":0.003102,"slipBps":-0.18,"position":0.0273}
{"ts":"2026-09-22T04:57:50.285Z","level":"info","msg":"fill ETH-USD SELL 0.0091 @ 2727.1 (maker)","intent":"quote-ask","fee":0.003102,"slipBps":-0.18,"position":0.0182}
{"ts":"2026-09-22T04:57:50.620Z","level":"info","msg":"fill ETH-USD SELL 0.0091 @ 2727.2 (maker)","intent":"quote-ask","fee":0.003102,"slipBps":0.18,"position":0.0091}
{"ts":"2026-09-22T04:57:52.110Z","level":"info","msg":"fill ETH-USD SELL 0.0091 @ 2727.4 (maker)","intent":"quote-ask","fee":0.003102,"slipBps":-0.18,"position":0}
{"ts":"2026-09-22T04:57:52.637Z","level":"info","msg":"fill ETH-USD SELL 0.0091 @ 2727.6 (maker)","intent":"quote-ask","fee":0.003103,"slipBps":-0.18,"position":-0.0091}
{"ts":"2026-09-22T04:57:55.985Z","level":"info","msg":"fill ETH-USD BUY 0.0091 @ 2727.6 (maker)","intent":"quote-bid","fee":0.003103,"slipBps":-0.18,"position":0}
{"ts":"2026-09-22T04:57:59.277Z","level":"info","msg":"fill ETH-USD SELL 0.0091 @ 2727.6 (maker)","intent":"quote-ask","fee":0.003103,"slipBps":-0.18,"position":-0.0091}
{"ts":"2026-09-22T04:58:01.173Z","level":"info","msg":"fill ETH-USD SELL 0.0091 @ 2727.7 (maker)","intent":"quote-ask","fee":0.003103,"slipBps":-0.18,"position":-0.0182}
{"ts":"2026-09-22T04:58:01.276Z","level":"info","msg":"fill BTC-USD SELL 0.00029 @ 85409 (maker)","intent":"quote-ask","fee":0.003096,"slipBps":-0.06,"position":0.00058}
{"ts":"2026-09-22T04:58:03.547Z","level":"info","msg":"flatten start BTC-USD: position age","size":0.00058,"phase":"passive","decisionMid":85415.5}
{"ts":"2026-09-22T04:58:04.279Z","level":"info","msg":"fill ETH-USD BUY 0.0091 @ 2728 (maker)","intent":"quote-bid","fee":0.003103,"slipBps":-0.18,"position":-0.0091}
{"ts":"2026-09-22T04:58:05.363Z","level":"info","msg":"fill ETH-USD SELL 0.0091 @ 2728 (maker)","intent":"quote-ask","fee":0.003103,"slipBps":-0.18,"position":-0.0182}
{"ts":"2026-09-22T04:58:06.905Z","level":"info","msg":"fill ETH-USD SELL 0.0091 @ 2728.1 (maker)","intent":"quote-ask","fee":0.003103,"slipBps":-0.18,"position":-0.0273}
{"ts":"2026-09-22T04:58:07.634Z","level":"info","msg":"fill ETH-USD BUY 0.0091 @ 2728.2 (maker)","intent":"quote-bid","fee":0.003103,"slipBps":-0.18,"position":-0.0182}
{"ts":"2026-09-22T04:58:08.113Z","level":"info","msg":"fill ETH-USD SELL 0.0091 @ 2728.2 (maker)","intent":"quote-ask","fee":0.003103,"slipBps":-0.18,"position":-0.0273}
{"ts":"2026-09-22T04:58:12.476Z","level":"info","msg":"fill BTC-USD SELL 0.00058 @ 85413 (maker)","intent":"flatten-post","fee":0.006192,"slipBps":0.29,"position":0}
{"ts":"2026-09-22T04:58:12.528Z","level":"info","msg":"flatten BTC-USD -> idle","reason":"flat","size":0}
{"ts":"2026-09-22T04:58:23.034Z","level":"info","msg":"fill ETH-USD BUY 0.0091 @ 2728.5 (maker)","intent":"quote-bid","fee":0.003104,"slipBps":-0.18,"position":-0.0182}
{"ts":"2026-09-22T04:58:28.080Z","level":"info","msg":"fill ETH-USD SELL 0.0091 @ 2728.2 (maker)","intent":"quote-ask","fee":0.003103,"slipBps":-0.18,"position":-0.0273}
{"ts":"2026-09-22T04:58:41.753Z","level":"info","msg":"fill ETH-USD BUY 0.0091 @ 2728.5 (maker)","intent":"quote-bid","fee":0.003104,"slipBps":-0.18,"position":-0.0182}
{"ts":"2026-09-22T04:58:42.301Z","level":"info","msg":"fill BTC-USD BUY 0.00029 @ 85416 (maker)","intent":"quote-bid","fee":0.003096,"slipBps":-0.06,"position":0.00029}
{"ts":"2026-09-22T04:58:58.060Z","level":"info","msg":"fill ETH-USD BUY 0.0091 @ 2728.3 (maker)","intent":"quote-bid","fee":0.003103,"slipBps":-0.18,"position":-0.0091}
{"ts":"2026-09-22T04:58:58.646Z","level":"info","msg":"fill BTC-USD BUY 0.00029 @ 85404 (maker)","intent":"quote-bid","fee":0.003096,"slipBps":-0.06,"position":0.00058}
{"ts":"2026-09-22T04:58:59.474Z","level":"info","msg":"flatten start ETH-USD: position age","size":-0.0091,"phase":"passive","decisionMid":2727.95}
{"ts":"2026-09-22T04:59:00.199Z","level":"info","msg":"fill BTC-USD BUY 0.00029 @ 85400 (maker)","intent":"quote-bid","fee":0.003096,"slipBps":-0.06,"position":0.00087}
{"ts":"2026-09-22T04:59:02.457Z","level":"info","msg":"fill ETH-USD BUY 0.0091 @ 2727.9 (maker)","intent":"flatten-post","fee":0.003103,"slipBps":-0.18,"position":0}
{"ts":"2026-09-22T04:59:02.521Z","level":"info","msg":"flatten ETH-USD -> idle","reason":"flat","size":0}
{"ts":"2026-09-22T04:59:04.221Z","level":"info","msg":"fill ETH-USD SELL 0.0091 @ 2727.6 (maker)","intent":"quote-ask","fee":0.003103,"slipBps":-0.18,"position":-0.0091}
{"ts":"2026-09-22T04:59:05.870Z","level":"info","msg":"fill ETH-USD SELL 0.0091 @ 2728 (maker)","intent":"quote-ask","fee":0.003103,"slipBps":-0.18,"position":-0.0182}
{"ts":"2026-09-22T04:59:07.325Z","level":"info","msg":"fill ETH-USD SELL 0.0091 @ 2728.3 (maker)","intent":"quote-ask","fee":0.003103,"slipBps":-0.18,"position":-0.0273}
{"ts":"2026-09-22T04:59:17.153Z","level":"info","msg":"fill ETH-USD BUY 0.0091 @ 2728.5 (maker)","intent":"quote-bid","fee":0.003104,"slipBps":-0.18,"position":-0.0182}
{"ts":"2026-09-22T04:59:27.551Z","level":"info","msg":"fill ETH-USD SELL 0.0091 @ 2728.4 (maker)","intent":"quote-ask","fee":0.003104,"slipBps":-0.18,"position":-0.0273}
{"ts":"2026-09-22T04:59:30.026Z","level":"info","msg":"fill BTC-USD SELL 0.00029 @ 85396 (maker)","intent":"quote-ask","fee":0.003096,"slipBps":-0.06,"position":0.00058}
{"ts":"2026-09-22T04:59:31.935Z","level":"info","msg":"fill ETH-USD BUY 0.0091 @ 2729 (maker)","intent":"quote-bid","fee":0.003104,"slipBps":-0.18,"position":-0.0182}
{"ts":"2026-09-22T04:59:32.263Z","level":"info","msg":"fill ETH-USD BUY 0.0091 @ 2728.9 (maker)","intent":"quote-bid","fee":0.003104,"slipBps":-0.18,"position":-0.0091}
{"ts":"2026-09-22T04:59:35.224Z","level":"info","msg":"fill ETH-USD SELL 0.0091 @ 2728.9 (maker)","intent":"quote-ask","fee":0.003104,"slipBps":-0.18,"position":-0.0182}
{"ts":"2026-09-22T04:59:42.332Z","level":"info","msg":"flatten start BTC-USD: position age","size":0.00058,"phase":"passive","decisionMid":85404.5}
{"ts":"2026-09-22T04:59:43.010Z","level":"info","msg":"fill ETH-USD BUY 0.0091 @ 2728.9 (maker)","intent":"quote-bid","fee":0.003104,"slipBps":-0.18,"position":-0.0091}
{"ts":"2026-09-22T04:59:47.257Z","level":"info","msg":"fill ETH-USD BUY 0.0091 @ 2728.8 (maker)","intent":"quote-bid","fee":0.003104,"slipBps":-0.18,"position":0}
{"ts":"2026-09-22T04:59:48.934Z","level":"info","msg":"fill ETH-USD BUY 0.0091 @ 2728.6 (maker)","intent":"quote-bid","fee":0.003104,"slipBps":-0.18,"position":0.0091}
{"ts":"2026-09-22T04:59:56.689Z","level":"info","msg":"fill ETH-USD SELL 0.0091 @ 2728.6 (maker)","intent":"quote-ask","fee":0.003104,"slipBps":-0.37,"position":0}
{"ts":"2026-09-22T04:59:57.334Z","level":"info","msg":"flatten BTC-USD -> taker","reason":"taker exit (passive window elapsed)","size":0.00058}
{"ts":"2026-09-22T04:59:57.661Z","level":"info","msg":"fill ETH-USD SELL 0.0091 @ 2729.3 (maker)","intent":"quote-ask","fee":0.003105,"slipBps":-0.37,"position":-0.0091}
{"ts":"2026-09-22T04:59:58.350Z","level":"info","msg":"flatten IOC BTC-USD sell 0.00058 limit 85387","reason":"taker exit (passive window elapsed)"}
{"ts":"2026-09-22T04:59:58.446Z","level":"info","msg":"fill BTC-USD SELL 0.00058 @ 85429 (taker)","intent":"flatten-ioc","fee":0.01982,"slipBps":0.7,"position":0}
{"ts":"2026-09-22T04:59:58.757Z","level":"info","msg":"flatten BTC-USD -> idle","reason":"flat","size":0}
{"ts":"2026-09-22T04:59:59.264Z","level":"info","msg":"fill ETH-USD SELL 0.0091 @ 2729.6 (maker)","intent":"quote-ask","fee":0.003105,"slipBps":-0.18,"position":-0.0182}
{"ts":"2026-09-22T05:00:00.936Z","level":"info","msg":"fill ETH-USD SELL 0.0091 @ 2729.8 (maker)","intent":"quote-ask","fee":0.003105,"slipBps":-0.18,"position":-0.0273}
{"ts":"2026-09-22T05:00:01.583Z","level":"info","msg":"fill BTC-USD SELL 0.00029 @ 85441 (maker)","intent":"quote-ask","fee":0.003097,"slipBps":-0.7,"position":-0.00029}
{"ts":"2026-09-22T05:00:02.424Z","level":"info","msg":"fill BTC-USD BUY 0.00029 @ 85447 (maker)","intent":"quote-bid","fee":0.003097,"slipBps":0.35,"position":0}
{"ts":"2026-09-22T05:00:02.859Z","level":"info","msg":"fill ETH-USD BUY 0.0091 @ 2730.1 (maker)","intent":"quote-bid","fee":0.003105,"slipBps":-0.37,"position":-0.0182}
{"ts":"2026-09-22T05:00:03.482Z","level":"info","msg":"fill BTC-USD BUY 0.00029 @ 85438 (maker)","intent":"quote-bid","fee":0.003097,"slipBps":-0.53,"position":0.00029}
{"ts":"2026-09-22T05:00:05.681Z","level":"info","msg":"fill ETH-USD SELL 0.0091 @ 2729.8 (maker)","intent":"quote-ask","fee":0.003105,"slipBps":0.18,"position":-0.0273}
{"ts":"2026-09-22T05:00:09.624Z","level":"info","msg":"fill ETH-USD BUY 0.0091 @ 2729.7 (maker)","intent":"quote-bid","fee":0.003105,"slipBps":-0.18,"position":-0.0182}
{"ts":"2026-09-22T05:00:10.177Z","level":"info","msg":"fill BTC-USD BUY 0.00029 @ 85423 (maker)","intent":"quote-bid","fee":0.003097,"slipBps":-0.64,"position":0.00058}
{"ts":"2026-09-22T05:00:10.180Z","level":"info","msg":"fill ETH-USD BUY 0.0091 @ 2729.6 (maker)","intent":"quote-bid","fee":0.003105,"slipBps":-0.18,"position":-0.0091}
{"ts":"2026-09-22T05:00:10.382Z","level":"info","msg":"fill ETH-USD SELL 0.0091 @ 2729.7 (maker)","intent":"quote-ask","fee":0.003105,"slipBps":-0.18,"position":-0.0182}
{"ts":"2026-09-22T05:00:11.493Z","level":"info","msg":"fill ETH-USD BUY 0.0091 @ 2729.8 (maker)","intent":"quote-bid","fee":0.003105,"slipBps":-0.18,"position":-0.0091}
{"ts":"2026-09-22T05:00:12.973Z","level":"info","msg":"fill BTC-USD BUY 0.00029 @ 85421 (maker)","intent":"quote-bid","fee":0.003097,"slipBps":-0.06,"position":0.00087}
{"ts":"2026-09-22T05:00:13.157Z","level":"info","msg":"fill ETH-USD BUY 0.0091 @ 2729.6 (maker)","intent":"quote-bid","fee":0.003105,"slipBps":-0.37,"position":0}
{"ts":"2026-09-22T05:00:13.861Z","level":"info","msg":"fill ETH-USD BUY 0.0091 @ 2729.5 (maker)","intent":"quote-bid","fee":0.003105,"slipBps":-0.18,"position":0.0091}
{"ts":"2026-09-22T05:00:14.920Z","level":"info","msg":"fill ETH-USD SELL 0.0091 @ 2729.1 (maker)","intent":"quote-ask","fee":0.003104,"slipBps":-0.18,"position":0}
{"ts":"2026-09-22T05:00:17.360Z","level":"info","msg":"fill ETH-USD BUY 0.0091 @ 2729 (maker)","intent":"quote-bid","fee":0.003104,"slipBps":-0.18,"position":0.0091}
{"ts":"2026-09-22T05:00:19.449Z","level":"info","msg":"fill ETH-USD SELL 0.0091 @ 2729 (maker)","intent":"quote-ask","fee":0.003104,"slipBps":-0.18,"position":0}
{"ts":"2026-09-22T05:00:22.329Z","level":"info","msg":"fill ETH-USD BUY 0.0091 @ 2728.8 (maker)","intent":"quote-bid","fee":0.003104,"slipBps":-0.55,"position":0.0091}
{"ts":"2026-09-22T05:00:24.451Z","level":"info","msg":"fill ETH-USD BUY 0.0091 @ 2727.6 (maker)","intent":"quote-bid","fee":0.003103,"slipBps":-0.18,"position":0.0182}
{"ts":"2026-09-22T05:00:32.186Z","level":"info","msg":"fill ETH-USD SELL 0.0091 @ 2727.5 (maker)","intent":"quote-ask","fee":0.003103,"slipBps":-0.18,"position":0.0091}
{"ts":"2026-09-22T05:00:33.271Z","level":"info","msg":"funding BTC-USD paid $0.000929","rate":0.0000125,"size":0.00087}
{"ts":"2026-09-22T05:00:33.272Z","level":"info","msg":"funding ETH-USD paid $0.000310","rate":0.0000125,"size":0.0091}
{"ts":"2026-09-22T05:00:33.801Z","level":"info","msg":"fill ETH-USD BUY 0.0091 @ 2727.6 (maker)","intent":"quote-bid","fee":0.003103,"slipBps":-0.18,"position":0.0182}
{"ts":"2026-09-22T05:00:36.208Z","level":"info","msg":"fill ETH-USD SELL 0.0091 @ 2727.6 (maker)","intent":"quote-ask","fee":0.003103,"slipBps":-0.18,"position":0.0091}
{"ts":"2026-09-22T05:00:38.495Z","level":"info","msg":"fill ETH-USD BUY 0.0091 @ 2727.7 (maker)","intent":"quote-bid","fee":0.003103,"slipBps":-0.18,"position":0.0182}
{"ts":"2026-09-22T05:00:50.486Z","level":"info","msg":"fill ETH-USD SELL 0.0091 @ 2727.6 (maker)","intent":"quote-ask","fee":0.003103,"slipBps":-0.18,"position":0.0091}
{"ts":"2026-09-22T05:00:56.523Z","level":"info","msg":"fill ETH-USD BUY 0.0091 @ 2727.8 (maker)","intent":"quote-bid","fee":0.003103,"slipBps":-0.18,"position":0.0182}
{"ts":"2026-09-22T05:00:59.168Z","level":"info","msg":"fill ETH-USD SELL 0.0091 @ 2727.8 (maker)","intent":"quote-ask","fee":0.003103,"slipBps":-0.18,"position":0.0091}
{"ts":"2026-09-22T05:00:59.789Z","level":"info","msg":"fill BTC-USD SELL 0.00029 @ 85394 (maker)","intent":"quote-ask","fee":0.003096,"slipBps":-0.06,"position":0.00058}
{"ts":"2026-09-22T05:01:00.546Z","level":"info","msg":"fill ETH-USD SELL 0.0091 @ 2728.3 (maker)","intent":"quote-ask","fee":0.003103,"slipBps":0,"position":0}
{"ts":"2026-09-22T05:01:01.582Z","level":"info","msg":"fill ETH-USD SELL 0.0091 @ 2728.4 (maker)","intent":"quote-ask","fee":0.003104,"slipBps":-0.18,"position":-0.0091}
{"ts":"2026-09-22T05:01:03.410Z","level":"info","msg":"fill ETH-USD BUY 0.0091 @ 2728.4 (maker)","intent":"quote-bid","fee":0.003104,"slipBps":-0.18,"position":0}
{"ts":"2026-09-22T05:01:03.557Z","level":"info","msg":"flatten start BTC-USD: position age","size":0.00058,"phase":"passive","decisionMid":85398.5}
{"ts":"2026-09-22T05:01:05.010Z","level":"info","msg":"fill ETH-USD BUY 0.0091 @ 2728.1 (maker)","intent":"quote-bid","fee":0.003103,"slipBps":-0.18,"position":0.0091}
{"ts":"2026-09-22T05:01:06.489Z","level":"info","msg":"fill ETH-USD BUY 0.0091 @ 2727.9 (maker)","intent":"quote-bid","fee":0.003103,"slipBps":-0.18,"position":0.0182}
{"ts":"2026-09-22T05:01:07.462Z","level":"info","msg":"fill ETH-USD SELL 0.0091 @ 2727.9 (maker)","intent":"quote-ask","fee":0.003103,"slipBps":-0.18,"position":0.0091}
{"ts":"2026-09-22T05:01:08.471Z","level":"info","msg":"fill ETH-USD BUY 0.0091 @ 2727.9 (maker)","intent":"quote-bid","fee":0.003103,"slipBps":-0.18,"position":0.0182}
{"ts":"2026-09-22T05:01:09.657Z","level":"info","msg":"fill ETH-USD BUY 0.0091 @ 2727.6 (maker)","intent":"quote-bid","fee":0.003103,"slipBps":-0.18,"position":0.0273}
{"ts":"2026-09-22T05:01:16.934Z","level":"info","msg":"fill ETH-USD SELL 0.0091 @ 2727.2 (maker)","intent":"quote-ask","fee":0.003102,"slipBps":-0.18,"position":0.0182}
{"ts":"2026-09-22T05:01:18.257Z","level":"info","msg":"fill ETH-USD SELL 0.0091 @ 2727.3 (maker)","intent":"quote-ask","fee":0.003102,"slipBps":-0.18,"position":0.0091}
{"ts":"2026-09-22T05:01:18.624Z","level":"info","msg":"flatten BTC-USD -> taker","reason":"taker exit (passive window elapsed)","size":0.00058}
{"ts":"2026-09-22T05:01:19.636Z","level":"info","msg":"flatten IOC BTC-USD sell 0.00058 limit 85356","reason":"taker exit (passive window elapsed)"}
{"ts":"2026-09-22T05:01:19.680Z","level":"info","msg":"fill ETH-USD SELL 0.0091 @ 2727.4 (maker)","intent":"quote-ask","fee":0.003102,"slipBps":-0.18,"position":0}
{"ts":"2026-09-22T05:01:19.736Z","level":"info","msg":"fill BTC-USD SELL 0.00058 @ 85398 (taker)","intent":"flatten-ioc","fee":0.019812,"slipBps":0.06,"position":0}
{"ts":"2026-09-22T05:01:20.059Z","level":"info","msg":"flatten BTC-USD -> idle","reason":"flat","size":0}
{"ts":"2026-09-22T05:01:20.568Z","level":"info","msg":"fill ETH-USD SELL 0.0091 @ 2727.5 (maker)","intent":"quote-ask","fee":0.003103,"slipBps":-0.18,"position":-0.0091}
{"ts":"2026-09-22T05:01:21.961Z","level":"info","msg":"fill ETH-USD SELL 0.0091 @ 2727.6 (maker)","intent":"quote-ask","fee":0.003103,"slipBps":-0.18,"position":-0.0182}
{"ts":"2026-09-22T05:01:28.867Z","level":"info","msg":"fill ETH-USD SELL 0.0091 @ 2727.9 (maker)","intent":"quote-ask","fee":0.003103,"slipBps":-0.18,"position":-0.0273}
{"ts":"2026-09-22T05:01:30.358Z","level":"info","msg":"fill ETH-USD BUY 0.0091 @ 2727.9 (maker)","intent":"quote-bid","fee":0.003103,"slipBps":-0.18,"position":-0.0182}
{"ts":"2026-09-22T05:01:31.625Z","level":"info","msg":"fill ETH-USD BUY 0.0091 @ 2727.7 (maker)","intent":"quote-bid","fee":0.003103,"slipBps":-0.18,"position":-0.0091}
{"ts":"2026-09-22T05:01:33.013Z","level":"info","msg":"fill ETH-USD BUY 0.0091 @ 2727.6 (maker)","intent":"quote-bid","fee":0.003103,"slipBps":-0.18,"position":0}
{"ts":"2026-09-22T05:01:33.278Z","level":"info","msg":"fill BTC-USD BUY 0.00029 @ 85398 (maker)","intent":"quote-bid","fee":0.003096,"slipBps":-0.06,"position":0.00029}
{"ts":"2026-09-22T05:01:33.285Z","level":"info","msg":"fill ETH-USD BUY 0.0091 @ 2727.5 (maker)","intent":"quote-bid","fee":0.003103,"slipBps":-0.18,"position":0.0091}
{"ts":"2026-09-22T05:01:33.644Z","level":"info","msg":"fill BTC-USD BUY 0.00023 @ 85375 (maker)","intent":"quote-bid","fee":0.002455,"slipBps":-0.88,"position":0.00052}
{"ts":"2026-09-22T05:01:33.786Z","level":"info","msg":"fill BTC-USD BUY 0.000059999999999999995 @ 85375 (maker)","intent":"quote-bid","fee":0.00064,"slipBps":-0.88,"position":0.00058}
{"ts":"2026-09-22T05:01:36.873Z","level":"info","msg":"fill ETH-USD SELL 0.0091 @ 2727.1 (maker)","intent":"quote-ask","fee":0.003102,"slipBps":-0.18,"position":0}
{"ts":"2026-09-22T05:01:37.351Z","level":"info","msg":"fill ETH-USD SELL 0.0091 @ 2727.2 (maker)","intent":"quote-ask","fee":0.003102,"slipBps":-0.18,"position":-0.0091}
{"ts":"2026-09-22T05:01:37.861Z","level":"info","msg":"fill ETH-USD SELL 0.0091 @ 2727.5 (maker)","intent":"quote-ask","fee":0.003103,"slipBps":-0.18,"position":-0.0182}
{"ts":"2026-09-22T05:01:38.441Z","level":"info","msg":"fill BTC-USD SELL 0.00029 @ 85339 (maker)","intent":"quote-ask","fee":0.003094,"slipBps":-0.06,"position":0.00029}
{"ts":"2026-09-22T05:01:38.779Z","level":"info","msg":"fill ETH-USD BUY 0.0091 @ 2727.1 (maker)","intent":"quote-bid","fee":0.003102,"slipBps":-1.28,"position":-0.0091}
{"ts":"2026-09-22T05:01:40.671Z","level":"info","msg":"fill ETH-USD SELL 0.0091 @ 2727.1 (maker)","intent":"quote-ask","fee":0.003102,"slipBps":-0.18,"position":-0.0182}
{"ts":"2026-09-22T05:01:40.857Z","level":"info","msg":"fill BTC-USD SELL 0.00029 @ 85342 (maker)","intent":"quote-ask","fee":0.003094,"slipBps":-0.06,"position":0}
{"ts":"2026-09-22T05:01:45.968Z","level":"info","msg":"fill ETH-USD SELL 0.0091 @ 2727.4 (maker)","intent":"quote-ask","fee":0.003102,"slipBps":-0.55,"position":-0.0273}
{"ts":"2026-09-22T05:01:46.038Z","level":"info","msg":"fill BTC-USD SELL 0.00029 @ 85349 (maker)","intent":"quote-ask","fee":0.003094,"slipBps":-0.06,"position":-0.00029}
{"ts":"2026-09-22T05:01:49.048Z","level":"info","msg":"fill BTC-USD SELL 0.00029 @ 85356 (maker)","intent":"quote-ask","fee":0.003094,"slipBps":-0.06,"position":-0.00058}
{"ts":"2026-09-22T05:01:49.284Z","level":"info","msg":"fill BTC-USD SELL 0.00029 @ 85366 (maker)","intent":"quote-ask","fee":0.003095,"slipBps":-0.06,"position":-0.00087}
{"ts":"2026-09-22T05:01:52.777Z","level":"info","msg":"fill BTC-USD BUY 0.00029 @ 85382 (maker)","intent":"quote-bid","fee":0.003095,"slipBps":-0.06,"position":-0.00058}
{"ts":"2026-09-22T05:01:53.750Z","level":"info","msg":"fill BTC-USD SELL 0.00029 @ 85382 (maker)","intent":"quote-ask","fee":0.003095,"slipBps":-0.06,"position":-0.00087}
{"ts":"2026-09-22T05:02:03.046Z","level":"info","msg":"fill ETH-USD BUY 0.0091 @ 2730.5 (maker)","intent":"quote-bid","fee":0.003106,"slipBps":-0.18,"position":-0.0182}
{"ts":"2026-09-22T05:02:05.873Z","level":"info","msg":"fill ETH-USD SELL 0.0091 @ 2730.5 (maker)","intent":"quote-ask","fee":0.003106,"slipBps":-0.18,"position":-0.0273}
{"ts":"2026-09-22T05:02:11.910Z","level":"info","msg":"fill ETH-USD BUY 0.0091 @ 2731.4 (maker)","intent":"quote-bid","fee":0.003107,"slipBps":-0.18,"position":-0.0182}
{"ts":"2026-09-22T05:02:12.744Z","level":"info","msg":"fill ETH-USD SELL 0.0091 @ 2731.4 (maker)","intent":"quote-ask","fee":0.003107,"slipBps":-0.18,"position":-0.0273}
{"ts":"2026-09-22T05:02:16.250Z","level":"info","msg":"fill ETH-USD BUY 0.0091 @ 2732.2 (maker)","intent":"quote-bid","fee":0.003108,"slipBps":-0.18,"position":-0.0182}
{"ts":"2026-09-22T05:02:17.707Z","level":"info","msg":"fill ETH-USD SELL 0.0091 @ 2732.2 (maker)","intent":"quote-ask","fee":0.003108,"slipBps":-0.37,"position":-0.0273}
{"ts":"2026-09-22T05:02:25.262Z","level":"info","msg":"fill ETH-USD BUY 0.0091 @ 2732.3 (maker)","intent":"quote-bid","fee":0.003108,"slipBps":-0.18,"position":-0.0182}
{"ts":"2026-09-22T05:02:27.104Z","level":"info","msg":"fill ETH-USD SELL 0.0091 @ 2732.3 (maker)","intent":"quote-ask","fee":0.003108,"slipBps":-0.37,"position":-0.0273}
{"ts":"2026-09-22T05:02:27.566Z","level":"info","msg":"fill BTC-USD BUY 0.00029 @ 85460 (maker)","intent":"quote-bid","fee":0.003098,"slipBps":-0.06,"position":-0.00058}
{"ts":"2026-09-22T05:02:28.115Z","level":"info","msg":"fill ETH-USD BUY 0.0091 @ 2732.2 (maker)","intent":"quote-bid","fee":0.003108,"slipBps":-0.18,"position":-0.0182}
{"ts":"2026-09-22T05:02:29.124Z","level":"info","msg":"fill ETH-USD SELL 0.0091 @ 2731.9 (maker)","intent":"quote-ask","fee":0.003108,"slipBps":-0.37,"position":-0.0273}
{"ts":"2026-09-22T05:02:36.886Z","level":"info","msg":"fill ETH-USD BUY 0.0091 @ 2732.2 (maker)","intent":"quote-bid","fee":0.003108,"slipBps":-0.18,"position":-0.0182}
{"ts":"2026-09-22T05:02:37.217Z","level":"info","msg":"fill ETH-USD BUY 0.0091 @ 2732.1 (maker)","intent":"quote-bid","fee":0.003108,"slipBps":-0.18,"position":-0.0091}
{"ts":"2026-09-22T05:02:37.528Z","level":"info","msg":"flatten start ETH-USD: position age","size":-0.0091,"phase":"passive","decisionMid":2731.95}
{"ts":"2026-09-22T05:02:41.089Z","level":"info","msg":"fill BTC-USD BUY 0.00029 @ 85457 (maker)","intent":"quote-bid","fee":0.003098,"slipBps":-0.06,"position":-0.00029}
{"ts":"2026-09-22T05:02:41.323Z","level":"info","msg":"fill ETH-USD BUY 0.0091 @ 2731.8 (maker)","intent":"flatten-post","fee":0.003107,"slipBps":-0.55,"position":0}
{"ts":"2026-09-22T05:02:41.370Z","level":"info","msg":"flatten ETH-USD -> idle","reason":"flat","size":0}
{"ts":"2026-09-22T05:02:41.989Z","level":"info","msg":"fill BTC-USD BUY 0.00029 @ 85448 (maker)","intent":"quote-bid","fee":0.003097,"slipBps":-0.06,"position":0}
{"ts":"2026-09-22T05:02:46.246Z","level":"info","msg":"fill BTC-USD BUY 0.00029 @ 85437 (maker)","intent":"quote-bid","fee":0.003097,"slipBps":-0.06,"position":0.00029}
{"ts":"2026-09-22T05:02:49.690Z","level":"info","msg":"fill ETH-USD BUY 0.0091 @ 2731.4 (maker)","intent":"quote-bid","fee":0.003107,"slipBps":-0.18,"position":0.0091}
{"ts":"2026-09-22T05:02:50.917Z","level":"info","msg":"fill ETH-USD BUY 0.0091 @ 2731.2 (maker)","intent":"quote-bid","fee":0.003107,"slipBps":-0.18,"position":0.0182}
{"ts":"2026-09-22T05:02:51.829Z","level":"info","msg":"fill ETH-USD BUY 0.0091 @ 2731.1 (maker)","intent":"quote-bid","fee":0.003107,"slipBps":-0.18,"position":0.0273}
{"ts":"2026-09-22T05:02:53.103Z","level":"info","msg":"fill BTC-USD BUY 0.00029 @ 85427 (maker)","intent":"quote-bid","fee":0.003097,"slipBps":-0.06,"position":0.00058}
{"ts":"2026-09-22T05:02:55.785Z","level":"info","msg":"fill BTC-USD BUY 0.00029 @ 85406 (maker)","intent":"quote-bid","fee":0.003096,"slipBps":-0.06,"position":0.00087}
{"ts":"2026-09-22T05:02:59.769Z","level":"info","msg":"fill ETH-USD SELL 0.0091 @ 2729.2 (maker)","intent":"quote-ask","fee":0.003104,"slipBps":-0.18,"position":0.0182}
{"ts":"2026-09-22T05:03:01.665Z","level":"info","msg":"fill BTC-USD SELL 0.00029 @ 85381 (maker)","intent":"quote-ask","fee":0.003095,"slipBps":-0.06,"position":0.00058}
{"ts":"2026-09-22T05:03:04.244Z","level":"info","msg":"fill ETH-USD SELL 0.0091 @ 2730 (maker)","intent":"quote-ask","fee":0.003105,"slipBps":-0.18,"position":0.0091}
{"ts":"2026-09-22T05:03:06.479Z","level":"info","msg":"fill BTC-USD BUY 0.00029 @ 85388 (maker)","intent":"quote-bid","fee":0.003095,"slipBps":-0.06,"position":0.00087}
{"ts":"2026-09-22T05:03:07.630Z","level":"info","msg":"fill ETH-USD BUY 0.0091 @ 2729.4 (maker)","intent":"quote-bid","fee":0.003105,"slipBps":-0.73,"position":0.0182}
{"ts":"2026-09-22T05:03:11.197Z","level":"info","msg":"fill ETH-USD SELL 0.0091 @ 2729.4 (maker)","intent":"quote-ask","fee":0.003105,"slipBps":-0.18,"position":0.0091}
{"ts":"2026-09-22T05:03:11.273Z","level":"info","msg":"fill BTC-USD SELL 0.00029 @ 85364 (maker)","intent":"quote-ask","fee":0.003094,"slipBps":-0.06,"position":0.00058}
{"ts":"2026-09-22T05:03:11.927Z","level":"info","msg":"fill ETH-USD SELL 0.0091 @ 2729.5 (maker)","intent":"quote-ask","fee":0.003105,"slipBps":-0.18,"position":0}
{"ts":"2026-09-22T05:03:19.566Z","level":"info","msg":"fill ETH-USD BUY 0.0091 @ 2729.6 (maker)","intent":"quote-bid","fee":0.003105,"slipBps":-0.18,"position":0.0091}
{"ts":"2026-09-22T05:03:20.678Z","level":"info","msg":"fill ETH-USD SELL 0.0091 @ 2729.5 (maker)","intent":"quote-ask","fee":0.003105,"slipBps":-0.18,"position":0}
{"ts":"2026-09-22T05:03:22.688Z","level":"info","msg":"fill BTC-USD SELL 0.00029 @ 85373 (maker)","intent":"quote-ask","fee":0.003095,"slipBps":-0.06,"position":0.00029}
{"ts":"2026-09-22T05:03:22.697Z","level":"info","msg":"fill ETH-USD SELL 0.0091 @ 2729.9 (maker)","intent":"quote-ask","fee":0.003105,"slipBps":-0.18,"position":-0.0091}
{"ts":"2026-09-22T05:03:23.144Z","level":"info","msg":"fill BTC-USD SELL 0.00029 @ 85393 (maker)","intent":"quote-ask","fee":0.003095,"slipBps":-0.82,"position":0}
{"ts":"2026-09-22T05:03:26.177Z","level":"info","msg":"fill ETH-USD SELL 0.0091 @ 2730.9 (maker)","intent":"quote-ask","fee":0.003106,"slipBps":-0.18,"position":-0.0182}
{"ts":"2026-09-22T05:03:29.468Z","level":"info","msg":"fill ETH-USD BUY 0.0091 @ 2730.8 (maker)","intent":"quote-bid","fee":0.003106,"slipBps":-0.18,"position":-0.0091}
{"ts":"2026-09-22T05:03:29.610Z","level":"info","msg":"fill ETH-USD BUY 0.0091 @ 2730.7 (maker)","intent":"quote-bid","fee":0.003106,"slipBps":-0.18,"position":0}
{"ts":"2026-09-22T05:03:33.341Z","level":"info","msg":"fill ETH-USD BUY 0.0091 @ 2730.6 (maker)","intent":"quote-bid","fee":0.003106,"slipBps":-0.18,"position":0.0091}
{"ts":"2026-09-22T05:03:34.604Z","level":"info","msg":"fill BTC-USD BUY 0.00029 @ 85401 (maker)","intent":"quote-bid","fee":0.003096,"slipBps":-0.06,"position":0.00029}
{"ts":"2026-09-22T05:03:34.637Z","level":"info","msg":"fill ETH-USD BUY 0.0091 @ 2730.3 (maker)","intent":"quote-bid","fee":0.003106,"slipBps":-0.18,"position":0.0182}
{"ts":"2026-09-22T05:03:42.605Z","level":"info","msg":"fill ETH-USD SELL 0.0091 @ 2730 (maker)","intent":"quote-ask","fee":0.003105,"slipBps":-0.18,"position":0.0091}
{"ts":"2026-09-22T05:03:43.288Z","level":"info","msg":"fill BTC-USD SELL 0.00029 @ 85380 (maker)","intent":"quote-ask","fee":0.003095,"slipBps":-0.06,"position":0}
{"ts":"2026-09-22T05:03:44.019Z","level":"info","msg":"fill ETH-USD SELL 0.0091 @ 2730.1 (maker)","intent":"quote-ask","fee":0.003105,"slipBps":-0.18,"position":0}
{"ts":"2026-09-22T05:03:45.194Z","level":"info","msg":"fill ETH-USD SELL 0.0091 @ 2730.2 (maker)","intent":"quote-ask","fee":0.003106,"slipBps":-0.18,"position":-0.0091}
{"ts":"2026-09-22T05:03:46.198Z","level":"info","msg":"fill ETH-USD BUY 0.0091 @ 2730.1 (maker)","intent":"quote-bid","fee":0.003105,"slipBps":-0.18,"position":0}
{"ts":"2026-09-22T05:03:49.724Z","level":"info","msg":"fill ETH-USD BUY 0.0091 @ 2729.9 (maker)","intent":"quote-bid","fee":0.003105,"slipBps":-0.18,"position":0.0091}
{"ts":"2026-09-22T05:03:50.210Z","level":"info","msg":"fill ETH-USD BUY 0.0091 @ 2729.8 (maker)","intent":"quote-bid","fee":0.003105,"slipBps":-0.18,"position":0.0182}
{"ts":"2026-09-22T05:03:50.233Z","level":"info","msg":"fill BTC-USD BUY 0.00029 @ 85391 (maker)","intent":"quote-bid","fee":0.003095,"slipBps":-0.06,"position":0.00029}
{"ts":"2026-09-22T05:03:52.592Z","level":"info","msg":"fill ETH-USD SELL 0.0091 @ 2729.4 (maker)","intent":"quote-ask","fee":0.003105,"slipBps":-0.18,"position":0.0091}
{"ts":"2026-09-22T05:03:52.868Z","level":"info","msg":"fill ETH-USD SELL 0.0091 @ 2729.6 (maker)","intent":"quote-ask","fee":0.003105,"slipBps":-0.18,"position":0}
{"ts":"2026-09-22T05:03:53.227Z","level":"info","msg":"fill ETH-USD SELL 0.0091 @ 2729.7 (maker)","intent":"quote-ask","fee":0.003105,"slipBps":-0.18,"position":-0.0091}
{"ts":"2026-09-22T05:03:54.311Z","level":"info","msg":"fill ETH-USD BUY 0.0091 @ 2729.7 (maker)","intent":"quote-bid","fee":0.003105,"slipBps":-0.18,"position":0}
{"ts":"2026-09-22T05:03:54.859Z","level":"info","msg":"fill ETH-USD BUY 0.0091 @ 2729.6 (maker)","intent":"quote-bid","fee":0.003105,"slipBps":-0.18,"position":0.0091}
{"ts":"2026-09-22T05:03:58.812Z","level":"info","msg":"fill ETH-USD BUY 0.0091 @ 2729.4 (maker)","intent":"quote-bid","fee":0.003105,"slipBps":-0.18,"position":0.0182}
{"ts":"2026-09-22T05:04:03.933Z","level":"info","msg":"fill ETH-USD BUY 0.0091 @ 2729.2 (maker)","intent":"quote-bid","fee":0.003104,"slipBps":-0.55,"position":0.0273}
{"ts":"2026-09-22T05:04:04.040Z","level":"info","msg":"fill BTC-USD BUY 0.00029 @ 85379 (maker)","intent":"quote-bid","fee":0.003095,"slipBps":-0.06,"position":0.00058}
{"ts":"2026-09-22T05:04:04.549Z","level":"info","msg":"fill BTC-USD BUY 0.00029 @ 85360 (maker)","intent":"quote-bid","fee":0.003094,"slipBps":-0.41,"position":0.00087}
{"ts":"2026-09-22T05:04:06.987Z","level":"info","msg":"fill BTC-USD SELL 0.00029 @ 85353 (maker)","intent":"quote-ask","fee":0.003094,"slipBps":-0.06,"position":0.00058}
{"ts":"2026-09-22T05:04:16.938Z","level":"info","msg":"fill BTC-USD BUY 0.00029 @ 85357 (maker)","intent":"quote-bid","fee":0.003094,"slipBps":-0.06,"position":0.00087}
{"ts":"2026-09-22T05:04:20.155Z","level":"info","msg":"fill ETH-USD SELL 0.0091 @ 2727.7 (maker)","intent":"quote-ask","fee":0.003103,"slipBps":-0.18,"position":0.0182}
{"ts":"2026-09-22T05:04:20.647Z","level":"info","msg":"fill ETH-USD SELL 0.0091 @ 2728 (maker)","intent":"quote-ask","fee":0.003103,"slipBps":-0.18,"position":0.0091}
{"ts":"2026-09-22T05:04:24.544Z","level":"info","msg":"fill BTC-USD SELL 0.00029 @ 85354 (maker)","intent":"quote-ask","fee":0.003094,"slipBps":-0.06,"position":0.00058}
{"ts":"2026-09-22T05:04:24.553Z","level":"info","msg":"fill ETH-USD SELL 0.0091 @ 2728.2 (maker)","intent":"quote-ask","fee":0.003103,"slipBps":-0.18,"position":0}
{"ts":"2026-09-22T05:04:25.823Z","level":"info","msg":"fill ETH-USD SELL 0.0091 @ 2728.4 (maker)","intent":"quote-ask","fee":0.003104,"slipBps":-0.18,"position":-0.0091}
{"ts":"2026-09-22T05:04:26.024Z","level":"info","msg":"fill BTC-USD SELL 0.00029 @ 85366 (maker)","intent":"quote-ask","fee":0.003095,"slipBps":-0.06,"position":0.00029}
{"ts":"2026-09-22T05:04:28.012Z","level":"info","msg":"fill ETH-USD SELL 0.0091 @ 2728.8 (maker)","intent":"quote-ask","fee":0.003104,"slipBps":-0.18,"position":-0.0182}
{"ts":"2026-09-22T05:04:31.074Z","level":"info","msg":"fill ETH-USD SELL 0.0091 @ 2728.9 (maker)","intent":"quote-ask","fee":0.003104,"slipBps":-0.18,"position":-0.0273}
{"ts":"2026-09-22T05:04:31.079Z","level":"info","msg":"fill BTC-USD SELL 0.00029 @ 85382 (maker)","intent":"quote-ask","fee":0.003095,"slipBps":-0.06,"position":0}
{"ts":"2026-09-22T05:04:33.641Z","level":"info","msg":"fill BTC-USD SELL 0.00029 @ 85389 (maker)","intent":"quote-ask","fee":0.003095,"slipBps":-0.06,"position":-0.00029}
{"ts":"2026-09-22T05:04:37.058Z","level":"info","msg":"fill ETH-USD BUY 0.0091 @ 2729.5 (maker)","intent":"quote-bid","fee":0.003105,"slipBps":-0.18,"position":-0.0182}
{"ts":"2026-09-22T05:04:37.956Z","level":"info","msg":"fill ETH-USD SELL 0.0091 @ 2729.5 (maker)","intent":"quote-ask","fee":0.003105,"slipBps":-0.18,"position":-0.0273}
{"ts":"2026-09-22T05:04:38.179Z","level":"info","msg":"fill BTC-USD SELL 0.00029 @ 85394 (maker)","intent":"quote-ask","fee":0.003096,"slipBps":-0.06,"position":-0.00058}
{"ts":"2026-09-22T05:04:39.322Z","level":"info","msg":"fill ETH-USD BUY 0.0091 @ 2729.5 (maker)","intent":"quote-bid","fee":0.003105,"slipBps":-0.18,"position":-0.0182}
{"ts":"2026-09-22T05:04:42.238Z","level":"info","msg":"fill ETH-USD SELL 0.0091 @ 2729.5 (maker)","intent":"quote-ask","fee":0.003105,"slipBps":-0.18,"position":-0.0273}
{"ts":"2026-09-22T05:04:45.279Z","level":"info","msg":"fill BTC-USD SELL 0.00029 @ 85395 (maker)","intent":"quote-ask","fee":0.003096,"slipBps":-0.06,"position":-0.00087}
{"ts":"2026-09-22T05:04:46.223Z","level":"info","msg":"fill ETH-USD BUY 0.0091 @ 2729.5 (maker)","intent":"quote-bid","fee":0.003105,"slipBps":-0.18,"position":-0.0182}
{"ts":"2026-09-22T05:04:46.458Z","level":"info","msg":"fill ETH-USD BUY 0.0091 @ 2729.4 (maker)","intent":"quote-bid","fee":0.003105,"slipBps":-0.18,"position":-0.0091}
{"ts":"2026-09-22T05:04:46.696Z","level":"info","msg":"fill BTC-USD BUY 0.00029 @ 85400 (maker)","intent":"quote-bid","fee":0.003096,"slipBps":-0.06,"position":-0.00058}
{"ts":"2026-09-22T05:04:47.443Z","level":"info","msg":"fill ETH-USD BUY 0.0091 @ 2729.3 (maker)","intent":"quote-bid","fee":0.003105,"slipBps":-0.18,"position":0}
{"ts":"2026-09-22T05:04:48.098Z","level":"info","msg":"fill BTC-USD BUY 0.00029 @ 85392 (maker)","intent":"quote-bid","fee":0.003095,"slipBps":-0.06,"position":-0.00029}
{"ts":"2026-09-22T05:04:48.121Z","level":"info","msg":"fill ETH-USD BUY 0.0091 @ 2729.2 (maker)","intent":"quote-bid","fee":0.003104,"slipBps":-0.18,"position":0.0091}
{"ts":"2026-09-22T05:04:48.352Z","level":"info","msg":"fill BTC-USD BUY 0.00029 @ 85374 (maker)","intent":"quote-bid","fee":0.003095,"slipBps":-0.06,"position":0}
{"ts":"2026-09-22T05:04:49.681Z","level":"info","msg":"fill BTC-USD BUY 0.00029 @ 85374 (maker)","intent":"quote-bid","fee":0.003095,"slipBps":-0.06,"position":0.00029}
{"ts":"2026-09-22T05:04:50.909Z","level":"info","msg":"fill ETH-USD BUY 0.0091 @ 2728.8 (maker)","intent":"quote-bid","fee":0.003104,"slipBps":-0.18,"position":0.0182}
{"ts":"2026-09-22T05:04:51.946Z","level":"info","msg":"fill ETH-USD BUY 0.0091 @ 2728.7 (maker)","intent":"quote-bid","fee":0.003104,"slipBps":-0.18,"position":0.0273}
{"ts":"2026-09-22T05:04:52.143Z","level":"info","msg":"fill BTC-USD BUY 0.00029 @ 85371 (maker)","intent":"quote-bid","fee":0.003095,"slipBps":-0.06,"position":0.00058}
{"ts":"2026-09-22T05:04:56.186Z","level":"info","msg":"fill ETH-USD SELL 0.0091 @ 2728.3 (maker)","intent":"quote-ask","fee":0.003103,"slipBps":-0.18,"position":0.0182}
{"ts":"2026-09-22T05:04:57.836Z","level":"info","msg":"fill ETH-USD SELL 0.0091 @ 2728.5 (maker)","intent":"quote-ask","fee":0.003104,"slipBps":-0.18,"position":0.0091}
{"ts":"2026-09-22T05:04:57.881Z","level":"info","msg":"fill BTC-USD SELL 0.00029 @ 85364 (maker)","intent":"quote-ask","fee":0.003094,"slipBps":-0.06,"position":0.00029}
{"ts":"2026-09-22T05:05:01.229Z","level":"info","msg":"fill ETH-USD BUY 0.0091 @ 2728.4 (maker)","intent":"quote-bid","fee":0.003104,"slipBps":-0.18,"position":0.0182}
{"ts":"2026-09-22T05:05:02.130Z","level":"info","msg":"fill ETH-USD BUY 0.0091 @ 2728.1 (maker)","intent":"quote-bid","fee":0.003103,"slipBps":-0.37,"position":0.0273}
{"ts":"2026-09-22T05:05:03.440Z","level":"info","msg":"fill BTC-USD BUY 0.00029 @ 85372 (maker)","intent":"quote-bid","fee":0.003095,"slipBps":-0.06,"position":0.00058}
{"ts":"2026-09-22T05:05:03.783Z","level":"info","msg":"fill BTC-USD BUY 0.00029 @ 85366 (maker)","intent":"quote-bid","fee":0.003095,"slipBps":-0.06,"position":0.00087}
{"ts":"2026-09-22T05:05:06.725Z","level":"info","msg":"fill ETH-USD SELL 0.0091 @ 2728.1 (maker)","intent":"quote-ask","fee":0.003103,"slipBps":-0.55,"position":0.0182}
{"ts":"2026-09-22T05:05:06.850Z","level":"info","msg":"fill BTC-USD SELL 0.00029 @ 85363 (maker)","intent":"quote-ask","fee":0.003094,"slipBps":-0.06,"position":0.00058}
{"ts":"2026-09-22T05:05:08.383Z","level":"info","msg":"fill ETH-USD BUY 0.0091 @ 2728.1 (maker)","intent":"quote-bid","fee":0.003103,"slipBps":-0.55,"position":0.0273}
{"ts":"2026-09-22T05:05:08.397Z","level":"info","msg":"fill BTC-USD BUY 0.00029 @ 85370 (maker)","intent":"quote-bid","fee":0.003095,"slipBps":-0.06,"position":0.00087}
{"ts":"2026-09-22T05:05:12.354Z","level":"info","msg":"fill BTC-USD SELL 0.00029 @ 85351 (maker)","intent":"quote-ask","fee":0.003094,"slipBps":-0.06,"position":0.00058}
{"ts":"2026-09-22T05:05:13.386Z","level":"info","msg":"fill ETH-USD SELL 0.0091 @ 2727.6 (maker)","intent":"quote-ask","fee":0.003103,"slipBps":-0.55,"position":0.0182}
{"ts":"2026-09-22T05:05:14.982Z","level":"info","msg":"fill BTC-USD SELL 0.00029 @ 85358 (maker)","intent":"quote-ask","fee":0.003094,"slipBps":-0.06,"position":0.00029}
{"ts":"2026-09-22T05:05:15.133Z","level":"info","msg":"fill ETH-USD SELL 0.0091 @ 2727.9 (maker)","intent":"quote-ask","fee":0.003103,"slipBps":-0.18,"position":0.0091}
{"ts":"2026-09-22T05:05:15.781Z","level":"info","msg":"fill ETH-USD SELL 0.0091 @ 2728 (maker)","intent":"quote-ask","fee":0.003103,"slipBps":-0.18,"position":0}
{"ts":"2026-09-22T05:05:16.696Z","level":"info","msg":"fill ETH-USD SELL 0.0091 @ 2728.2 (maker)","intent":"quote-ask","fee":0.003103,"slipBps":-0.37,"position":-0.0091}
{"ts":"2026-09-22T05:05:17.607Z","level":"info","msg":"fill BTC-USD SELL 0.00029 @ 85366 (maker)","intent":"quote-ask","fee":0.003095,"slipBps":-0.06,"position":0}
{"ts":"2026-09-22T05:05:17.836Z","level":"info","msg":"fill ETH-USD SELL 0.0091 @ 2728.4 (maker)","intent":"quote-ask","fee":0.003104,"slipBps":-0.18,"position":-0.0182}
{"ts":"2026-09-22T05:05:18.251Z","level":"info","msg":"fill ETH-USD BUY 0.0091 @ 2728.4 (maker)","intent":"quote-bid","fee":0.003104,"slipBps":-0.18,"position":-0.0091}
{"ts":"2026-09-22T05:05:18.833Z","level":"info","msg":"fill BTC-USD BUY 0.00029 @ 85371 (maker)","intent":"quote-bid","fee":0.003095,"slipBps":-0.06,"position":0.00029}
{"ts":"2026-09-22T05:05:18.913Z","level":"info","msg":"fill ETH-USD BUY 0.0091 @ 2728.3 (maker)","intent":"quote-bid","fee":0.003103,"slipBps":0.18,"position":0}
{"ts":"2026-09-22T05:05:19.386Z","level":"info","msg":"fill BTC-USD BUY 0.00029 @ 85365 (maker)","intent":"quote-bid","fee":0.003094,"slipBps":-0.06,"position":0.00058}
{"ts":"2026-09-22T05:05:25.078Z","level":"info","msg":"fill ETH-USD SELL 0.0091 @ 2727.7 (maker)","intent":"quote-ask","fee":0.003103,"slipBps":-0.18,"position":-0.0091}
{"ts":"2026-09-22T05:05:27.082Z","level":"info","msg":"fill ETH-USD BUY 0.0091 @ 2727.8 (maker)","intent":"quote-bid","fee":0.003103,"slipBps":-0.18,"position":0}
{"ts":"2026-09-22T05:05:28.602Z","level":"info","msg":"fill ETH-USD SELL 0.0091 @ 2727.9 (maker)","intent":"quote-ask","fee":0.003103,"slipBps":-0.18,"position":-0.0091}
{"ts":"2026-09-22T05:05:29.971Z","level":"info","msg":"fill ETH-USD SELL 0.0091 @ 2728.1 (maker)","intent":"quote-ask","fee":0.003103,"slipBps":-0.18,"position":-0.0182}
{"ts":"2026-09-22T05:05:30.011Z","level":"info","msg":"fill BTC-USD SELL 0.00029 @ 85364 (maker)","intent":"quote-ask","fee":0.003094,"slipBps":-0.06,"position":0.00029}
{"ts":"2026-09-22T05:05:31.015Z","level":"info","msg":"fill ETH-USD BUY 0.0091 @ 2728.2 (maker)","intent":"quote-bid","fee":0.003103,"slipBps":-0.18,"position":-0.0091}
{"ts":"2026-09-22T05:05:33.582Z","level":"info","msg":"fill ETH-USD BUY 0.0091 @ 2728 (maker)","intent":"quote-bid","fee":0.003103,"slipBps":-0.18,"position":0}
{"ts":"2026-09-22T05:05:33.830Z","level":"info","msg":"fill ETH-USD BUY 0.0091 @ 2727.8 (maker)","intent":"quote-bid","fee":0.003103,"slipBps":-0.55,"position":0.0091}
{"ts":"2026-09-22T05:05:40.951Z","level":"info","msg":"fill ETH-USD SELL 0.0091 @ 2727.8 (maker)","intent":"quote-ask","fee":0.003103,"slipBps":-0.18,"position":0}
{"ts":"2026-09-22T05:05:40.997Z","level":"info","msg":"fill BTC-USD SELL 0.00029 @ 85372 (maker)","intent":"quote-ask","fee":0.003095,"slipBps":-0.06,"position":0}
{"ts":"2026-09-22T05:05:41.181Z","level":"info","msg":"fill ETH-USD SELL 0.0091 @ 2728.3 (maker)","intent":"quote-ask","fee":0.003103,"slipBps":-0.18,"position":-0.0091}
{"ts":"2026-09-22T05:05:41.896Z","level":"info","msg":"fill ETH-USD SELL 0.0091 @ 2728.4 (maker)","intent":"quote-ask","fee":0.003104,"slipBps":-0.18,"position":-0.0182}
{"ts":"2026-09-22T05:05:42.170Z","level":"info","msg":"fill BTC-USD SELL 0.00029 @ 85382 (maker)","intent":"quote-ask","fee":0.003095,"slipBps":-0.06,"position":-0.00029}
{"ts":"2026-09-22T05:05:42.284Z","level":"info","msg":"fill ETH-USD SELL 0.0091 @ 2728.7 (maker)","intent":"quote-ask","fee":0.003104,"slipBps":-0.18,"position":-0.0273}
{"ts":"2026-09-22T05:05:59.885Z","level":"info","msg":"fill ETH-USD BUY 0.0091 @ 2728.9 (maker)","intent":"quote-bid","fee":0.003104,"slipBps":-0.18,"position":-0.0182}
{"ts":"2026-09-22T05:06:00.785Z","level":"info","msg":"fill ETH-USD SELL 0.0091 @ 2728.9 (maker)","intent":"quote-ask","fee":0.003104,"slipBps":-0.18,"position":-0.0273}
{"ts":"2026-09-22T05:06:04.082Z","level":"info","msg":"fill ETH-USD BUY 0.0091 @ 2728.9 (maker)","intent":"quote-bid","fee":0.003104,"slipBps":-0.18,"position":-0.0182}
{"ts":"2026-09-22T05:06:04.941Z","level":"info","msg":"fill ETH-USD BUY 0.0091 @ 2728.6 (maker)","intent":"quote-bid","fee":0.003104,"slipBps":-0.18,"position":-0.0091}
{"ts":"2026-09-22T05:06:04.950Z","level":"info","msg":"fill BTC-USD BUY 0.00029 @ 85389 (maker)","intent":"quote-bid","fee":0.003095,"slipBps":-0.06,"position":0}
{"ts":"2026-09-22T05:06:07.499Z","level":"info","msg":"fill BTC-USD SELL 0.00029 @ 85382 (maker)","intent":"quote-ask","fee":0.003095,"slipBps":-0.06,"position":-0.00029}
{"ts":"2026-09-22T05:06:08.524Z","level":"info","msg":"fill ETH-USD SELL 0.0091 @ 2728.7 (maker)","intent":"quote-ask","fee":0.003104,"slipBps":-0.18,"position":-0.0182}
{"ts":"2026-09-22T05:06:15.090Z","level":"info","msg":"fill ETH-USD SELL 0.0091 @ 2728.8 (maker)","intent":"quote-ask","fee":0.003104,"slipBps":-0.18,"position":-0.0273}
{"ts":"2026-09-22T05:06:15.175Z","level":"info","msg":"fill BTC-USD SELL 0.00029 @ 85388 (maker)","intent":"quote-ask","fee":0.003095,"slipBps":-0.06,"position":-0.00058}
{"ts":"2026-09-22T05:06:19.262Z","level":"info","msg":"fill BTC-USD SELL 0.00029 @ 85390 (maker)","intent":"quote-ask","fee":0.003095,"slipBps":-0.06,"position":-0.00087}
{"ts":"2026-09-22T05:06:20.556Z","level":"info","msg":"fill BTC-USD BUY 0.00029 @ 85413 (maker)","intent":"quote-bid","fee":0.003096,"slipBps":-0.06,"position":-0.00058}
{"ts":"2026-09-22T05:06:24.856Z","level":"info","msg":"fill BTC-USD BUY 0.00029 @ 85410 (maker)","intent":"quote-bid","fee":0.003096,"slipBps":-0.06,"position":-0.00029}
{"ts":"2026-09-22T05:06:24.910Z","level":"info","msg":"fill ETH-USD BUY 0.0091 @ 2729.7 (maker)","intent":"quote-bid","fee":0.003105,"slipBps":-0.55,"position":-0.0182}
{"ts":"2026-09-22T05:06:25.822Z","level":"info","msg":"fill ETH-USD SELL 0.0091 @ 2729.4 (maker)","intent":"quote-ask","fee":0.003105,"slipBps":-0.18,"position":-0.0273}
{"ts":"2026-09-22T05:06:28.181Z","level":"info","msg":"fill BTC-USD BUY 0.00029 @ 85404 (maker)","intent":"quote-bid","fee":0.003096,"slipBps":-0.12,"position":0}
{"ts":"2026-09-22T05:06:28.342Z","level":"info","msg":"fill BTC-USD SELL 0.00029 @ 85405 (maker)","intent":"quote-ask","fee":0.003096,"slipBps":-0.06,"position":-0.00029}
{"ts":"2026-09-22T05:06:33.221Z","level":"info","msg":"fill BTC-USD SELL 0.00029 @ 85420 (maker)","intent":"quote-ask","fee":0.003096,"slipBps":-0.06,"position":-0.00058}
{"ts":"2026-09-22T05:06:34.833Z","level":"info","msg":"fill ETH-USD BUY 0.0091 @ 2730.3 (maker)","intent":"quote-bid","fee":0.003106,"slipBps":-0.18,"position":-0.0182}
{"ts":"2026-09-22T05:06:35.007Z","level":"info","msg":"fill BTC-USD BUY 0.00029 @ 85431 (maker)","intent":"quote-bid","fee":0.003097,"slipBps":-0.06,"position":-0.00029}
{"ts":"2026-09-22T05:06:41.269Z","level":"info","msg":"flatten start ETH-USD: position age","size":-0.0182,"phase":"passive","decisionMid":2730.1499999999996}
{"ts":"2026-09-22T05:06:47.816Z","level":"info","msg":"fill BTC-USD SELL 0.00029 @ 85431 (maker)","intent":"quote-ask","fee":0.003097,"slipBps":-0.06,"position":-0.00058}
{"ts":"2026-09-22T05:06:50.457Z","level":"info","msg":"fill BTC-USD SELL 0.00029 @ 85440 (maker)","intent":"quote-ask","fee":0.003097,"slipBps":-0.06,"position":-0.00087}
{"ts":"2026-09-22T05:06:52.907Z","level":"info","msg":"fill BTC-USD BUY 0.00029 @ 85447 (maker)","intent":"quote-bid","fee":0.003097,"slipBps":-0.06,"position":-0.00058}
{"ts":"2026-09-22T05:06:53.066Z","level":"info","msg":"fill ETH-USD BUY 0.0182 @ 2730.9 (maker)","intent":"flatten-post","fee":0.006213,"slipBps":2.75,"position":0}
{"ts":"2026-09-22T05:06:53.204Z","level":"info","msg":"fill BTC-USD BUY 0.00029 @ 85446 (maker)","intent":"quote-bid","fee":0.003097,"slipBps":-0.06,"position":-0.00029}
{"ts":"2026-09-22T05:06:53.263Z","level":"info","msg":"flatten ETH-USD -> idle","reason":"flat","size":0}
{"ts":"2026-09-22T05:07:01.982Z","level":"info","msg":"fill BTC-USD BUY 0.00029 @ 85439 (maker)","intent":"quote-bid","fee":0.003097,"slipBps":-0.06,"position":0}
{"ts":"2026-09-22T05:07:02.364Z","level":"info","msg":"fill ETH-USD SELL 0.0091 @ 2730.7 (maker)","intent":"quote-ask","fee":0.003106,"slipBps":-0.18,"position":-0.0091}
{"ts":"2026-09-22T05:07:04.691Z","level":"info","msg":"fill ETH-USD SELL 0.0091 @ 2731 (maker)","intent":"quote-ask","fee":0.003107,"slipBps":-0.37,"position":-0.0182}
{"ts":"2026-09-22T05:07:07.862Z","level":"info","msg":"fill BTC-USD SELL 0.00029 @ 85439 (maker)","intent":"quote-ask","fee":0.003097,"slipBps":-0.06,"position":-0.00029}
{"ts":"2026-09-22T05:07:09.070Z","level":"info","msg":"fill ETH-USD SELL 0.0091 @ 2731.3 (maker)","intent":"quote-ask","fee":0.003107,"slipBps":-0.18,"position":-0.0273}
{"ts":"2026-09-22T05:07:19.398Z","level":"info","msg":"fill ETH-USD BUY 0.0091 @ 2731.5 (maker)","intent":"quote-bid","fee":0.003107,"slipBps":-0.73,"position":-0.0182}
{"ts":"2026-09-22T05:07:19.973Z","level":"info","msg":"fill ETH-USD BUY 0.0091 @ 2731.3 (maker)","intent":"quote-bid","fee":0.003107,"slipBps":-0.18,"position":-0.0091}
{"ts":"2026-09-22T05:07:20.253Z","level":"info","msg":"fill BTC-USD BUY 0.00029 @ 85448 (maker)","intent":"quote-bid","fee":0.003097,"slipBps":-0.06,"position":0}
{"ts":"2026-09-22T05:07:20.800Z","level":"info","msg":"fill BTC-USD SELL 0.00029 @ 85449 (maker)","intent":"quote-ask","fee":0.003098,"slipBps":-0.06,"position":-0.00029}
{"ts":"2026-09-22T05:07:21.610Z","level":"info","msg":"fill ETH-USD SELL 0.0091 @ 2731.6 (maker)","intent":"quote-ask","fee":0.003107,"slipBps":-0.55,"position":-0.0182}
{"ts":"2026-09-22T05:07:21.780Z","level":"info","msg":"fill BTC-USD SELL 0.00029 @ 85457 (maker)","intent":"quote-ask","fee":0.003098,"slipBps":-0.06,"position":-0.00058}
{"ts":"2026-09-22T05:07:25.779Z","level":"info","msg":"fill ETH-USD SELL 0.0091 @ 2731.6 (maker)","intent":"quote-ask","fee":0.003107,"slipBps":-0.18,"position":-0.0273}
{"ts":"2026-09-22T05:07:28.773Z","level":"info","msg":"fill BTC-USD SELL 0.00029 @ 85467 (maker)","intent":"quote-ask","fee":0.003098,"slipBps":-0.06,"position":-0.00087}
{"ts":"2026-09-22T05:07:29.747Z","level":"info","msg":"fill ETH-USD BUY 0.0091 @ 2732.2 (maker)","intent":"quote-bid","fee":0.003108,"slipBps":-0.37,"position":-0.0182}
{"ts":"2026-09-22T05:07:30.559Z","level":"info","msg":"fill BTC-USD BUY 0.00029 @ 85475 (maker)","intent":"quote-bid","fee":0.003098,"slipBps":-0.06,"position":-0.00058}
{"ts":"2026-09-22T05:07:30.673Z","level":"info","msg":"fill ETH-USD BUY 0.0091 @ 2732.1 (maker)","intent":"quote-bid","fee":0.003108,"slipBps":-0.18,"position":-0.0091}
{"ts":"2026-09-22T05:07:33.287Z","level":"info","msg":"fill BTC-USD BUY 0.00029 @ 85469 (maker)","intent":"quote-bid","fee":0.003098,"slipBps":-0.06,"position":-0.00029}
{"ts":"2026-09-22T05:07:36.736Z","level":"info","msg":"fill BTC-USD BUY 0.00029 @ 85468 (maker)","intent":"quote-bid","fee":0.003098,"slipBps":-0.06,"position":0}
{"ts":"2026-09-22T05:07:36.980Z","level":"info","msg":"fill ETH-USD BUY 0.0091 @ 2732 (maker)","intent":"quote-bid","fee":0.003108,"slipBps":-0.37,"position":0}
{"ts":"2026-09-22T05:07:36.986Z","level":"info","msg":"fill BTC-USD BUY 0.00029 @ 85466 (maker)","intent":"quote-bid","fee":0.003098,"slipBps":-0.12,"position":0.00029}
{"ts":"2026-09-22T05:07:37.477Z","level":"info","msg":"fill ETH-USD BUY 0.0091 @ 2731.6 (maker)","intent":"quote-bid","fee":0.003107,"slipBps":-0.18,"position":0.0091}
{"ts":"2026-09-22T05:07:37.657Z","level":"info","msg":"fill ETH-USD SELL 0.0091 @ 2731.7 (maker)","intent":"quote-ask","fee":0.003107,"slipBps":-0.55,"position":0}
{"ts":"2026-09-22T05:07:38.519Z","level":"info","msg":"fill BTC-USD SELL 0.00029 @ 85455 (maker)","intent":"quote-ask","fee":0.003098,"slipBps":-0.06,"position":0}
{"ts":"2026-09-22T05:07:42.712Z","level":"info","msg":"fill ETH-USD BUY 0.0091 @ 2731.8 (maker)","intent":"quote-bid","fee":0.003107,"slipBps":-0.18,"position":0.0091}
{"ts":"2026-09-22T05:07:43.945Z","level":"info","msg":"fill BTC-USD BUY 0.00029 @ 85462 (maker)","intent":"quote-bid","fee":0.003098,"slipBps":-0.06,"position":0.00029}
{"ts":"2026-09-22T05:07:43.998Z","level":"info","msg":"fill ETH-USD BUY 0.0091 @ 2731.5 (maker)","intent":"quote-bid","fee":0.003107,"slipBps":-0.37,"position":0.0182}
{"ts":"2026-09-22T05:07:47.647Z","level":"info","msg":"fill BTC-USD BUY 0.00029 @ 85454 (maker)","intent":"quote-bid","fee":0.003098,"slipBps":-0.06,"position":0.00058}
{"ts":"2026-09-22T05:07:47.888Z","level":"info","msg":"fill BTC-USD BUY 0.00029 @ 85452 (maker)","intent":"quote-bid","fee":0.003098,"slipBps":-0.06,"position":0.00087}
{"ts":"2026-09-22T05:07:49.820Z","level":"info","msg":"fill ETH-USD BUY 0.0091 @ 2731.4 (maker)","intent":"quote-bid","fee":0.003107,"slipBps":-0.18,"position":0.0273}
{"ts":"2026-09-22T05:07:51.572Z","level":"info","msg":"fill ETH-USD SELL 0.0091 @ 2731 (maker)","intent":"quote-ask","fee":0.003107,"slipBps":-0.18,"position":0.0182}
{"ts":"2026-09-22T05:08:02.567Z","level":"info","msg":"fill ETH-USD BUY 0.0091 @ 2731.1 (maker)","intent":"quote-bid","fee":0.003107,"slipBps":-0.18,"position":0.0273}
{"ts":"2026-09-22T05:08:05.314Z","level":"info","msg":"fill ETH-USD SELL 0.0091 @ 2730 (maker)","intent":"quote-ask","fee":0.003105,"slipBps":-0.18,"position":0.0182}
{"ts":"2026-09-22T05:08:05.640Z","level":"info","msg":"fill BTC-USD SELL 0.00029 @ 85419 (maker)","intent":"quote-ask","fee":0.003096,"slipBps":-0.06,"position":0.00058}
{"ts":"2026-09-22T05:08:07.330Z","level":"info","msg":"fill ETH-USD BUY 0.0091 @ 2730.4 (maker)","intent":"quote-bid","fee":0.003106,"slipBps":-0.18,"position":0.0273}
{"ts":"2026-09-22T05:08:08.520Z","level":"info","msg":"fill BTC-USD SELL 0.00029 @ 85428 (maker)","intent":"quote-ask","fee":0.003097,"slipBps":-0.06,"position":0.00029}
{"ts":"2026-09-22T05:08:08.534Z","level":"info","msg":"fill ETH-USD SELL 0.0091 @ 2730.3 (maker)","intent":"quote-ask","fee":0.003106,"slipBps":-0.18,"position":0.0182}
{"ts":"2026-09-22T05:08:10.107Z","level":"info","msg":"fill ETH-USD SELL 0.0091 @ 2731.3 (maker)","intent":"quote-ask","fee":0.003107,"slipBps":-0.73,"position":0.0091}
{"ts":"2026-09-22T05:08:10.317Z","level":"info","msg":"fill BTC-USD SELL 0.00029 @ 85463 (maker)","intent":"quote-ask","fee":0.003098,"slipBps":-0.06,"position":0}
{"ts":"2026-09-22T05:08:11.886Z","level":"info","msg":"fill ETH-USD BUY 0.0091 @ 2731.6 (maker)","intent":"quote-bid","fee":0.003107,"slipBps":-0.18,"position":0.0182}
{"ts":"2026-09-22T05:08:19.883Z","level":"info","msg":"fill ETH-USD SELL 0.0091 @ 2731.4 (maker)","intent":"quote-ask","fee":0.003107,"slipBps":-0.18,"position":0.0091}
{"ts":"2026-09-22T05:08:23.487Z","level":"info","msg":"fill ETH-USD SELL 0.0091 @ 2731.6 (maker)","intent":"quote-ask","fee":0.003107,"slipBps":-0.18,"position":0}
{"ts":"2026-09-22T05:08:25.459Z","level":"info","msg":"fill ETH-USD SELL 0.0091 @ 2731.7 (maker)","intent":"quote-ask","fee":0.003107,"slipBps":-0.18,"position":-0.0091}
{"ts":"2026-09-22T05:08:34.590Z","level":"info","msg":"fill ETH-USD BUY 0.0091 @ 2731.7 (maker)","intent":"quote-bid","fee":0.003107,"slipBps":-0.18,"position":0}
{"ts":"2026-09-22T05:08:35.360Z","level":"info","msg":"fill ETH-USD BUY 0.0091 @ 2731.6 (maker)","intent":"quote-bid","fee":0.003107,"slipBps":-0.18,"position":0.0091}
{"ts":"2026-09-22T05:08:37.343Z","level":"info","msg":"fill ETH-USD BUY 0.0091 @ 2731.2 (maker)","intent":"quote-bid","fee":0.003107,"slipBps":-0.18,"position":0.0182}
{"ts":"2026-09-22T05:08:37.367Z","level":"info","msg":"fill BTC-USD BUY 0.00029 @ 85470 (maker)","intent":"quote-bid","fee":0.003098,"slipBps":-0.06,"position":0.00029}
{"ts":"2026-09-22T05:08:39.152Z","level":"info","msg":"fill BTC-USD BUY 0.00029 @ 85465 (maker)","intent":"quote-bid","fee":0.003098,"slipBps":-0.06,"position":0.00058}
{"ts":"2026-09-22T05:08:39.284Z","level":"info","msg":"fill ETH-USD BUY 0.0091 @ 2731.1 (maker)","intent":"quote-bid","fee":0.003107,"slipBps":-0.18,"position":0.0273}
{"ts":"2026-09-22T05:08:40.285Z","level":"info","msg":"fill ETH-USD SELL 0.0091 @ 2730.9 (maker)","intent":"quote-ask","fee":0.003106,"slipBps":-0.18,"position":0.0182}
{"ts":"2026-09-22T05:08:40.780Z","level":"info","msg":"fill ETH-USD BUY 0.0091 @ 2731 (maker)","intent":"quote-bid","fee":0.003107,"slipBps":-0.18,"position":0.0273}
{"ts":"2026-09-22T05:08:41.510Z","level":"info","msg":"fill ETH-USD SELL 0.0091 @ 2731.1 (maker)","intent":"quote-ask","fee":0.003107,"slipBps":-0.18,"position":0.0182}
{"ts":"2026-09-22T05:08:41.783Z","level":"info","msg":"fill BTC-USD BUY 0.00029 @ 85463 (maker)","intent":"quote-bid","fee":0.003098,"slipBps":-0.06,"position":0.00087}
{"ts":"2026-09-22T05:08:42.502Z","level":"info","msg":"fill ETH-USD SELL 0.0091 @ 2731.2 (maker)","intent":"quote-ask","fee":0.003107,"slipBps":0.55,"position":0.0091}
{"ts":"2026-09-22T05:08:44.188Z","level":"info","msg":"fill ETH-USD SELL 0.0091 @ 2731.2 (maker)","intent":"quote-ask","fee":0.003107,"slipBps":-0.18,"position":0}
{"ts":"2026-09-22T05:08:44.554Z","level":"info","msg":"fill ETH-USD SELL 0.0091 @ 2731.3 (maker)","intent":"quote-ask","fee":0.003107,"slipBps":-0.18,"position":-0.0091}
{"ts":"2026-09-22T05:08:47.207Z","level":"info","msg":"fill BTC-USD SELL 0.00029 @ 85458 (maker)","intent":"quote-ask","fee":0.003098,"slipBps":-0.06,"position":0.00058}
{"ts":"2026-09-22T05:08:47.314Z","level":"info","msg":"fill ETH-USD SELL 0.0091 @ 2731.5 (maker)","intent":"quote-ask","fee":0.003107,"slipBps":-0.55,"position":-0.0182}
{"ts":"2026-09-22T05:08:53.199Z","level":"info","msg":"fill BTC-USD SELL 0.00029 @ 85463 (maker)","intent":"quote-ask","fee":0.003098,"slipBps":0.47,"position":0.00029}
{"ts":"2026-09-22T05:08:53.314Z","level":"info","msg":"fill ETH-USD SELL 0.0091 @ 2731.5 (maker)","intent":"quote-ask","fee":0.003107,"slipBps":-0.18,"position":-0.0273}
{"ts":"2026-09-22T05:09:04.587Z","level":"info","msg":"fill BTC-USD BUY 0.00029 @ 85470 (maker)","intent":"quote-bid","fee":0.003098,"slipBps":-0.06,"position":0.00058}
{"ts":"2026-09-22T05:09:04.710Z","level":"info","msg":"fill ETH-USD BUY 0.0091 @ 2731.5 (maker)","intent":"quote-bid","fee":0.003107,"slipBps":-0.18,"position":-0.0182}
{"ts":"2026-09-22T05:09:05.790Z","level":"info","msg":"fill ETH-USD SELL 0.0091 @ 2731.1 (maker)","intent":"quote-ask","fee":0.003107,"slipBps":-0.18,"position":-0.0273}
{"ts":"2026-09-22T05:09:06.435Z","level":"info","msg":"fill BTC-USD SELL 0.00029 @ 85464 (maker)","intent":"quote-ask","fee":0.003098,"slipBps":-0.06,"position":0.00029}
{"ts":"2026-09-22T05:09:16.906Z","level":"info","msg":"fill ETH-USD BUY 0.0091 @ 2731.9 (maker)","intent":"quote-bid","fee":0.003108,"slipBps":-0.18,"position":-0.0182}
{"ts":"2026-09-22T05:09:18.576Z","level":"info","msg":"fill ETH-USD BUY 0.0091 @ 2731.8 (maker)","intent":"quote-bid","fee":0.003107,"slipBps":-0.18,"position":-0.0091}
{"ts":"2026-09-22T05:09:21.835Z","level":"info","msg":"fill ETH-USD BUY 0.0091 @ 2731.7 (maker)","intent":"quote-bid","fee":0.003107,"slipBps":-0.18,"position":0}
{"ts":"2026-09-22T05:09:21.890Z","level":"info","msg":"fill BTC-USD BUY 0.00029 @ 85469 (maker)","intent":"quote-bid","fee":0.003098,"slipBps":-0.06,"position":0.00058}
{"ts":"2026-09-22T05:09:24.694Z","level":"info","msg":"fill BTC-USD BUY 0.00029 @ 85455 (maker)","intent":"quote-bid","fee":0.003098,"slipBps":-0.06,"position":0.00087}
{"ts":"2026-09-22T05:09:24.785Z","level":"info","msg":"fill ETH-USD BUY 0.0091 @ 2730.6 (maker)","intent":"quote-bid","fee":0.003106,"slipBps":-0.18,"position":0.0091}
{"ts":"2026-09-22T05:09:25.101Z","level":"info","msg":"fill ETH-USD BUY 0.0091 @ 2730.2 (maker)","intent":"quote-bid","fee":0.003106,"slipBps":-0.18,"position":0.0182}
{"ts":"2026-09-22T05:09:25.572Z","level":"info","msg":"fill ETH-USD BUY 0.0091 @ 2730.1 (maker)","intent":"quote-bid","fee":0.003105,"slipBps":-0.18,"position":0.0273}
{"ts":"2026-09-22T05:09:29.656Z","level":"info","msg":"fill ETH-USD SELL 0.0091 @ 2729.8 (maker)","intent":"quote-ask","fee":0.003105,"slipBps":-0.18,"position":0.0182}
{"ts":"2026-09-22T05:09:30.190Z","level":"info","msg":"fill ETH-USD BUY 0.0091 @ 2729.8 (maker)","intent":"quote-bid","fee":0.003105,"slipBps":-0.18,"position":0.0273}
{"ts":"2026-09-22T05:09:32.799Z","level":"info","msg":"summary (periodic)\n[dry] 2026-09-22  volume $10075.20 (401 fills; maker $9976.12 / taker $99.08)\n  cost per $1: 0.000232  (= $232.49 per $1M)   net cost $2.3423   net P&L $-2.3423\n  maker fees $1.2470  taker fees $0.0396  funding $0.0012  slippage $-0.1600  inventory drift $-1.2144\n  budget $1.1279/$10.00  margin $14.88  max DD $2.3423  flattens 7 (avg slip 0.43 bps)  min liq dist 9.0%\n  $1M tier: ~1.0 days at this pace, ~$232.49 total cost"}
{"ts":"2026-09-22T05:09:32.800Z","level":"info","msg":"position BTC-USD 0.00087 @ 85464; liq 77772.24 (8.95% away)"}
{"ts":"2026-09-22T05:09:32.804Z","level":"info","msg":"position ETH-USD 0.0273 @ 2730.13; liq 2484.42 (8.97% away)"}
{"ts":"2026-09-22T05:09:35.514Z","level":"info","msg":"fill BTC-USD SELL 0.00029 @ 85422 (maker)","intent":"quote-ask","fee":0.003097,"slipBps":-0.06,"position":0.00058}
{"ts":"2026-09-22T05:09:35.561Z","level":"info","msg":"fill ETH-USD SELL 0.0091 @ 2729.3 (maker)","intent":"quote-ask","fee":0.003105,"slipBps":-0.73,"position":0.0182}
{"ts":"2026-09-22T05:09:37.384Z","level":"info","msg":"flatten start BTC-USD: position age","size":0.00058,"phase":"passive","decisionMid":85425.5}
{"ts":"2026-09-22T05:09:38.097Z","level":"info","msg":"fill ETH-USD SELL 0.0091 @ 2729.4 (maker)","intent":"quote-ask","fee":0.003105,"slipBps":-0.92,"position":0.0091}
{"ts":"2026-09-22T05:09:38.104Z","level":"info","msg":"fill BTC-USD SELL 0.00058 @ 85426 (maker)","intent":"flatten-post","fee":0.006193,"slipBps":-0.06,"position":0}
{"ts":"2026-09-22T05:09:38.199Z","level":"info","msg":"flatten BTC-USD -> idle","reason":"flat","size":0}
{"ts":"2026-09-22T05:09:38.589Z","level":"info","msg":"fill BTC-USD BUY 0.00029 @ 85436 (maker)","intent":"quote-bid","fee":0.003097,"slipBps":-0.06,"position":0.00029}
{"ts":"2026-09-22T05:09:38.785Z","level":"info","msg":"fill ETH-USD BUY 0.0091 @ 2729.1 (maker)","intent":"quote-bid","fee":0.003104,"slipBps":-0.55,"position":0.0182}
{"ts":"2026-09-22T05:09:40.451Z","level":"info","msg":"fill ETH-USD SELL 0.0091 @ 2729 (maker)","intent":"quote-ask","fee":0.003104,"slipBps":-0.18,"position":0.0091}
{"ts":"2026-09-22T05:09:43.142Z","level":"info","msg":"fill ETH-USD SELL 0.0091 @ 2729.1 (maker)","intent":"quote-ask","fee":0.003104,"slipBps":-0.18,"position":0}
{"ts":"2026-09-22T05:09:45.875Z","level":"info","msg":"fill ETH-USD SELL 0.0091 @ 2729.2 (maker)","intent":"quote-ask","fee":0.003104,"slipBps":-0.18,"position":-0.0091}
{"ts":"2026-09-22T05:09:47.681Z","level":"info","msg":"fill ETH-USD SELL 0.0091 @ 2729.3 (maker)","intent":"quote-ask","fee":0.003105,"slipBps":-0.18,"position":-0.0182}
{"ts":"2026-09-22T05:09:48.127Z","level":"info","msg":"fill BTC-USD SELL 0.00029 @ 85427 (maker)","intent":"quote-ask","fee":0.003097,"slipBps":-0.06,"position":0}
{"ts":"2026-09-22T05:09:48.575Z","level":"info","msg":"fill ETH-USD SELL 0.0091 @ 2729.9 (maker)","intent":"quote-ask","fee":0.003105,"slipBps":-0.73,"position":-0.0273}
{"ts":"2026-09-22T05:09:50.603Z","level":"info","msg":"fill ETH-USD BUY 0.0091 @ 2730.1 (maker)","intent":"quote-bid","fee":0.003105,"slipBps":0.18,"position":-0.0182}
{"ts":"2026-09-22T05:09:51.193Z","level":"info","msg":"fill ETH-USD BUY 0.0091 @ 2730 (maker)","intent":"quote-bid","fee":0.003105,"slipBps":-0.18,"position":-0.0091}
{"ts":"2026-09-22T05:09:52.486Z","level":"info","msg":"fill ETH-USD SELL 0.0091 @ 2730 (maker)","intent":"quote-ask","fee":0.003105,"slipBps":-0.37,"position":-0.0182}
{"ts":"2026-09-22T05:10:00.429Z","level":"info","msg":"fill ETH-USD SELL 0.0091 @ 2730.1 (maker)","intent":"quote-ask","fee":0.003105,"slipBps":-0.18,"position":-0.0273}
{"ts":"2026-09-22T05:10:05.713Z","level":"info","msg":"fill ETH-USD BUY 0.0091 @ 2730.2 (maker)","intent":"quote-bid","fee":0.003106,"slipBps":-0.18,"position":-0.0182}
{"ts":"2026-09-22T05:10:06.299Z","level":"info","msg":"fill ETH-USD SELL 0.0091 @ 2730.2 (maker)","intent":"quote-ask","fee":0.003106,"slipBps":-0.18,"position":-0.0273}
{"ts":"2026-09-22T05:10:08.642Z","level":"info","msg":"fill ETH-USD BUY 0.0091 @ 2730.3 (maker)","intent":"quote-bid","fee":0.003106,"slipBps":-0.18,"position":-0.0182}
{"ts":"2026-09-22T05:10:10.488Z","level":"info","msg":"fill BTC-USD BUY 0.00029 @ 85435 (maker)","intent":"quote-bid","fee":0.003097,"slipBps":-0.06,"position":0.00029}
{"ts":"2026-09-22T05:10:13.443Z","level":"info","msg":"fill ETH-USD SELL 0.0091 @ 2730.1 (maker)","intent":"quote-ask","fee":0.003105,"slipBps":-1.28,"position":-0.0273}
{"ts":"2026-09-22T05:10:16.696Z","level":"info","msg":"fill BTC-USD BUY 0.00029 @ 85434 (maker)","intent":"quote-bid","fee":0.003097,"slipBps":-0.06,"position":0.00058}
{"ts":"2026-09-22T05:10:16.750Z","level":"info","msg":"fill ETH-USD BUY 0.0091 @ 2730.4 (maker)","intent":"quote-bid","fee":0.003106,"slipBps":-0.18,"position":-0.0182}
{"ts":"2026-09-22T05:10:27.049Z","level":"info","msg":"fill ETH-USD BUY 0.0091 @ 2730.2 (maker)","intent":"quote-bid","fee":0.003106,"slipBps":-0.18,"position":-0.0091}
{"ts":"2026-09-22T05:10:30.849Z","level":"info","msg":"fill ETH-USD BUY 0.0091 @ 2730.1 (maker)","intent":"quote-bid","fee":0.003105,"slipBps":-0.18,"position":0}
{"ts":"2026-09-22T05:10:30.875Z","level":"info","msg":"fill BTC-USD BUY 0.00029 @ 85431 (maker)","intent":"quote-bid","fee":0.003097,"slipBps":-0.06,"position":0.00087}
{"ts":"2026-09-22T05:10:31.021Z","level":"info","msg":"fill ETH-USD BUY 0.0091 @ 2729.8 (maker)","intent":"quote-bid","fee":0.003105,"slipBps":-0.37,"position":0.0091}
{"ts":"2026-09-22T05:10:34.859Z","level":"info","msg":"fill BTC-USD SELL 0.00029 @ 85419 (maker)","intent":"quote-ask","fee":0.003096,"slipBps":-0.06,"position":0.00058}
{"ts":"2026-09-22T05:10:35.178Z","level":"info","msg":"fill BTC-USD BUY 0.00029 @ 85425 (maker)","intent":"quote-bid","fee":0.003097,"slipBps":-0.06,"position":0.00087}
{"ts":"2026-09-22T05:10:43.883Z","level":"info","msg":"fill ETH-USD SELL 0.0091 @ 2730.1 (maker)","intent":"quote-ask","fee":0.003105,"slipBps":-0.18,"position":0}
{"ts":"2026-09-22T05:10:45.138Z","level":"info","msg":"fill ETH-USD SELL 0.0091 @ 2730.4 (maker)","intent":"quote-ask","fee":0.003106,"slipBps":-0.18,"position":-0.0091}
{"ts":"2026-09-22T05:10:48.465Z","level":"info","msg":"fill BTC-USD SELL 0.00029 @ 85419 (maker)","intent":"quote-ask","fee":0.003096,"slipBps":-0.06,"position":0.00058}
{"ts":"2026-09-22T05:10:51.634Z","level":"info","msg":"fill ETH-USD SELL 0.0091 @ 2730.5 (maker)","intent":"quote-ask","fee":0.003106,"slipBps":-0.18,"position":-0.0182}
{"ts":"2026-09-22T05:10:51.838Z","level":"info","msg":"fill ETH-USD SELL 0.0091 @ 2730.9 (maker)","intent":"quote-ask","fee":0.003106,"slipBps":-0.73,"position":-0.0273}
{"ts":"2026-09-22T05:10:51.896Z","level":"info","msg":"fill BTC-USD SELL 0.00029 @ 85425 (maker)","intent":"quote-ask","fee":0.003097,"slipBps":-0.06,"position":0.00029}
{"ts":"2026-09-22T05:10:52.775Z","level":"info","msg":"fill BTC-USD SELL 0.00029 @ 85430 (maker)","intent":"quote-ask","fee":0.003097,"slipBps":-0.06,"position":0}
{"ts":"2026-09-22T05:10:56.897Z","level":"info","msg":"fill BTC-USD SELL 0.00029 @ 85431 (maker)","intent":"quote-ask","fee":0.003097,"slipBps":-0.06,"position":-0.00029}
{"ts":"2026-09-22T05:11:05.131Z","level":"info","msg":"fill BTC-USD SELL 0.00029 @ 85445 (maker)","intent":"quote-ask","fee":0.003097,"slipBps":-0.06,"position":-0.00058}
{"ts":"2026-09-22T05:11:05.671Z","level":"info","msg":"fill BTC-USD SELL 0.00029 @ 85453 (maker)","intent":"quote-ask","fee":0.003098,"slipBps":-0.06,"position":-0.00087}
{"ts":"2026-09-22T05:11:14.448Z","level":"warn","msg":"shutting down: Ctrl+C"}
{"ts":"2026-09-22T05:11:14.449Z","level":"warn","msg":"cancelling 1 order(s) on BTC-USD: shutdown: Ctrl+C"}
{"ts":"2026-09-22T05:11:14.450Z","level":"warn","msg":"cancelling 1 order(s) on ETH-USD: shutdown: Ctrl+C"}
{"ts":"2026-09-22T05:11:14.459Z","level":"info","msg":"fill BTC-USD BUY 0.00029 @ 85469 (maker)","intent":"quote-bid","fee":0.003098,"slipBps":-0.06,"position":-0.00058}
{"ts":"2026-09-22T05:11:14.547Z","level":"info","msg":"summary (exit: Ctrl+C)\n[dry] 2026-09-22  volume $11092.59 (441 fills; maker $10993.51 / taker $99.08)\n  cost per $1: 0.000230  (= $230.42 per $1M)   net cost $2.5560   net P&L $-2.5560\n  maker fees $1.3742  taker fees $0.0396  funding $0.0012  slippage $-0.1829  inventory drift $-1.3238\n  budget $1.2322/$10.00  margin $12.42  max DD $2.5560  flattens 8 (avg slip 0.37 bps)  min liq dist 8.9%\n  $1M tier: ~1.0 days at this pace, ~$230.42 total cost"}
{"ts":"2026-09-22T05:11:14.548Z","level":"info","msg":"position BTC-USD -0.00058 @ 85443; liq 93132.87 (8.97% away)"}
{"ts":"2026-09-22T05:11:14.549Z","level":"info","msg":"position ETH-USD -0.0273 @ 2730.6; liq 2976.35 (8.94% away)"}
{"ts":"2026-09-22T05:11:14.551Z","level":"info","msg":"exited","reason":"Ctrl+C"}
