{"ts":"2026-09-22T06:27:56.996Z","level":"info","msg":"volume-bot starting in DRY mode","markets":["BTC-USD","ETH-USD"],"pid":33024}
{"ts":"2026-09-22T06:27:57.499Z","level":"info","msg":"clock synced with exchange","offsetMs":-432}
{"ts":"2026-09-22T06:27:57.662Z","level":"info","msg":"fee schedule has no \"crypto\" category; using \"equity\" rates for BTC-USD"}
{"ts":"2026-09-22T06:27:57.662Z","level":"info","msg":"fee schedule has no \"crypto\" category; using \"equity\" rates for ETH-USD"}
{"ts":"2026-09-22T06:27:57.663Z","level":"info","msg":"state: no previous state, starting fresh","file":"logs/state-dry.json"}
{"ts":"2026-09-22T06:27:58.984Z","level":"info","msg":"ws: connected and resynced","iids":[6,7]}
{"ts":"2026-09-22T06:27:59.227Z","level":"info","msg":"engine running (TRADING)","mode":"dry","markets":["BTC-USD","ETH-USD"]}
{"ts":"2026-09-22T06:28:04.650Z","level":"info","msg":"fill BTC-USD SELL 0.00029 @ 85284 (maker)","intent":"quote-ask","fee":0.003092,"slipBps":-0.18,"position":-0.00029}
{"ts":"2026-09-22T06:28:25.884Z","level":"info","msg":"fill BTC-USD SELL 0.00029 @ 85299 (maker)","intent":"quote-ask","fee":0.003092,"slipBps":-0.18,"position":-0.00058}
{"ts":"2026-09-22T06:28:26.626Z","level":"info","msg":"fill BTC-USD SELL 0.00029 @ 85301 (maker)","intent":"quote-ask","fee":0.003092,"slipBps":-0.18,"position":-0.00087}
{"ts":"2026-09-22T06:28:58.933Z","level":"info","msg":"fill BTC-USD BUY 0.00029 @ 85302 (maker)","intent":"quote-bid","fee":0.003092,"slipBps":-0.18,"position":-0.00058}
{"ts":"2026-09-22T06:28:59.236Z","level":"info","msg":"fill BTC-USD BUY 0.00029 @ 85289 (maker)","intent":"quote-bid","fee":0.003092,"slipBps":-0.47,"position":-0.00029}
{"ts":"2026-09-22T06:28:59.264Z","level":"info","msg":"fill ETH-USD BUY 0.0091 @ 2728.8 (maker)","intent":"quote-bid","fee":0.003104,"slipBps":-0.55,"position":0.0091}
{"ts":"2026-09-22T06:29:01.118Z","level":"info","msg":"fill ETH-USD SELL 0.0091 @ 2728.8 (maker)","intent":"quote-ask","fee":0.003104,"slipBps":-0.18,"position":0}
{"ts":"2026-09-22T06:29:02.634Z","level":"info","msg":"fill ETH-USD SELL 0.0091 @ 2728.8 (maker)","intent":"quote-ask","fee":0.003104,"slipBps":-0.55,"position":-0.0091}
{"ts":"2026-09-22T06:29:02.794Z","level":"info","msg":"fill BTC-USD SELL 0.00029 @ 85283 (maker)","intent":"quote-ask","fee":0.003092,"slipBps":-0.18,"position":-0.00058}
{"ts":"2026-09-22T06:29:04.758Z","level":"info","msg":"flatten start BTC-USD: position age","size":-0.00058,"phase":"passive","decisionMid":85290.5}
{"ts":"2026-09-22T06:29:19.957Z","level":"info","msg":"flatten BTC-USD -> taker","reason":"taker exit (passive window elapsed)","size":-0.00058}
{"ts":"2026-09-22T06:29:20.971Z","level":"info","msg":"flatten IOC BTC-USD buy 0.00058 limit 85347","reason":"taker exit (passive window elapsed)"}
{"ts":"2026-09-22T06:29:21.067Z","level":"info","msg":"fill BTC-USD BUY 0.00058 @ 85305 (taker)","intent":"flatten-ioc","fee":0.019791,"slipBps":0.06,"position":0}
{"ts":"2026-09-22T06:29:21.175Z","level":"info","msg":"flatten BTC-USD -> idle","reason":"flat","size":0}
{"ts":"2026-09-22T06:29:24.135Z","level":"info","msg":"fill ETH-USD SELL 0.0091 @ 2729.1 (maker)","intent":"quote-ask","fee":0.003104,"slipBps":-0.55,"position":-0.0182}
{"ts":"2026-09-22T06:29:24.171Z","level":"info","msg":"fill BTC-USD SELL 0.00029 @ 85305 (maker)","intent":"quote-ask","fee":0.003092,"slipBps":-0.06,"position":-0.00029}
{"ts":"2026-09-22T06:29:25.377Z","level":"info","msg":"fill BTC-USD BUY 0.00029 @ 85318 (maker)","intent":"quote-bid","fee":0.003093,"slipBps":-0.18,"position":0}
{"ts":"2026-09-22T06:29:27.774Z","level":"info","msg":"fill ETH-USD SELL 0.0091 @ 2729.9 (maker)","intent":"quote-ask","fee":0.003105,"slipBps":-0.55,"position":-0.0273}
{"ts":"2026-09-22T06:29:32.542Z","level":"info","msg":"fill BTC-USD SELL 0.00029 @ 85314 (maker)","intent":"quote-ask","fee":0.003093,"slipBps":-0.18,"position":-0.00029}
{"ts":"2026-09-22T06:29:44.349Z","level":"info","msg":"fill BTC-USD SELL 0.00029 @ 85317 (maker)","intent":"quote-ask","fee":0.003093,"slipBps":-0.18,"position":-0.00058}
{"ts":"2026-09-22T06:29:45.336Z","level":"info","msg":"fill BTC-USD SELL 0.00029 @ 85322 (maker)","intent":"quote-ask","fee":0.003093,"slipBps":-0.18,"position":-0.00087}
{"ts":"2026-09-22T06:29:46.265Z","level":"info","msg":"fill ETH-USD BUY 0.0091 @ 2730 (maker)","intent":"quote-bid","fee":0.003105,"slipBps":-0.55,"position":-0.0182}
{"ts":"2026-09-22T06:29:50.141Z","level":"info","msg":"fill ETH-USD SELL 0.0091 @ 2730.1 (maker)","intent":"quote-ask","fee":0.003105,"slipBps":-0.55,"position":-0.0273}
{"ts":"2026-09-22T06:30:01.250Z","level":"info","msg":"fill ETH-USD BUY 0.0091 @ 2730 (maker)","intent":"quote-bid","fee":0.003105,"slipBps":-0.55,"position":-0.0182}
{"ts":"2026-09-22T06:30:01.803Z","level":"info","msg":"fill BTC-USD BUY 0.00029 @ 85340 (maker)","intent":"quote-bid","fee":0.003094,"slipBps":-0.18,"position":-0.00058}
{"ts":"2026-09-22T06:30:02.585Z","level":"info","msg":"fill ETH-USD BUY 0.0091 @ 2729.5 (maker)","intent":"quote-bid","fee":0.003105,"slipBps":-0.18,"position":-0.0091}
{"ts":"2026-09-22T06:30:02.789Z","level":"info","msg":"flatten start ETH-USD: position age","size":-0.0091,"phase":"passive","decisionMid":2729.3500000000004}
{"ts":"2026-09-22T06:30:06.291Z","level":"info","msg":"fill ETH-USD BUY 0.0091 @ 2729.7 (maker)","intent":"flatten-post","fee":0.003105,"slipBps":1.28,"position":0}
{"ts":"2026-09-22T06:30:06.446Z","level":"info","msg":"flatten ETH-USD -> idle","reason":"flat","size":0}
{"ts":"2026-09-22T06:30:07.192Z","level":"info","msg":"fill ETH-USD SELL 0.0091 @ 2729.6 (maker)","intent":"quote-ask","fee":0.003105,"slipBps":-0.18,"position":-0.0091}
{"ts":"2026-09-22T06:30:08.089Z","level":"info","msg":"fill ETH-USD SELL 0.0091 @ 2729.9 (maker)","intent":"quote-ask","fee":0.003105,"slipBps":-0.55,"position":-0.0182}
{"ts":"2026-09-22T06:30:08.182Z","level":"info","msg":"fill BTC-USD SELL 0.00029 @ 85338 (maker)","intent":"quote-ask","fee":0.003094,"slipBps":-0.18,"position":-0.00087}
{"ts":"2026-09-22T06:30:10.841Z","level":"info","msg":"fill ETH-USD BUY 0.0091 @ 2729.8 (maker)","intent":"quote-bid","fee":0.003105,"slipBps":-0.55,"position":-0.0091}
{"ts":"2026-09-22T06:30:13.055Z","level":"info","msg":"fill BTC-USD BUY 0.00029 @ 85340 (maker)","intent":"quote-bid","fee":0.003094,"slipBps":-0.06,"position":-0.00058}
{"ts":"2026-09-22T06:30:14.833Z","level":"info","msg":"fill ETH-USD BUY 0.0091 @ 2729.4 (maker)","intent":"quote-bid","fee":0.003105,"slipBps":-0.55,"position":0}
{"ts":"2026-09-22T06:30:14.924Z","level":"info","msg":"fill BTC-USD BUY 0.00029 @ 85337 (maker)","intent":"quote-bid","fee":0.003093,"slipBps":-0.06,"position":-0.00029}
{"ts":"2026-09-22T06:30:17.947Z","level":"info","msg":"fill ETH-USD BUY 0.0091 @ 2728.9 (maker)","intent":"quote-bid","fee":0.003104,"slipBps":-0.55,"position":0.0091}
{"ts":"2026-09-22T06:30:20.048Z","level":"info","msg":"fill ETH-USD BUY 0.0091 @ 2728.7 (maker)","intent":"quote-bid","fee":0.003104,"slipBps":-0.55,"position":0.0182}
{"ts":"2026-09-22T06:30:20.107Z","level":"info","msg":"fill BTC-USD BUY 0.00029 @ 85320 (maker)","intent":"quote-bid","fee":0.003093,"slipBps":-0.18,"position":0}
{"ts":"2026-09-22T06:30:32.874Z","level":"info","msg":"fill ETH-USD SELL 0.0091 @ 2728.6 (maker)","intent":"quote-ask","fee":0.003104,"slipBps":-0.18,"position":0.0091}
{"ts":"2026-09-22T06:30:43.817Z","level":"info","msg":"fill ETH-USD SELL 0.0091 @ 2728.6 (maker)","intent":"quote-ask","fee":0.003104,"slipBps":-0.18,"position":0}
{"ts":"2026-09-22T06:30:48.091Z","level":"info","msg":"fill ETH-USD SELL 0.0091 @ 2728.8 (maker)","intent":"quote-ask","fee":0.003104,"slipBps":-0.18,"position":-0.0091}
{"ts":"2026-09-22T06:31:00.543Z","level":"info","msg":"fill BTC-USD SELL 0.00029 @ 85318 (maker)","intent":"quote-ask","fee":0.003093,"slipBps":-0.18,"position":-0.00029}
{"ts":"2026-09-22T06:31:00.583Z","level":"info","msg":"fill ETH-USD SELL 0.0091 @ 2728.9 (maker)","intent":"quote-ask","fee":0.003104,"slipBps":-0.55,"position":-0.0182}
{"ts":"2026-09-22T06:31:00.751Z","level":"info","msg":"fill BTC-USD SELL 0.00029 @ 85328 (maker)","intent":"quote-ask","fee":0.003093,"slipBps":-0.59,"position":-0.00058}
{"ts":"2026-09-22T06:31:02.249Z","level":"info","msg":"fill ETH-USD BUY 0.0091 @ 2729.3 (maker)","intent":"quote-bid","fee":0.003105,"slipBps":-0.55,"position":-0.0091}
{"ts":"2026-09-22T06:31:02.725Z","level":"info","msg":"fill BTC-USD BUY 0.00029 @ 85333 (maker)","intent":"quote-bid","fee":0.003093,"slipBps":-0.06,"position":-0.00029}
{"ts":"2026-09-22T06:31:02.948Z","level":"info","msg":"fill ETH-USD BUY 0.0091 @ 2729 (maker)","intent":"quote-bid","fee":0.003104,"slipBps":-0.55,"position":0}
{"ts":"2026-09-22T06:31:06.514Z","level":"info","msg":"fill BTC-USD BUY 0.00029 @ 85329 (maker)","intent":"quote-bid","fee":0.003093,"slipBps":-0.18,"position":0}
{"ts":"2026-09-22T06:31:07.732Z","level":"info","msg":"fill BTC-USD BUY 0.00029 @ 85328 (maker)","intent":"quote-bid","fee":0.003093,"slipBps":-0.06,"position":0.00029}
{"ts":"2026-09-22T06:31:07.948Z","level":"info","msg":"fill ETH-USD BUY 0.0091 @ 2728.8 (maker)","intent":"quote-bid","fee":0.003104,"slipBps":-0.55,"position":0.0091}
{"ts":"2026-09-22T06:31:08.183Z","level":"info","msg":"fill BTC-USD BUY 0.00029 @ 85318 (maker)","intent":"quote-bid","fee":0.003093,"slipBps":-0.64,"position":0.00058}
{"ts":"2026-09-22T06:31:09.838Z","level":"info","msg":"fill ETH-USD SELL 0.0091 @ 2728.3 (maker)","intent":"quote-ask","fee":0.003103,"slipBps":-0.18,"position":0}
{"ts":"2026-09-22T06:31:09.932Z","level":"info","msg":"fill BTC-USD SELL 0.00029 @ 85316 (maker)","intent":"quote-ask","fee":0.003093,"slipBps":-0.06,"position":0.00029}
{"ts":"2026-09-22T06:31:10.166Z","level":"info","msg":"fill BTC-USD SELL 0.00029 @ 85320 (maker)","intent":"quote-ask","fee":0.003093,"slipBps":-0.18,"position":0}
{"ts":"2026-09-22T06:31:11.493Z","level":"info","msg":"fill ETH-USD SELL 0.0091 @ 2728.8 (maker)","intent":"quote-ask","fee":0.003104,"slipBps":-0.55,"position":-0.0091}
{"ts":"2026-09-22T06:31:17.985Z","level":"info","msg":"fill ETH-USD SELL 0.0091 @ 2729.1 (maker)","intent":"quote-ask","fee":0.003104,"slipBps":-0.55,"position":-0.0182}
{"ts":"2026-09-22T06:31:18.234Z","level":"info","msg":"fill BTC-USD SELL 0.00029 @ 85325 (maker)","intent":"quote-ask","fee":0.003093,"slipBps":-0.18,"position":-0.00029}
{"ts":"2026-09-22T06:31:19.453Z","level":"info","msg":"fill ETH-USD SELL 0.0091 @ 2729.4 (maker)","intent":"quote-ask","fee":0.003105,"slipBps":-0.55,"position":-0.0273}
{"ts":"2026-09-22T06:31:23.138Z","level":"info","msg":"fill BTC-USD SELL 0.00029 @ 85329 (maker)","intent":"quote-ask","fee":0.003093,"slipBps":-0.18,"position":-0.00058}
{"ts":"2026-09-22T06:31:30.177Z","level":"info","msg":"fill BTC-USD SELL 0.00029 @ 85337 (maker)","intent":"quote-ask","fee":0.003093,"slipBps":-0.18,"position":-0.00087}
{"ts":"2026-09-22T06:31:31.466Z","level":"info","msg":"fill ETH-USD BUY 0.0091 @ 2729.6 (maker)","intent":"quote-bid","fee":0.003105,"slipBps":-0.55,"position":-0.0182}
{"ts":"2026-09-22T06:31:33.290Z","level":"info","msg":"fill ETH-USD SELL 0.0091 @ 2729.6 (maker)","intent":"quote-ask","fee":0.003105,"slipBps":-0.55,"position":-0.0273}
{"ts":"2026-09-22T06:31:44.309Z","level":"info","msg":"fill ETH-USD BUY 0.0091 @ 2730.8 (maker)","intent":"quote-bid","fee":0.003106,"slipBps":-0.55,"position":-0.0182}
{"ts":"2026-09-22T06:31:44.444Z","level":"info","msg":"fill BTC-USD BUY 0.00029 @ 85393 (maker)","intent":"quote-bid","fee":0.003095,"slipBps":-0.06,"position":-0.00058}
{"ts":"2026-09-22T06:31:49.093Z","level":"info","msg":"fill BTC-USD SELL 0.00029 @ 85393 (maker)","intent":"quote-ask","fee":0.003095,"slipBps":-0.18,"position":-0.00087}
{"ts":"2026-09-22T06:31:49.153Z","level":"info","msg":"fill ETH-USD SELL 0.0091 @ 2730.7 (maker)","intent":"quote-ask","fee":0.003106,"slipBps":-0.55,"position":-0.0273}
{"ts":"2026-09-22T06:32:00.363Z","level":"info","msg":"fill ETH-USD BUY 0.0091 @ 2731.7 (maker)","intent":"quote-bid","fee":0.003107,"slipBps":-0.55,"position":-0.0182}
{"ts":"2026-09-22T06:32:00.518Z","level":"info","msg":"fill BTC-USD BUY 0.00029 @ 85443 (maker)","intent":"quote-bid","fee":0.003097,"slipBps":-0.18,"position":-0.00058}
{"ts":"2026-09-22T06:32:04.048Z","level":"info","msg":"fill BTC-USD BUY 0.00029 @ 85436 (maker)","intent":"quote-bid","fee":0.003097,"slipBps":-0.18,"position":-0.00029}
{"ts":"2026-09-22T06:32:05.970Z","level":"info","msg":"fill ETH-USD BUY 0.0091 @ 2731.4 (maker)","intent":"quote-bid","fee":0.003107,"slipBps":-0.55,"position":-0.0091}
{"ts":"2026-09-22T06:32:05.985Z","level":"info","msg":"fill BTC-USD BUY 0.00029 @ 85431 (maker)","intent":"quote-bid","fee":0.003097,"slipBps":-0.18,"position":0}
{"ts":"2026-09-22T06:32:07.203Z","level":"info","msg":"fill ETH-USD BUY 0.0091 @ 2731 (maker)","intent":"quote-bid","fee":0.003107,"slipBps":0.18,"position":0}
{"ts":"2026-09-22T06:32:09.844Z","level":"info","msg":"fill ETH-USD BUY 0.0091 @ 2730.9 (maker)","intent":"quote-bid","fee":0.003106,"slipBps":-0.55,"position":0.0091}
{"ts":"2026-09-22T06:32:11.400Z","level":"info","msg":"fill ETH-USD SELL 0.0091 @ 2730.6 (maker)","intent":"quote-ask","fee":0.003106,"slipBps":-0.18,"position":0}
{"ts":"2026-09-22T06:32:11.702Z","level":"info","msg":"fill BTC-USD SELL 0.00029 @ 85418 (maker)","intent":"quote-ask","fee":0.003096,"slipBps":-0.06,"position":-0.00029}
{"ts":"2026-09-22T06:32:11.806Z","level":"info","msg":"fill ETH-USD SELL 0.0091 @ 2730.9 (maker)","intent":"quote-ask","fee":0.003106,"slipBps":-0.55,"position":-0.0091}
{"ts":"2026-09-22T06:32:12.981Z","level":"info","msg":"fill ETH-USD SELL 0.0091 @ 2731.1 (maker)","intent":"quote-ask","fee":0.003107,"slipBps":-0.55,"position":-0.0182}
{"ts":"2026-09-22T06:32:12.985Z","level":"info","msg":"fill BTC-USD SELL 0.00029 @ 85426 (maker)","intent":"quote-ask","fee":0.003097,"slipBps":-0.18,"position":-0.00058}
{"ts":"2026-09-22T06:32:13.330Z","level":"info","msg":"fill BTC-USD SELL 0.00029 @ 85427 (maker)","intent":"quote-ask","fee":0.003097,"slipBps":-0.06,"position":-0.00087}
{"ts":"2026-09-22T06:32:17.251Z","level":"info","msg":"fill ETH-USD BUY 0.0091 @ 2731.3 (maker)","intent":"quote-bid","fee":0.003107,"slipBps":-0.55,"position":-0.0091}
{"ts":"2026-09-22T06:32:17.280Z","level":"info","msg":"fill BTC-USD BUY 0.00029 @ 85432 (maker)","intent":"quote-bid","fee":0.003097,"slipBps":-0.06,"position":-0.00058}
{"ts":"2026-09-22T06:32:19.513Z","level":"info","msg":"fill BTC-USD SELL 0.00029 @ 85427 (maker)","intent":"quote-ask","fee":0.003097,"slipBps":-0.18,"position":-0.00087}
{"ts":"2026-09-22T06:32:19.529Z","level":"info","msg":"fill ETH-USD SELL 0.0091 @ 2731.4 (maker)","intent":"quote-ask","fee":0.003107,"slipBps":-0.18,"position":-0.0182}
{"ts":"2026-09-22T06:32:20.527Z","level":"info","msg":"fill ETH-USD BUY 0.0091 @ 2731.5 (maker)","intent":"quote-bid","fee":0.003107,"slipBps":-0.18,"position":-0.0091}
{"ts":"2026-09-22T06:32:20.531Z","level":"info","msg":"fill BTC-USD BUY 0.00029 @ 85437 (maker)","intent":"quote-bid","fee":0.003097,"slipBps":-0.53,"position":-0.00058}
{"ts":"2026-09-22T06:32:23.882Z","level":"info","msg":"fill BTC-USD SELL 0.00029 @ 85428 (maker)","intent":"quote-ask","fee":0.003097,"slipBps":-0.18,"position":-0.00087}
{"ts":"2026-09-22T06:32:28.692Z","level":"info","msg":"fill ETH-USD BUY 0.0091 @ 2731.3 (maker)","intent":"quote-bid","fee":0.003107,"slipBps":-0.55,"position":0}
{"ts":"2026-09-22T06:32:32.501Z","level":"info","msg":"fill ETH-USD SELL 0.0091 @ 2731.2 (maker)","intent":"quote-ask","fee":0.003107,"slipBps":-0.18,"position":-0.0091}
{"ts":"2026-09-22T06:32:33.620Z","level":"info","msg":"fill ETH-USD BUY 0.0091 @ 2731.7 (maker)","intent":"quote-bid","fee":0.003107,"slipBps":-0.55,"position":0}
{"ts":"2026-09-22T06:32:34.020Z","level":"info","msg":"fill ETH-USD SELL 0.0091 @ 2731.7 (maker)","intent":"quote-ask","fee":0.003107,"slipBps":-0.55,"position":-0.0091}
{"ts":"2026-09-22T06:32:35.419Z","level":"info","msg":"fill ETH-USD BUY 0.0091 @ 2731.7 (maker)","intent":"quote-bid","fee":0.003107,"slipBps":-0.55,"position":0}
{"ts":"2026-09-22T06:32:40.335Z","level":"info","msg":"fill ETH-USD BUY 0.0091 @ 2731.8 (maker)","intent":"quote-bid","fee":0.003107,"slipBps":-0.18,"position":0.0091}
{"ts":"2026-09-22T06:32:40.500Z","level":"info","msg":"fill BTC-USD BUY 0.00029 @ 85433 (maker)","intent":"quote-bid","fee":0.003097,"slipBps":-0.18,"position":-0.00058}
{"ts":"2026-09-22T06:32:50.485Z","level":"info","msg":"fill ETH-USD SELL 0.0091 @ 2732 (maker)","intent":"quote-ask","fee":0.003108,"slipBps":-0.55,"position":0}
{"ts":"2026-09-22T06:32:53.165Z","level":"info","msg":"fill ETH-USD SELL 0.0091 @ 2732.1 (maker)","intent":"quote-ask","fee":0.003108,"slipBps":-0.18,"position":-0.0091}
{"ts":"2026-09-22T06:32:57.764Z","level":"info","msg":"fill ETH-USD SELL 0.0091 @ 2732.6 (maker)","intent":"quote-ask","fee":0.003108,"slipBps":-0.55,"position":-0.0182}
{"ts":"2026-09-22T06:32:58.969Z","level":"info","msg":"fill BTC-USD SELL 0.00029 @ 85430 (maker)","intent":"quote-ask","fee":0.003097,"slipBps":-0.18,"position":-0.00087}
{"ts":"2026-09-22T06:32:59.244Z","level":"info","msg":"summary (periodic)\n[dry] 2026-09-22  volume $2306.56 (92 fills; maker $2257.08 / taker $49.48)\n  cost per $1: 0.000239  (= $238.76 per $1M)   net cost $0.5507   net P&L $-0.5507\n  maker fees $0.2821  taker fees $0.0198  funding $0.0000  slippage $-0.0685  inventory drift $-0.3173\n  budget $0.2335/$10.00  margin $12.41  max DD $0.5507  flattens 2 (avg slip 0.67 bps)  min liq dist 9.0%\n  $1M tier: ~1.5 days at this pace, ~$238.76 total cost"}
{"ts":"2026-09-22T06:32:59.244Z","level":"info","msg":"position BTC-USD -0.00087 @ 85427.23; liq 93115.69 (8.99% away)"}
{"ts":"2026-09-22T06:32:59.245Z","level":"info","msg":"position ETH-USD -0.0182 @ 2732.35; liq 2978.26 (8.98% away)"}
{"ts":"2026-09-22T06:33:00.397Z","level":"info","msg":"fill ETH-USD SELL 0.0091 @ 2733.1 (maker)","intent":"quote-ask","fee":0.003109,"slipBps":-0.55,"position":-0.0273}
{"ts":"2026-09-22T06:33:01.255Z","level":"info","msg":"fill BTC-USD BUY 0.00029 @ 85451 (maker)","intent":"quote-bid","fee":0.003098,"slipBps":-0.18,"position":-0.00058}
{"ts":"2026-09-22T06:33:04.281Z","level":"info","msg":"fill BTC-USD SELL 0.00029 @ 85448 (maker)","intent":"quote-ask","fee":0.003097,"slipBps":-0.18,"position":-0.00087}
{"ts":"2026-09-22T06:33:11.799Z","level":"info","msg":"flatten start BTC-USD: position age","size":-0.00087,"phase":"passive","decisionMid":85469.5}
{"ts":"2026-09-22T06:33:14.293Z","level":"info","msg":"fill BTC-USD BUY 0.00087 @ 85478 (maker)","intent":"flatten-post","fee":0.009296,"slipBps":0.99,"position":0}
{"ts":"2026-09-22T06:33:14.430Z","level":"info","msg":"flatten BTC-USD -> idle","reason":"flat","size":0}
{"ts":"2026-09-22T06:33:29.064Z","level":"info","msg":"fill BTC-USD SELL 0.00029 @ 85465 (maker)","intent":"quote-ask","fee":0.003098,"slipBps":-0.06,"position":-0.00029}
{"ts":"2026-09-22T06:33:39.069Z","level":"info","msg":"fill BTC-USD SELL 0.00029 @ 85475 (maker)","intent":"quote-ask","fee":0.003098,"slipBps":-0.18,"position":-0.00058}
{"ts":"2026-09-22T06:33:40.084Z","level":"info","msg":"fill BTC-USD SELL 0.00029 @ 85477 (maker)","intent":"quote-ask","fee":0.003099,"slipBps":-0.18,"position":-0.00087}
{"ts":"2026-09-22T06:33:48.264Z","level":"info","msg":"fill ETH-USD BUY 0.0091 @ 2734.9 (maker)","intent":"quote-bid","fee":0.003111,"slipBps":-0.55,"position":-0.0182}
{"ts":"2026-09-22T06:33:48.340Z","level":"info","msg":"fill BTC-USD BUY 0.00029 @ 85481 (maker)","intent":"quote-bid","fee":0.003099,"slipBps":-0.18,"position":-0.00058}
{"ts":"2026-09-22T06:33:49.647Z","level":"info","msg":"fill BTC-USD BUY 0.00029 @ 85475 (maker)","intent":"quote-bid","fee":0.003098,"slipBps":-0.18,"position":-0.00029}
{"ts":"2026-09-22T06:33:49.663Z","level":"info","msg":"fill ETH-USD BUY 0.0091 @ 2734.5 (maker)","intent":"quote-bid","fee":0.00311,"slipBps":-0.91,"position":-0.0091}
{"ts":"2026-09-22T06:33:52.475Z","level":"info","msg":"fill ETH-USD BUY 0.0091 @ 2734.3 (maker)","intent":"quote-bid","fee":0.00311,"slipBps":-0.18,"position":0}
{"ts":"2026-09-22T06:33:55.035Z","level":"info","msg":"fill ETH-USD BUY 0.0091 @ 2734.1 (maker)","intent":"quote-bid","fee":0.00311,"slipBps":-0.55,"position":0.0091}
{"ts":"2026-09-22T06:33:55.197Z","level":"info","msg":"fill BTC-USD BUY 0.00029 @ 85470 (maker)","intent":"quote-bid","fee":0.003098,"slipBps":-0.18,"position":0}
{"ts":"2026-09-22T06:33:56.086Z","level":"info","msg":"fill ETH-USD BUY 0.0091 @ 2733.5 (maker)","intent":"quote-bid","fee":0.003109,"slipBps":-0.55,"position":0.0182}
{"ts":"2026-09-22T06:34:02.115Z","level":"info","msg":"fill ETH-USD SELL 0.0091 @ 2733.5 (maker)","intent":"quote-ask","fee":0.003109,"slipBps":-0.18,"position":0.0091}
{"ts":"2026-09-22T06:34:02.804Z","level":"info","msg":"fill ETH-USD SELL 0.0091 @ 2733.6 (maker)","intent":"quote-ask","fee":0.003109,"slipBps":-0.18,"position":0}
{"ts":"2026-09-22T06:34:05.345Z","level":"info","msg":"fill ETH-USD SELL 0.0091 @ 2733.7 (maker)","intent":"quote-ask","fee":0.00311,"slipBps":-0.18,"position":-0.0091}
{"ts":"2026-09-22T06:34:05.349Z","level":"info","msg":"fill BTC-USD SELL 0.00029 @ 85460 (maker)","intent":"quote-ask","fee":0.003098,"slipBps":-0.06,"position":-0.00029}
{"ts":"2026-09-22T06:34:06.426Z","level":"info","msg":"fill ETH-USD SELL 0.0091 @ 2734.4 (maker)","intent":"quote-ask","fee":0.00311,"slipBps":-1.28,"position":-0.0182}
{"ts":"2026-09-22T06:34:06.456Z","level":"info","msg":"fill BTC-USD SELL 0.00029 @ 85470 (maker)","intent":"quote-ask","fee":0.003098,"slipBps":-0.18,"position":-0.00058}
{"ts":"2026-09-22T06:34:10.767Z","level":"info","msg":"fill ETH-USD SELL 0.0091 @ 2734.6 (maker)","intent":"quote-ask","fee":0.003111,"slipBps":-0.55,"position":-0.0273}
{"ts":"2026-09-22T06:34:12.292Z","level":"info","msg":"fill BTC-USD SELL 0.00029 @ 85483 (maker)","intent":"quote-ask","fee":0.003099,"slipBps":-0.18,"position":-0.00087}
{"ts":"2026-09-22T06:34:18.803Z","level":"info","msg":"fill ETH-USD BUY 0.0091 @ 2734.9 (maker)","intent":"quote-bid","fee":0.003111,"slipBps":-0.18,"position":-0.0182}
{"ts":"2026-09-22T06:34:22.120Z","level":"info","msg":"fill BTC-USD BUY 0.00029 @ 85505 (maker)","intent":"quote-bid","fee":0.0031,"slipBps":-0.18,"position":-0.00058}
{"ts":"2026-09-22T06:34:24.619Z","level":"info","msg":"fill ETH-USD BUY 0.0091 @ 2734.5 (maker)","intent":"quote-bid","fee":0.00311,"slipBps":-0.18,"position":-0.0091}
{"ts":"2026-09-22T06:34:24.684Z","level":"info","msg":"fill BTC-USD BUY 0.00029 @ 85500 (maker)","intent":"quote-bid","fee":0.003099,"slipBps":-0.18,"position":-0.00029}
{"ts":"2026-09-22T06:34:25.121Z","level":"info","msg":"fill BTC-USD BUY 0.00029 @ 85495 (maker)","intent":"quote-bid","fee":0.003099,"slipBps":-0.18,"position":0}
{"ts":"2026-09-22T06:34:26.040Z","level":"info","msg":"fill BTC-USD BUY 0.00029 @ 85488 (maker)","intent":"quote-bid","fee":0.003099,"slipBps":-0.18,"position":0.00029}
{"ts":"2026-09-22T06:34:27.861Z","level":"info","msg":"fill ETH-USD BUY 0.0091 @ 2733.6 (maker)","intent":"quote-bid","fee":0.003109,"slipBps":-0.37,"position":0}
{"ts":"2026-09-22T06:34:31.341Z","level":"info","msg":"fill ETH-USD SELL 0.0091 @ 2733.3 (maker)","intent":"quote-ask","fee":0.003109,"slipBps":-0.18,"position":-0.0091}
{"ts":"2026-09-22T06:34:36.148Z","level":"info","msg":"fill ETH-USD BUY 0.0091 @ 2733.4 (maker)","intent":"quote-bid","fee":0.003109,"slipBps":-0.55,"position":0}
{"ts":"2026-09-22T06:34:36.392Z","level":"info","msg":"fill BTC-USD BUY 0.00029 @ 85476 (maker)","intent":"quote-bid","fee":0.003099,"slipBps":-0.18,"position":0.00058}
{"ts":"2026-09-22T06:34:36.513Z","level":"info","msg":"fill ETH-USD BUY 0.0091 @ 2733 (maker)","intent":"quote-bid","fee":0.003109,"slipBps":-0.55,"position":0.0091}
{"ts":"2026-09-22T06:34:37.530Z","level":"info","msg":"fill BTC-USD BUY 0.00029 @ 85471 (maker)","intent":"quote-bid","fee":0.003098,"slipBps":-0.18,"position":0.00087}
{"ts":"2026-09-22T06:34:43.226Z","level":"info","msg":"fill ETH-USD BUY 0.0091 @ 2732.6 (maker)","intent":"quote-bid","fee":0.003108,"slipBps":-0.55,"position":0.0182}
{"ts":"2026-09-22T06:34:44.518Z","level":"info","msg":"fill ETH-USD BUY 0.0091 @ 2732.2 (maker)","intent":"quote-bid","fee":0.003108,"slipBps":-0.73,"position":0.0273}
{"ts":"2026-09-22T06:34:47.086Z","level":"info","msg":"fill ETH-USD SELL 0.0091 @ 2732.2 (maker)","intent":"quote-ask","fee":0.003108,"slipBps":-0.18,"position":0.0182}
{"ts":"2026-09-22T06:34:49.181Z","level":"info","msg":"fill ETH-USD BUY 0.0091 @ 2732.2 (maker)","intent":"quote-bid","fee":0.003108,"slipBps":-1.1,"position":0.0273}
{"ts":"2026-09-22T06:34:49.908Z","level":"info","msg":"fill ETH-USD SELL 0.0091 @ 2732.2 (maker)","intent":"quote-ask","fee":0.003108,"slipBps":-0.18,"position":0.0182}
{"ts":"2026-09-22T06:34:50.886Z","level":"info","msg":"fill ETH-USD BUY 0.0091 @ 2732.1 (maker)","intent":"quote-bid","fee":0.003108,"slipBps":-0.55,"position":0.0273}
{"ts":"2026-09-22T06:34:51.447Z","level":"info","msg":"fill ETH-USD SELL 0.0091 @ 2732.2 (maker)","intent":"quote-ask","fee":0.003108,"slipBps":-0.55,"position":0.0182}
{"ts":"2026-09-22T06:34:55.157Z","level":"info","msg":"fill ETH-USD SELL 0.0091 @ 2732.7 (maker)","intent":"quote-ask","fee":0.003108,"slipBps":-0.18,"position":0.0091}
{"ts":"2026-09-22T06:34:55.627Z","level":"info","msg":"fill ETH-USD SELL 0.0091 @ 2732.8 (maker)","intent":"quote-ask","fee":0.003109,"slipBps":-0.18,"position":0}
{"ts":"2026-09-22T06:35:00.180Z","level":"info","msg":"fill ETH-USD BUY 0.0091 @ 2732.8 (maker)","intent":"quote-bid","fee":0.003109,"slipBps":-0.18,"position":0.0091}
{"ts":"2026-09-22T06:35:05.501Z","level":"info","msg":"fill ETH-USD SELL 0.0091 @ 2732.6 (maker)","intent":"quote-ask","fee":0.003108,"slipBps":-0.55,"position":0}
{"ts":"2026-09-22T06:35:06.245Z","level":"info","msg":"fill ETH-USD SELL 0.0091 @ 2732.8 (maker)","intent":"quote-ask","fee":0.003109,"slipBps":-0.55,"position":-0.0091}
{"ts":"2026-09-22T06:35:10.928Z","level":"info","msg":"fill ETH-USD SELL 0.0091 @ 2733.1 (maker)","intent":"quote-ask","fee":0.003109,"slipBps":-0.55,"position":-0.0182}
{"ts":"2026-09-22T06:35:14.240Z","level":"info","msg":"fill ETH-USD BUY 0.0091 @ 2733 (maker)","intent":"quote-bid","fee":0.003109,"slipBps":-0.55,"position":-0.0091}
{"ts":"2026-09-22T06:35:22.229Z","level":"info","msg":"fill ETH-USD SELL 0.0091 @ 2733.1 (maker)","intent":"quote-ask","fee":0.003109,"slipBps":-0.55,"position":-0.0182}
{"ts":"2026-09-22T06:35:23.602Z","level":"info","msg":"fill BTC-USD SELL 0.00029 @ 85455 (maker)","intent":"quote-ask","fee":0.003098,"slipBps":-0.18,"position":0.00058}
{"ts":"2026-09-22T06:35:25.093Z","level":"info","msg":"fill BTC-USD SELL 0.00029 @ 85461 (maker)","intent":"quote-ask","fee":0.003098,"slipBps":-0.06,"position":0.00029}
{"ts":"2026-09-22T06:35:25.387Z","level":"info","msg":"fill ETH-USD SELL 0.0091 @ 2734.3 (maker)","intent":"quote-ask","fee":0.00311,"slipBps":-1.46,"position":-0.0273}
{"ts":"2026-09-22T06:35:26.187Z","level":"info","msg":"flatten start BTC-USD: position age","size":0.00029,"phase":"passive","decisionMid":85461.5}
{"ts":"2026-09-22T06:35:26.211Z","level":"info","msg":"fill ETH-USD BUY 0.0091 @ 2734.3 (maker)","intent":"quote-bid","fee":0.00311,"slipBps":-0.73,"position":-0.0182}
{"ts":"2026-09-22T06:35:28.727Z","level":"info","msg":"fill ETH-USD BUY 0.0091 @ 2734 (maker)","intent":"quote-bid","fee":0.00311,"slipBps":-0.55,"position":-0.0091}
{"ts":"2026-09-22T06:35:36.903Z","level":"info","msg":"fill ETH-USD SELL 0.0091 @ 2734.2 (maker)","intent":"quote-ask","fee":0.00311,"slipBps":-0.55,"position":-0.0182}
{"ts":"2026-09-22T06:35:41.202Z","level":"info","msg":"flatten BTC-USD -> taker","reason":"taker exit (passive window elapsed)","size":0.00029}
{"ts":"2026-09-22T06:35:42.213Z","level":"info","msg":"flatten IOC BTC-USD sell 0.00029 limit 85419","reason":"taker exit (passive window elapsed)"}
{"ts":"2026-09-22T06:35:42.306Z","level":"info","msg":"fill BTC-USD SELL 0.00029 @ 85461 (taker)","intent":"flatten-ioc","fee":0.009913,"slipBps":0.06,"position":0}
{"ts":"2026-09-22T06:35:42.412Z","level":"info","msg":"flatten BTC-USD -> idle","reason":"flat","size":0}
{"ts":"2026-09-22T06:35:42.694Z","level":"info","msg":"fill ETH-USD BUY 0.0091 @ 2734.4 (maker)","intent":"quote-bid","fee":0.00311,"slipBps":-0.55,"position":-0.0091}
{"ts":"2026-09-22T06:35:52.077Z","level":"info","msg":"fill ETH-USD BUY 0.0091 @ 2733.9 (maker)","intent":"quote-bid","fee":0.00311,"slipBps":-0.55,"position":0}
{"ts":"2026-09-22T06:35:56.623Z","level":"info","msg":"fill ETH-USD BUY 0.0091 @ 2733.6 (maker)","intent":"quote-bid","fee":0.003109,"slipBps":-0.55,"position":0.0091}
{"ts":"2026-09-22T06:36:01.167Z","level":"info","msg":"fill ETH-USD SELL 0.0091 @ 2732.8 (maker)","intent":"quote-ask","fee":0.003109,"slipBps":-0.18,"position":0}
{"ts":"2026-09-22T06:36:03.036Z","level":"info","msg":"fill ETH-USD BUY 0.0091 @ 2733 (maker)","intent":"quote-bid","fee":0.003109,"slipBps":-0.55,"position":0.0091}
{"ts":"2026-09-22T06:36:04.347Z","level":"info","msg":"fill ETH-USD SELL 0.0091 @ 2732.9 (maker)","intent":"quote-ask","fee":0.003109,"slipBps":-0.18,"position":0}
{"ts":"2026-09-22T06:36:05.407Z","level":"info","msg":"fill ETH-USD BUY 0.0091 @ 2733.2 (maker)","intent":"quote-bid","fee":0.003109,"slipBps":-0.55,"position":0.0091}
{"ts":"2026-09-22T06:36:07.109Z","level":"info","msg":"fill BTC-USD BUY 0.00029 @ 85460 (maker)","intent":"quote-bid","fee":0.003098,"slipBps":-0.18,"position":0.00029}
{"ts":"2026-09-22T06:36:09.076Z","level":"info","msg":"fill ETH-USD BUY 0.0091 @ 2733.1 (maker)","intent":"quote-bid","fee":0.003109,"slipBps":-0.55,"position":0.0182}
{"ts":"2026-09-22T06:36:12.734Z","level":"info","msg":"fill ETH-USD SELL 0.0091 @ 2732.8 (maker)","intent":"quote-ask","fee":0.003109,"slipBps":-0.18,"position":0.0091}
{"ts":"2026-09-22T06:36:14.696Z","level":"info","msg":"fill ETH-USD SELL 0.0091 @ 2733 (maker)","intent":"quote-ask","fee":0.003109,"slipBps":-0.55,"position":0}
{"ts":"2026-09-22T06:36:23.343Z","level":"info","msg":"fill ETH-USD SELL 0.0091 @ 2733.3 (maker)","intent":"quote-ask","fee":0.003109,"slipBps":-0.18,"position":-0.0091}
{"ts":"2026-09-22T06:36:24.136Z","level":"info","msg":"fill ETH-USD SELL 0.0091 @ 2733.8 (maker)","intent":"quote-ask","fee":0.00311,"slipBps":-0.55,"position":-0.0182}
{"ts":"2026-09-22T06:36:27.800Z","level":"info","msg":"fill ETH-USD SELL 0.0091 @ 2734 (maker)","intent":"quote-ask","fee":0.00311,"slipBps":-0.55,"position":-0.0273}
{"ts":"2026-09-22T06:36:28.125Z","level":"info","msg":"fill BTC-USD SELL 0.00029 @ 85463 (maker)","intent":"quote-ask","fee":0.003098,"slipBps":-0.18,"position":0}
{"ts":"2026-09-22T06:36:29.894Z","level":"info","msg":"fill ETH-USD BUY 0.0091 @ 2733.9 (maker)","intent":"quote-bid","fee":0.00311,"slipBps":-0.55,"position":-0.0182}
{"ts":"2026-09-22T06:36:30.173Z","level":"info","msg":"fill ETH-USD BUY 0.0091 @ 2733.7 (maker)","intent":"quote-bid","fee":0.00311,"slipBps":-0.55,"position":-0.0091}
{"ts":"2026-09-22T06:36:32.023Z","level":"info","msg":"fill ETH-USD BUY 0.0091 @ 2733.4 (maker)","intent":"quote-bid","fee":0.003109,"slipBps":-0.55,"position":0}
{"ts":"2026-09-22T06:36:32.027Z","level":"info","msg":"fill BTC-USD BUY 0.00029 @ 85463 (maker)","intent":"quote-bid","fee":0.003098,"slipBps":-0.06,"position":0.00029}
{"ts":"2026-09-22T06:36:36.367Z","level":"info","msg":"fill ETH-USD SELL 0.0091 @ 2733 (maker)","intent":"quote-ask","fee":0.003109,"slipBps":-0.18,"position":-0.0091}
{"ts":"2026-09-22T06:36:38.391Z","level":"info","msg":"fill ETH-USD SELL 0.0091 @ 2733.4 (maker)","intent":"quote-ask","fee":0.003109,"slipBps":-0.55,"position":-0.0182}
{"ts":"2026-09-22T06:36:38.763Z","level":"info","msg":"fill BTC-USD SELL 0.00029 @ 85455 (maker)","intent":"quote-ask","fee":0.003098,"slipBps":-0.06,"position":0}
{"ts":"2026-09-22T06:36:40.468Z","level":"info","msg":"fill BTC-USD SELL 0.00029 @ 85463 (maker)","intent":"quote-ask","fee":0.003098,"slipBps":-0.18,"position":-0.00029}
{"ts":"2026-09-22T06:36:40.547Z","level":"info","msg":"fill ETH-USD SELL 0.0091 @ 2733.9 (maker)","intent":"quote-ask","fee":0.00311,"slipBps":-0.91,"position":-0.0273}
{"ts":"2026-09-22T06:36:50.768Z","level":"info","msg":"fill BTC-USD SELL 0.00029 @ 85467 (maker)","intent":"quote-ask","fee":0.003098,"slipBps":-0.18,"position":-0.00058}
{"ts":"2026-09-22T06:37:01.218Z","level":"info","msg":"fill ETH-USD BUY 0.0091 @ 2734 (maker)","intent":"quote-bid","fee":0.00311,"slipBps":-0.55,"position":-0.0182}
{"ts":"2026-09-22T06:37:04.106Z","level":"info","msg":"fill ETH-USD BUY 0.0091 @ 2733.6 (maker)","intent":"quote-bid","fee":0.003109,"slipBps":-0.18,"position":-0.0091}
{"ts":"2026-09-22T06:37:04.115Z","level":"info","msg":"fill BTC-USD BUY 0.00029 @ 85473 (maker)","intent":"quote-bid","fee":0.003098,"slipBps":-0.06,"position":-0.00029}
{"ts":"2026-09-22T06:37:06.871Z","level":"info","msg":"fill ETH-USD SELL 0.0091 @ 2733.3 (maker)","intent":"quote-ask","fee":0.003109,"slipBps":-0.55,"position":-0.0182}
{"ts":"2026-09-22T06:37:15.963Z","level":"info","msg":"fill ETH-USD BUY 0.0091 @ 2733.5 (maker)","intent":"quote-bid","fee":0.003109,"slipBps":-0.18,"position":-0.0091}
{"ts":"2026-09-22T06:37:23.888Z","level":"info","msg":"fill ETH-USD SELL 0.0091 @ 2733.3 (maker)","intent":"quote-ask","fee":0.003109,"slipBps":-0.55,"position":-0.0182}
{"ts":"2026-09-22T06:37:26.389Z","level":"info","msg":"fill BTC-USD BUY 0.00029 @ 85464 (maker)","intent":"quote-bid","fee":0.003098,"slipBps":-0.18,"position":0}
{"ts":"2026-09-22T06:37:26.487Z","level":"info","msg":"fill ETH-USD BUY 0.0091 @ 2733.4 (maker)","intent":"quote-bid","fee":0.003109,"slipBps":-0.18,"position":-0.0091}
{"ts":"2026-09-22T06:37:36.556Z","level":"info","msg":"flatten start ETH-USD: position age","size":-0.0091,"phase":"passive","decisionMid":2732.95}
{"ts":"2026-09-22T06:37:44.634Z","level":"info","msg":"fill ETH-USD BUY 0.0091 @ 2733.7 (maker)","intent":"flatten-post","fee":0.00311,"slipBps":2.74,"position":0}
{"ts":"2026-09-22T06:37:44.738Z","level":"info","msg":"flatten ETH-USD -> idle","reason":"flat","size":0}
{"ts":"2026-09-22T06:37:45.905Z","level":"info","msg":"fill ETH-USD SELL 0.0091 @ 2733.6 (maker)","intent":"quote-ask","fee":0.003109,"slipBps":-0.18,"position":-0.0091}
{"ts":"2026-09-22T06:37:48.269Z","level":"info","msg":"fill BTC-USD SELL 0.00029 @ 85454 (maker)","intent":"quote-ask","fee":0.003098,"slipBps":-0.06,"position":-0.00029}
{"ts":"2026-09-22T06:37:48.310Z","level":"info","msg":"fill ETH-USD SELL 0.0091 @ 2734 (maker)","intent":"quote-ask","fee":0.00311,"slipBps":-0.55,"position":-0.0182}
{"ts":"2026-09-22T06:37:50.212Z","level":"info","msg":"fill ETH-USD SELL 0.0091 @ 2734.5 (maker)","intent":"quote-ask","fee":0.00311,"slipBps":-1.1,"position":-0.0273}
{"ts":"2026-09-22T06:37:50.216Z","level":"info","msg":"fill BTC-USD SELL 0.00029 @ 85478 (maker)","intent":"quote-ask","fee":0.003099,"slipBps":-0.18,"position":-0.00058}
{"ts":"2026-09-22T06:37:51.166Z","level":"info","msg":"fill BTC-USD SELL 0.00029 @ 85484 (maker)","intent":"quote-ask","fee":0.003099,"slipBps":-0.18,"position":-0.00087}
{"ts":"2026-09-22T06:37:55.466Z","level":"info","msg":"fill BTC-USD BUY 0.00029 @ 85492 (maker)","intent":"quote-bid","fee":0.003099,"slipBps":-0.18,"position":-0.00058}
{"ts":"2026-09-22T06:37:59.193Z","level":"info","msg":"fill BTC-USD SELL 0.00029 @ 85492 (maker)","intent":"quote-ask","fee":0.003099,"slipBps":-0.18,"position":-0.00087}
{"ts":"2026-09-22T06:37:59.254Z","level":"info","msg":"summary (periodic)\n[dry] 2026-09-22  volume $4815.73 (191 fills; maker $4741.47 / taker $74.26)\n  cost per $1: 0.000231  (= $231.37 per $1M)   net cost $1.1142   net P&L $-1.1142\n  maker fees $0.5927  taker fees $0.0297  funding $0.0000  slippage $-0.1433  inventory drift $-0.6352\n  budget $0.4790/$10.00  margin $14.91  max DD $1.1142  flattens 5 (avg slip 1.03 bps)  min liq dist 9.0%\n  $1M tier: ~1.4 days at this pace, ~$231.37 total cost"}
{"ts":"2026-09-22T06:37:59.255Z","level":"info","msg":"position BTC-USD -0.00087 @ 85478.67; liq 93171.75 (8.97% away)"}
{"ts":"2026-09-22T06:37:59.255Z","level":"info","msg":"position ETH-USD -0.0273 @ 2734.03; liq 2980.1 (8.95% away)"}
{"ts":"2026-09-22T06:38:06.800Z","level":"info","msg":"fill ETH-USD BUY 0.0091 @ 2735.7 (maker)","intent":"quote-bid","fee":0.003112,"slipBps":-0.55,"position":-0.0182}
{"ts":"2026-09-22T06:38:07.714Z","level":"info","msg":"fill ETH-USD SELL 0.0091 @ 2735.3 (maker)","intent":"quote-ask","fee":0.003111,"slipBps":-0.55,"position":-0.0273}
{"ts":"2026-09-22T06:38:15.528Z","level":"info","msg":"fill BTC-USD BUY 0.00029 @ 85500 (maker)","intent":"quote-bid","fee":0.003099,"slipBps":-0.06,"position":-0.00058}
{"ts":"2026-09-22T06:38:17.316Z","level":"info","msg":"fill ETH-USD BUY 0.0091 @ 2735.5 (maker)","intent":"quote-bid","fee":0.003112,"slipBps":-0.18,"position":-0.0182}
{"ts":"2026-09-22T06:38:18.592Z","level":"info","msg":"fill BTC-USD BUY 0.00029 @ 85494 (maker)","intent":"quote-bid","fee":0.003099,"slipBps":-0.18,"position":-0.00029}
{"ts":"2026-09-22T06:38:18.679Z","level":"info","msg":"fill ETH-USD BUY 0.0091 @ 2735.3 (maker)","intent":"quote-bid","fee":0.003111,"slipBps":-0.18,"position":-0.0091}
{"ts":"2026-09-22T06:38:23.464Z","level":"info","msg":"fill BTC-USD SELL 0.00029 @ 85493 (maker)","intent":"quote-ask","fee":0.003099,"slipBps":-0.18,"position":-0.00058}
{"ts":"2026-09-22T06:38:23.525Z","level":"info","msg":"fill ETH-USD SELL 0.0091 @ 2735.6 (maker)","intent":"quote-ask","fee":0.003112,"slipBps":-1.46,"position":-0.0182}
{"ts":"2026-09-22T06:38:28.192Z","level":"info","msg":"fill BTC-USD BUY 0.00029 @ 85498 (maker)","intent":"quote-bid","fee":0.003099,"slipBps":-0.18,"position":-0.00029}
{"ts":"2026-09-22T06:38:29.004Z","level":"info","msg":"fill ETH-USD BUY 0.0091 @ 2735.7 (maker)","intent":"quote-bid","fee":0.003112,"slipBps":-0.55,"position":-0.0091}
{"ts":"2026-09-22T06:38:29.043Z","level":"info","msg":"fill BTC-USD BUY 0.00029 @ 85496 (maker)","intent":"quote-bid","fee":0.003099,"slipBps":-0.18,"position":0}
{"ts":"2026-09-22T06:38:31.710Z","level":"info","msg":"fill ETH-USD BUY 0.0091 @ 2735.2 (maker)","intent":"quote-bid","fee":0.003111,"slipBps":-0.55,"position":0}
{"ts":"2026-09-22T06:38:34.333Z","level":"info","msg":"fill ETH-USD SELL 0.0091 @ 2735.1 (maker)","intent":"quote-ask","fee":0.003111,"slipBps":-0.18,"position":-0.0091}
{"ts":"2026-09-22T06:38:54.099Z","level":"info","msg":"fill ETH-USD SELL 0.0091 @ 2735.5 (maker)","intent":"quote-ask","fee":0.003112,"slipBps":-0.55,"position":-0.0182}
{"ts":"2026-09-22T06:38:57.428Z","level":"info","msg":"fill BTC-USD SELL 0.00029 @ 85495 (maker)","intent":"quote-ask","fee":0.003099,"slipBps":-0.06,"position":-0.00029}
{"ts":"2026-09-22T06:38:58.457Z","level":"info","msg":"fill BTC-USD SELL 0.00029 @ 85500 (maker)","intent":"quote-ask","fee":0.003099,"slipBps":-0.18,"position":-0.00058}
{"ts":"2026-09-22T06:38:58.897Z","level":"info","msg":"fill ETH-USD SELL 0.0091 @ 2735.9 (maker)","intent":"quote-ask","fee":0.003112,"slipBps":-0.55,"position":-0.0273}
{"ts":"2026-09-22T06:38:59.690Z","level":"info","msg":"fill BTC-USD SELL 0.00029 @ 85503 (maker)","intent":"quote-ask","fee":0.003099,"slipBps":-0.18,"position":-0.00087}
{"ts":"2026-09-22T06:39:19.056Z","level":"info","msg":"fill BTC-USD BUY 0.00029 @ 85547 (maker)","intent":"quote-bid","fee":0.003101,"slipBps":-0.18,"position":-0.00058}
{"ts":"2026-09-22T06:39:19.726Z","level":"info","msg":"fill ETH-USD BUY 0.0091 @ 2736.5 (maker)","intent":"quote-bid","fee":0.003113,"slipBps":-0.18,"position":-0.0182}
{"ts":"2026-09-22T06:39:21.969Z","level":"info","msg":"fill ETH-USD BUY 0.0091 @ 2736.2 (maker)","intent":"quote-bid","fee":0.003112,"slipBps":-0.55,"position":-0.0091}
{"ts":"2026-09-22T06:39:21.989Z","level":"info","msg":"fill BTC-USD BUY 0.00029 @ 85538 (maker)","intent":"quote-bid","fee":0.003101,"slipBps":-0.06,"position":-0.00029}
{"ts":"2026-09-22T06:39:23.414Z","level":"info","msg":"fill BTC-USD BUY 0.00029 @ 85536 (maker)","intent":"quote-bid","fee":0.003101,"slipBps":-0.18,"position":0}
{"ts":"2026-09-22T06:39:33.263Z","level":"info","msg":"fill BTC-USD BUY 0.00029 @ 85534 (maker)","intent":"quote-bid","fee":0.003101,"slipBps":-0.18,"position":0.00029}
{"ts":"2026-09-22T06:39:34.355Z","level":"info","msg":"flatten start ETH-USD: position age","size":-0.0091,"phase":"passive","decisionMid":2735.95}
{"ts":"2026-09-22T06:39:34.914Z","level":"info","msg":"fill ETH-USD BUY 0.0091 @ 2735.9 (maker)","intent":"flatten-post","fee":0.003112,"slipBps":-0.18,"position":0}
{"ts":"2026-09-22T06:39:34.988Z","level":"info","msg":"flatten ETH-USD -> idle","reason":"flat","size":0}
{"ts":"2026-09-22T06:39:35.268Z","level":"info","msg":"fill BTC-USD BUY 0.00029 @ 85526 (maker)","intent":"quote-bid","fee":0.0031,"slipBps":-0.18,"position":0.00058}
{"ts":"2026-09-22T06:39:36.425Z","level":"info","msg":"fill BTC-USD BUY 0.00029 @ 85523 (maker)","intent":"quote-bid","fee":0.0031,"slipBps":-0.18,"position":0.00087}
{"ts":"2026-09-22T06:39:36.551Z","level":"info","msg":"fill ETH-USD BUY 0.0091 @ 2735.3 (maker)","intent":"quote-bid","fee":0.003111,"slipBps":-0.55,"position":0.0091}
{"ts":"2026-09-22T06:39:37.664Z","level":"info","msg":"fill ETH-USD BUY 0.0091 @ 2734.5 (maker)","intent":"quote-bid","fee":0.00311,"slipBps":-1.1,"position":0.0182}
{"ts":"2026-09-22T06:39:39.084Z","level":"info","msg":"fill ETH-USD SELL 0.0091 @ 2734.4 (maker)","intent":"quote-ask","fee":0.00311,"slipBps":-0.18,"position":0.0091}
{"ts":"2026-09-22T06:39:39.183Z","level":"info","msg":"fill BTC-USD SELL 0.00029 @ 85488 (maker)","intent":"quote-ask","fee":0.003099,"slipBps":-0.06,"position":0.00058}
{"ts":"2026-09-22T06:39:39.603Z","level":"info","msg":"fill ETH-USD SELL 0.0091 @ 2735.2 (maker)","intent":"quote-ask","fee":0.003111,"slipBps":-1.1,"position":0}
{"ts":"2026-09-22T06:39:39.639Z","level":"info","msg":"fill BTC-USD SELL 0.00029 @ 85505 (maker)","intent":"quote-ask","fee":0.0031,"slipBps":-0.06,"position":0.00029}
{"ts":"2026-09-22T06:39:42.784Z","level":"info","msg":"fill ETH-USD BUY 0.0091 @ 2735.2 (maker)","intent":"quote-bid","fee":0.003111,"slipBps":-0.18,"position":0.0091}
{"ts":"2026-09-22T06:39:44.829Z","level":"info","msg":"fill ETH-USD BUY 0.0091 @ 2734.8 (maker)","intent":"quote-bid","fee":0.003111,"slipBps":-0.55,"position":0.0182}
{"ts":"2026-09-22T06:39:47.791Z","level":"info","msg":"fill ETH-USD SELL 0.0091 @ 2734.9 (maker)","intent":"quote-ask","fee":0.003111,"slipBps":-0.18,"position":0.0091}
{"ts":"2026-09-22T06:39:47.817Z","level":"info","msg":"fill BTC-USD SELL 0.00029 @ 85507 (maker)","intent":"quote-ask","fee":0.0031,"slipBps":-0.18,"position":0}
{"ts":"2026-09-22T06:39:51.458Z","level":"info","msg":"fill ETH-USD SELL 0.0091 @ 2735.4 (maker)","intent":"quote-ask","fee":0.003112,"slipBps":-1.1,"position":0}
{"ts":"2026-09-22T06:39:51.773Z","level":"info","msg":"fill BTC-USD SELL 0.00029 @ 85514 (maker)","intent":"quote-ask","fee":0.0031,"slipBps":-0.18,"position":-0.00029}
{"ts":"2026-09-22T06:39:53.410Z","level":"info","msg":"fill BTC-USD SELL 0.00029 @ 85524 (maker)","intent":"quote-ask","fee":0.0031,"slipBps":-0.18,"position":-0.00058}
{"ts":"2026-09-22T06:39:55.419Z","level":"info","msg":"fill ETH-USD SELL 0.0091 @ 2735.6 (maker)","intent":"quote-ask","fee":0.003112,"slipBps":-0.18,"position":-0.0091}
{"ts":"2026-09-22T06:39:55.428Z","level":"info","msg":"fill BTC-USD SELL 0.00029 @ 85530 (maker)","intent":"quote-ask","fee":0.0031,"slipBps":-0.18,"position":-0.00087}
{"ts":"2026-09-22T06:40:00.823Z","level":"info","msg":"fill BTC-USD BUY 0.00029 @ 85531 (maker)","intent":"quote-bid","fee":0.0031,"slipBps":-0.41,"position":-0.00058}
{"ts":"2026-09-22T06:40:00.851Z","level":"info","msg":"fill ETH-USD BUY 0.0091 @ 2735.7 (maker)","intent":"quote-bid","fee":0.003112,"slipBps":-0.55,"position":0}
{"ts":"2026-09-22T06:40:01.369Z","level":"info","msg":"fill BTC-USD BUY 0.00029 @ 85522 (maker)","intent":"quote-bid","fee":0.0031,"slipBps":-0.18,"position":-0.00029}
{"ts":"2026-09-22T06:40:01.419Z","level":"info","msg":"fill ETH-USD BUY 0.0091 @ 2735.2 (maker)","intent":"quote-bid","fee":0.003111,"slipBps":-0.55,"position":0.0091}
{"ts":"2026-09-22T06:40:02.799Z","level":"info","msg":"fill ETH-USD SELL 0.0091 @ 2735.2 (maker)","intent":"quote-ask","fee":0.003111,"slipBps":-0.55,"position":0}
{"ts":"2026-09-22T06:40:03.337Z","level":"info","msg":"fill ETH-USD SELL 0.0091 @ 2735.5 (maker)","intent":"quote-ask","fee":0.003112,"slipBps":-0.55,"position":-0.0091}
{"ts":"2026-09-22T06:40:03.865Z","level":"info","msg":"fill BTC-USD SELL 0.00029 @ 85520 (maker)","intent":"quote-ask","fee":0.0031,"slipBps":-0.18,"position":-0.00058}
{"ts":"2026-09-22T06:40:03.902Z","level":"info","msg":"fill ETH-USD SELL 0.0091 @ 2735.7 (maker)","intent":"quote-ask","fee":0.003112,"slipBps":-0.55,"position":-0.0182}
{"ts":"2026-09-22T06:40:09.436Z","level":"info","msg":"fill ETH-USD BUY 0.0091 @ 2735.9 (maker)","intent":"quote-bid","fee":0.003112,"slipBps":-0.55,"position":-0.0091}
{"ts":"2026-09-22T06:40:10.869Z","level":"info","msg":"fill ETH-USD SELL 0.0091 @ 2736 (maker)","intent":"quote-ask","fee":0.003112,"slipBps":-0.55,"position":-0.0182}
{"ts":"2026-09-22T06:40:12.999Z","level":"info","msg":"fill BTC-USD BUY 0.00029 @ 85542 (maker)","intent":"quote-bid","fee":0.003101,"slipBps":-0.06,"position":-0.00029}
{"ts":"2026-09-22T06:40:13.053Z","level":"info","msg":"fill ETH-USD BUY 0.0091 @ 2735.9 (maker)","intent":"quote-bid","fee":0.003112,"slipBps":-0.55,"position":-0.0091}
{"ts":"2026-09-22T06:40:14.537Z","level":"info","msg":"fill BTC-USD SELL 0.00029 @ 85535 (maker)","intent":"quote-ask","fee":0.003101,"slipBps":-0.23,"position":-0.00058}
{"ts":"2026-09-22T06:40:16.630Z","level":"info","msg":"fill BTC-USD BUY 0.00029 @ 85540 (maker)","intent":"quote-bid","fee":0.003101,"slipBps":-0.06,"position":-0.00029}
{"ts":"2026-09-22T06:40:17.042Z","level":"info","msg":"fill BTC-USD BUY 0.00029 @ 85537 (maker)","intent":"quote-bid","fee":0.003101,"slipBps":-0.06,"position":0}
{"ts":"2026-09-22T06:40:17.773Z","level":"info","msg":"fill ETH-USD BUY 0.0091 @ 2735.9 (maker)","intent":"quote-bid","fee":0.003112,"slipBps":-0.55,"position":0}
{"ts":"2026-09-22T06:40:21.036Z","level":"info","msg":"fill BTC-USD BUY 0.00029 @ 85526 (maker)","intent":"quote-bid","fee":0.0031,"slipBps":-0.18,"position":0.00029}
{"ts":"2026-09-22T06:40:21.272Z","level":"info","msg":"fill ETH-USD BUY 0.0091 @ 2735.4 (maker)","intent":"quote-bid","fee":0.003112,"slipBps":-0.55,"position":0.0091}
{"ts":"2026-09-22T06:40:22.972Z","level":"info","msg":"fill BTC-USD BUY 0.00029 @ 85518 (maker)","intent":"quote-bid","fee":0.0031,"slipBps":-0.18,"position":0.00058}
{"ts":"2026-09-22T06:40:24.357Z","level":"info","msg":"fill ETH-USD BUY 0.0091 @ 2735.1 (maker)","intent":"quote-bid","fee":0.003111,"slipBps":0.37,"position":0.0182}
{"ts":"2026-09-22T06:40:24.441Z","level":"info","msg":"fill BTC-USD BUY 0.00029 @ 85514 (maker)","intent":"quote-bid","fee":0.0031,"slipBps":-0.18,"position":0.00087}
{"ts":"2026-09-22T06:40:26.581Z","level":"info","msg":"fill ETH-USD BUY 0.0091 @ 2734.9 (maker)","intent":"quote-bid","fee":0.003111,"slipBps":-0.55,"position":0.0273}
{"ts":"2026-09-22T06:40:27.776Z","level":"info","msg":"fill ETH-USD SELL 0.0091 @ 2734.8 (maker)","intent":"quote-ask","fee":0.003111,"slipBps":-0.18,"position":0.0182}
{"ts":"2026-09-22T06:40:40.160Z","level":"info","msg":"fill ETH-USD SELL 0.0091 @ 2735.1 (maker)","intent":"quote-ask","fee":0.003111,"slipBps":-0.37,"position":0.0091}
{"ts":"2026-09-22T06:40:41.976Z","level":"info","msg":"fill ETH-USD BUY 0.0091 @ 2735.7 (maker)","intent":"quote-bid","fee":0.003112,"slipBps":-0.55,"position":0.0182}
{"ts":"2026-09-22T06:40:42.748Z","level":"info","msg":"fill ETH-USD BUY 0.0091 @ 2735 (maker)","intent":"quote-bid","fee":0.003111,"slipBps":-1.46,"position":0.0273}
{"ts":"2026-09-22T06:40:48.253Z","level":"info","msg":"fill ETH-USD SELL 0.0091 @ 2735.2 (maker)","intent":"quote-ask","fee":0.003111,"slipBps":-0.55,"position":0.0182}
{"ts":"2026-09-22T06:40:48.378Z","level":"info","msg":"fill BTC-USD SELL 0.00029 @ 85501 (maker)","intent":"quote-ask","fee":0.003099,"slipBps":-0.06,"position":0.00058}
{"ts":"2026-09-22T06:40:48.716Z","level":"info","msg":"fill ETH-USD BUY 0.0091 @ 2736 (maker)","intent":"quote-bid","fee":0.003112,"slipBps":-0.55,"position":0.0273}
{"ts":"2026-09-22T06:40:53.461Z","level":"info","msg":"fill ETH-USD SELL 0.0091 @ 2736.1 (maker)","intent":"quote-ask","fee":0.003112,"slipBps":-0.55,"position":0.0182}
{"ts":"2026-09-22T06:40:54.058Z","level":"info","msg":"fill ETH-USD SELL 0.0091 @ 2736.3 (maker)","intent":"quote-ask","fee":0.003113,"slipBps":-0.18,"position":0.0091}
{"ts":"2026-09-22T06:40:54.924Z","level":"info","msg":"fill ETH-USD BUY 0.0091 @ 2736.3 (maker)","intent":"quote-bid","fee":0.003113,"slipBps":-0.55,"position":0.0182}
{"ts":"2026-09-22T06:40:57.177Z","level":"info","msg":"fill BTC-USD SELL 0.00029 @ 85515 (maker)","intent":"quote-ask","fee":0.0031,"slipBps":-0.18,"position":0.00029}
{"ts":"2026-09-22T06:41:02.021Z","level":"info","msg":"fill BTC-USD SELL 0.00029 @ 85523 (maker)","intent":"quote-ask","fee":0.0031,"slipBps":-0.06,"position":0}
{"ts":"2026-09-22T06:41:02.782Z","level":"info","msg":"fill ETH-USD SELL 0.0091 @ 2736.1 (maker)","intent":"quote-ask","fee":0.003112,"slipBps":0.55,"position":0.0091}
{"ts":"2026-09-22T06:41:07.564Z","level":"info","msg":"fill ETH-USD BUY 0.0091 @ 2736 (maker)","intent":"quote-bid","fee":0.003112,"slipBps":-0.55,"position":0.0182}
{"ts":"2026-09-22T06:41:08.518Z","level":"info","msg":"fill ETH-USD SELL 0.0091 @ 2736 (maker)","intent":"quote-ask","fee":0.003112,"slipBps":-0.18,"position":0.0091}
{"ts":"2026-09-22T06:41:12.848Z","level":"info","msg":"fill ETH-USD BUY 0.0091 @ 2735.9 (maker)","intent":"quote-bid","fee":0.003112,"slipBps":-0.55,"position":0.0182}
{"ts":"2026-09-22T06:41:14.111Z","level":"info","msg":"fill ETH-USD SELL 0.0091 @ 2735.9 (maker)","intent":"quote-ask","fee":0.003112,"slipBps":-0.18,"position":0.0091}
{"ts":"2026-09-22T06:41:18.580Z","level":"info","msg":"fill ETH-USD SELL 0.0091 @ 2736 (maker)","intent":"quote-ask","fee":0.003112,"slipBps":-0.18,"position":0}
{"ts":"2026-09-22T06:41:22.209Z","level":"info","msg":"fill ETH-USD SELL 0.0091 @ 2735.9 (maker)","intent":"quote-ask","fee":0.003112,"slipBps":0,"position":-0.0091}
{"ts":"2026-09-22T06:41:34.600Z","level":"info","msg":"fill ETH-USD BUY 0.0091 @ 2736.1 (maker)","intent":"quote-bid","fee":0.003112,"slipBps":-0.18,"position":0}
{"ts":"2026-09-22T06:41:37.922Z","level":"info","msg":"fill ETH-USD SELL 0.0091 @ 2736 (maker)","intent":"quote-ask","fee":0.003112,"slipBps":-0.18,"position":-0.0091}
{"ts":"2026-09-22T06:41:40.103Z","level":"info","msg":"fill ETH-USD SELL 0.0091 @ 2736.2 (maker)","intent":"quote-ask","fee":0.003112,"slipBps":-0.55,"position":-0.0182}
{"ts":"2026-09-22T06:41:40.274Z","level":"info","msg":"fill BTC-USD SELL 0.00029 @ 85525 (maker)","intent":"quote-ask","fee":0.0031,"slipBps":-0.06,"position":-0.00029}
{"ts":"2026-09-22T06:41:42.299Z","level":"info","msg":"fill BTC-USD BUY 0.00029 @ 85524 (maker)","intent":"quote-bid","fee":0.0031,"slipBps":-0.18,"position":0}
{"ts":"2026-09-22T06:41:45.165Z","level":"info","msg":"fill ETH-USD BUY 0.0091 @ 2736.1 (maker)","intent":"quote-bid","fee":0.003112,"slipBps":-0.55,"position":-0.0091}
{"ts":"2026-09-22T06:41:45.917Z","level":"info","msg":"fill ETH-USD BUY 0.0091 @ 2735.9 (maker)","intent":"quote-bid","fee":0.003112,"slipBps":-0.55,"position":0}
{"ts":"2026-09-22T06:41:49.786Z","level":"info","msg":"fill ETH-USD SELL 0.0091 @ 2735.6 (maker)","intent":"quote-ask","fee":0.003112,"slipBps":-0.18,"position":-0.0091}
{"ts":"2026-09-22T06:41:53.983Z","level":"info","msg":"fill BTC-USD SELL 0.00029 @ 85521 (maker)","intent":"quote-ask","fee":0.0031,"slipBps":-0.06,"position":-0.00029}
{"ts":"2026-09-22T06:41:54.463Z","level":"info","msg":"fill ETH-USD SELL 0.0091 @ 2736.1 (maker)","intent":"quote-ask","fee":0.003112,"slipBps":-0.55,"position":-0.0182}
{"ts":"2026-09-22T06:41:57.168Z","level":"info","msg":"fill ETH-USD BUY 0.0091 @ 2736.1 (maker)","intent":"quote-bid","fee":0.003112,"slipBps":-0.55,"position":-0.0091}
{"ts":"2026-09-22T06:41:58.168Z","level":"info","msg":"fill ETH-USD SELL 0.0091 @ 2736.2 (maker)","intent":"quote-ask","fee":0.003112,"slipBps":-0.55,"position":-0.0182}
{"ts":"2026-09-22T06:41:58.174Z","level":"info","msg":"fill BTC-USD SELL 0.00029 @ 85529 (maker)","intent":"quote-ask","fee":0.0031,"slipBps":-0.18,"position":-0.00058}
{"ts":"2026-09-22T06:42:01.476Z","level":"info","msg":"fill ETH-USD BUY 0.0091 @ 2736.1 (maker)","intent":"quote-bid","fee":0.003112,"slipBps":-0.55,"position":-0.0091}
{"ts":"2026-09-22T06:42:03.275Z","level":"info","msg":"fill BTC-USD BUY 0.00029 @ 85533 (maker)","intent":"quote-bid","fee":0.003101,"slipBps":-0.18,"position":-0.00029}
{"ts":"2026-09-22T06:42:03.319Z","level":"info","msg":"fill ETH-USD BUY 0.0091 @ 2736 (maker)","intent":"quote-bid","fee":0.003112,"slipBps":-0.18,"position":0}
{"ts":"2026-09-22T06:42:03.427Z","level":"info","msg":"fill BTC-USD BUY 0.00029 @ 85530 (maker)","intent":"quote-bid","fee":0.0031,"slipBps":-0.18,"position":0}
{"ts":"2026-09-22T06:42:15.479Z","level":"info","msg":"fill BTC-USD BUY 0.00029 @ 85525 (maker)","intent":"quote-bid","fee":0.0031,"slipBps":-0.18,"position":0.00029}
{"ts":"2026-09-22T06:42:21.359Z","level":"info","msg":"fill ETH-USD SELL 0.0091 @ 2735.6 (maker)","intent":"quote-ask","fee":0.003112,"slipBps":-0.18,"position":-0.0091}
{"ts":"2026-09-22T06:42:22.441Z","level":"info","msg":"fill ETH-USD BUY 0.0091 @ 2735.6 (maker)","intent":"quote-bid","fee":0.003112,"slipBps":-0.55,"position":0}
{"ts":"2026-09-22T06:42:23.167Z","level":"info","msg":"fill ETH-USD BUY 0.0091 @ 2735.4 (maker)","intent":"quote-bid","fee":0.003112,"slipBps":-0.55,"position":0.0091}
{"ts":"2026-09-22T06:42:36.932Z","level":"info","msg":"fill ETH-USD BUY 0.0091 @ 2735.4 (maker)","intent":"quote-bid","fee":0.003112,"slipBps":-0.55,"position":0.0182}
{"ts":"2026-09-22T06:42:39.856Z","level":"info","msg":"fill ETH-USD SELL 0.0091 @ 2735.5 (maker)","intent":"quote-ask","fee":0.003112,"slipBps":-0.55,"position":0.0091}
{"ts":"2026-09-22T06:42:55.986Z","level":"info","msg":"fill ETH-USD BUY 0.0091 @ 2735.6 (maker)","intent":"quote-bid","fee":0.003112,"slipBps":-0.55,"position":0.0182}
{"ts":"2026-09-22T06:42:59.253Z","level":"info","msg":"summary (periodic)\n[dry] 2026-09-22  volume $7475.66 (298 fills; maker $7401.40 / taker $74.26)\n  cost per $1: 0.000208  (= $207.74 per $1M)   net cost $1.5530   net P&L $-1.5530\n  maker fees $0.9252  taker fees $0.0297  funding $0.0000  slippage $-0.2340  inventory drift $-0.8321\n  budget $0.7209/$10.00  margin $7.46  max DD $1.5539  flattens 6 (avg slip 0.83 bps)  min liq dist 9.0%\n  $1M tier: ~1.4 days at this pace, ~$207.74 total cost"}
{"ts":"2026-09-22T06:42:59.254Z","level":"info","msg":"position BTC-USD 0.00029 @ 85525; liq 77827.75 (9% away)"}
{"ts":"2026-09-22T06:42:59.254Z","level":"info","msg":"position ETH-USD 0.0182 @ 2735.5; liq 2489.31 (8.99% away)"}
{"ts":"2026-09-22T06:43:01.015Z","level":"info","msg":"fill BTC-USD BUY 0.00029 @ 85520 (maker)","intent":"quote-bid","fee":0.0031,"slipBps":-0.18,"position":0.00058}
{"ts":"2026-09-22T06:43:01.102Z","level":"info","msg":"fill ETH-USD BUY 0.0091 @ 2735.1 (maker)","intent":"quote-bid","fee":0.003111,"slipBps":-0.55,"position":0.0273}
{"ts":"2026-09-22T06:43:03.554Z","level":"info","msg":"fill ETH-USD SELL 0.0091 @ 2735 (maker)","intent":"quote-ask","fee":0.003111,"slipBps":-0.18,"position":0.0182}
{"ts":"2026-09-22T06:43:04.524Z","level":"info","msg":"fill BTC-USD BUY 0.00029 @ 85509 (maker)","intent":"quote-bid","fee":0.0031,"slipBps":-0.82,"position":0.00087}
{"ts":"2026-09-22T06:43:05.152Z","level":"info","msg":"fill ETH-USD BUY 0.0091 @ 2734.9 (maker)","intent":"quote-bid","fee":0.003111,"slipBps":-0.55,"position":0.0273}
{"ts":"2026-09-22T06:43:06.555Z","level":"info","msg":"fill ETH-USD SELL 0.0091 @ 2734.5 (maker)","intent":"quote-ask","fee":0.00311,"slipBps":-0.18,"position":0.0182}
{"ts":"2026-09-22T06:43:06.624Z","level":"info","msg":"fill BTC-USD SELL 0.00029 @ 85477 (maker)","intent":"quote-ask","fee":0.003099,"slipBps":-0.06,"position":0.00058}
{"ts":"2026-09-22T06:43:07.812Z","level":"info","msg":"fill ETH-USD BUY 0.0091 @ 2734.7 (maker)","intent":"quote-bid","fee":0.003111,"slipBps":-0.55,"position":0.0273}
{"ts":"2026-09-22T06:43:09.007Z","level":"info","msg":"fill ETH-USD SELL 0.0091 @ 2734.6 (maker)","intent":"quote-ask","fee":0.003111,"slipBps":-0.18,"position":0.0182}
{"ts":"2026-09-22T06:43:12.945Z","level":"info","msg":"fill BTC-USD BUY 0.00029 @ 85480 (maker)","intent":"quote-bid","fee":0.003099,"slipBps":-0.18,"position":0.00087}
{"ts":"2026-09-22T06:43:15.649Z","level":"info","msg":"flatten start BTC-USD: position age","size":0.00087,"phase":"passive","decisionMid":85481.5}
{"ts":"2026-09-22T06:43:17.818Z","level":"info","msg":"fill ETH-USD SELL 0.0091 @ 2734.7 (maker)","intent":"quote-ask","fee":0.003111,"slipBps":-0.18,"position":0.0091}
{"ts":"2026-09-22T06:43:18.606Z","level":"info","msg":"fill ETH-USD SELL 0.0091 @ 2735.1 (maker)","intent":"quote-ask","fee":0.003111,"slipBps":-0.55,"position":0}
{"ts":"2026-09-22T06:43:26.595Z","level":"info","msg":"fill ETH-USD BUY 0.0091 @ 2735 (maker)","intent":"quote-bid","fee":0.003111,"slipBps":-0.18,"position":0.0091}
{"ts":"2026-09-22T06:43:27.562Z","level":"info","msg":"fill ETH-USD BUY 0.0091 @ 2734.8 (maker)","intent":"quote-bid","fee":0.003111,"slipBps":-0.55,"position":0.0182}
{"ts":"2026-09-22T06:43:29.155Z","level":"info","msg":"fill ETH-USD SELL 0.0091 @ 2734.5 (maker)","intent":"quote-ask","fee":0.00311,"slipBps":-0.18,"position":0.0091}
{"ts":"2026-09-22T06:43:30.733Z","level":"info","msg":"flatten BTC-USD -> taker","reason":"taker exit (passive window elapsed)","size":0.00087}
{"ts":"2026-09-22T06:43:31.752Z","level":"info","msg":"flatten IOC BTC-USD sell 0.00087 limit 85439","reason":"taker exit (passive window elapsed)"}
{"ts":"2026-09-22T06:43:31.842Z","level":"info","msg":"fill BTC-USD SELL 0.00087 @ 85481 (taker)","intent":"flatten-ioc","fee":0.029747,"slipBps":0.06,"position":0}
{"ts":"2026-09-22T06:43:31.962Z","level":"info","msg":"flatten BTC-USD -> idle","reason":"flat","size":0}
{"ts":"2026-09-22T06:43:32.538Z","level":"info","msg":"fill ETH-USD SELL 0.0091 @ 2734.8 (maker)","intent":"quote-ask","fee":0.003111,"slipBps":-0.55,"position":0}
{"ts":"2026-09-22T06:43:33.436Z","level":"info","msg":"fill ETH-USD BUY 0.0091 @ 2734.5 (maker)","intent":"quote-bid","fee":0.00311,"slipBps":-0.55,"position":0.0091}
{"ts":"2026-09-22T06:43:37.718Z","level":"info","msg":"fill ETH-USD SELL 0.0091 @ 2734.5 (maker)","intent":"quote-ask","fee":0.00311,"slipBps":-0.18,"position":0}
{"ts":"2026-09-22T06:43:40.473Z","level":"info","msg":"fill ETH-USD BUY 0.0091 @ 2734.7 (maker)","intent":"quote-bid","fee":0.003111,"slipBps":-0.18,"position":0.0091}
{"ts":"2026-09-22T06:43:44.082Z","level":"info","msg":"fill ETH-USD SELL 0.0091 @ 2734.7 (maker)","intent":"quote-ask","fee":0.003111,"slipBps":-0.18,"position":0}
{"ts":"2026-09-22T06:43:45.509Z","level":"info","msg":"fill BTC-USD SELL 0.00029 @ 85483 (maker)","intent":"quote-ask","fee":0.003099,"slipBps":-0.18,"position":-0.00029}
{"ts":"2026-09-22T06:43:46.557Z","level":"info","msg":"fill BTC-USD BUY 0.00029 @ 85493 (maker)","intent":"quote-bid","fee":0.003099,"slipBps":-0.18,"position":0}
{"ts":"2026-09-22T06:43:48.221Z","level":"info","msg":"fill ETH-USD BUY 0.0091 @ 2734.6 (maker)","intent":"quote-bid","fee":0.003111,"slipBps":-0.18,"position":0.0091}
{"ts":"2026-09-22T06:44:03.492Z","level":"info","msg":"fill BTC-USD BUY 0.00029 @ 85480 (maker)","intent":"quote-bid","fee":0.003099,"slipBps":-0.18,"position":0.00029}
{"ts":"2026-09-22T06:44:05.344Z","level":"info","msg":"fill BTC-USD BUY 0.00029 @ 85478 (maker)","intent":"quote-bid","fee":0.003099,"slipBps":-0.18,"position":0.00058}
{"ts":"2026-09-22T06:44:05.362Z","level":"info","msg":"fill ETH-USD BUY 0.0091 @ 2734.4 (maker)","intent":"quote-bid","fee":0.00311,"slipBps":-0.55,"position":0.0182}
{"ts":"2026-09-22T06:44:06.987Z","level":"info","msg":"fill ETH-USD SELL 0.0091 @ 2734 (maker)","intent":"quote-ask","fee":0.00311,"slipBps":-0.18,"position":0.0091}
{"ts":"2026-09-22T06:44:21.397Z","level":"info","msg":"fill ETH-USD BUY 0.0091 @ 2734.1 (maker)","intent":"quote-bid","fee":0.00311,"slipBps":-0.55,"position":0.0182}
{"ts":"2026-09-22T06:44:22.665Z","level":"info","msg":"fill BTC-USD BUY 0.00029 @ 85467 (maker)","intent":"quote-bid","fee":0.003098,"slipBps":-0.18,"position":0.00087}
{"ts":"2026-09-22T06:44:22.818Z","level":"info","msg":"fill ETH-USD BUY 0.0091 @ 2733.9 (maker)","intent":"quote-bid","fee":0.00311,"slipBps":-0.55,"position":0.0273}
{"ts":"2026-09-22T06:44:25.250Z","level":"info","msg":"fill ETH-USD SELL 0.0091 @ 2733.5 (maker)","intent":"quote-ask","fee":0.003109,"slipBps":-0.18,"position":0.0182}
{"ts":"2026-09-22T06:44:25.691Z","level":"info","msg":"fill ETH-USD SELL 0.0091 @ 2733.6 (maker)","intent":"quote-ask","fee":0.003109,"slipBps":-0.18,"position":0.0091}
{"ts":"2026-09-22T06:44:26.602Z","level":"info","msg":"fill ETH-USD SELL 0.0091 @ 2734.1 (maker)","intent":"quote-ask","fee":0.00311,"slipBps":-0.18,"position":0}
{"ts":"2026-09-22T06:44:28.500Z","level":"info","msg":"fill ETH-USD SELL 0.0091 @ 2734.2 (maker)","intent":"quote-ask","fee":0.00311,"slipBps":-0.18,"position":-0.0091}
{"ts":"2026-09-22T06:44:36.072Z","level":"info","msg":"fill BTC-USD SELL 0.00029 @ 85460 (maker)","intent":"quote-ask","fee":0.003098,"slipBps":-0.06,"position":0.00058}
{"ts":"2026-09-22T06:44:36.105Z","level":"info","msg":"fill ETH-USD SELL 0.0091 @ 2734.5 (maker)","intent":"quote-ask","fee":0.00311,"slipBps":-0.55,"position":-0.0182}
{"ts":"2026-09-22T06:44:39.705Z","level":"info","msg":"fill ETH-USD BUY 0.0091 @ 2734.7 (maker)","intent":"quote-bid","fee":0.003111,"slipBps":-0.55,"position":-0.0091}
{"ts":"2026-09-22T06:44:45.457Z","level":"info","msg":"fill BTC-USD BUY 0.00029 @ 85467 (maker)","intent":"quote-bid","fee":0.003098,"slipBps":-0.18,"position":0.00087}
{"ts":"2026-09-22T06:45:01.580Z","level":"info","msg":"fill ETH-USD BUY 0.0091 @ 2734.4 (maker)","intent":"quote-bid","fee":0.00311,"slipBps":-0.55,"position":0}
{"ts":"2026-09-22T06:45:03.632Z","level":"info","msg":"flatten start BTC-USD: position age","size":0.00087,"phase":"passive","decisionMid":85463.5}
{"ts":"2026-09-22T06:45:06.293Z","level":"info","msg":"fill ETH-USD BUY 0.0091 @ 2734 (maker)","intent":"quote-bid","fee":0.00311,"slipBps":-0.55,"position":0.0091}
{"ts":"2026-09-22T06:45:18.650Z","level":"info","msg":"flatten BTC-USD -> taker","reason":"taker exit (passive window elapsed)","size":0.00087}
{"ts":"2026-09-22T06:45:19.684Z","level":"info","msg":"flatten IOC BTC-USD sell 0.00087 limit 85398","reason":"taker exit (passive window elapsed)"}
{"ts":"2026-09-22T06:45:19.776Z","level":"info","msg":"fill BTC-USD SELL 0.00087 @ 85440 (taker)","intent":"flatten-ioc","fee":0.029733,"slipBps":0.06,"position":0}
{"ts":"2026-09-22T06:45:19.896Z","level":"info","msg":"flatten BTC-USD -> idle","reason":"flat","size":0}
{"ts":"2026-09-22T06:46:00.146Z","level":"info","msg":"fill ETH-USD BUY 0.0091 @ 2733.6 (maker)","intent":"quote-bid","fee":0.003109,"slipBps":-0.55,"position":0.0182}
{"ts":"2026-09-22T06:46:01.616Z","level":"info","msg":"fill ETH-USD SELL 0.0091 @ 2733.6 (maker)","intent":"quote-ask","fee":0.003109,"slipBps":-0.18,"position":0.0091}
{"ts":"2026-09-22T06:46:01.966Z","level":"info","msg":"fill ETH-USD SELL 0.0091 @ 2733.7 (maker)","intent":"quote-ask","fee":0.00311,"slipBps":-0.18,"position":0}
{"ts":"2026-09-22T06:46:02.313Z","level":"info","msg":"fill BTC-USD SELL 0.00029 @ 85441 (maker)","intent":"quote-ask","fee":0.003097,"slipBps":-0.18,"position":-0.00029}
{"ts":"2026-09-22T06:46:02.494Z","level":"info","msg":"fill ETH-USD SELL 0.0091 @ 2734.1 (maker)","intent":"quote-ask","fee":0.00311,"slipBps":-0.18,"position":-0.0091}
{"ts":"2026-09-22T06:46:30.328Z","level":"info","msg":"fill BTC-USD BUY 0.00029 @ 85456 (maker)","intent":"quote-bid","fee":0.003098,"slipBps":-0.06,"position":0}
{"ts":"2026-09-22T06:46:30.372Z","level":"info","msg":"fill ETH-USD BUY 0.0091 @ 2734.1 (maker)","intent":"quote-bid","fee":0.00311,"slipBps":-0.55,"position":0}
{"ts":"2026-09-22T06:46:36.462Z","level":"info","msg":"fill ETH-USD SELL 0.0091 @ 2733.7 (maker)","intent":"quote-ask","fee":0.00311,"slipBps":-0.18,"position":-0.0091}
{"ts":"2026-09-22T06:46:40.769Z","level":"info","msg":"fill ETH-USD SELL 0.0091 @ 2734 (maker)","intent":"quote-ask","fee":0.00311,"slipBps":-0.55,"position":-0.0182}
{"ts":"2026-09-22T06:46:44.431Z","level":"info","msg":"fill ETH-USD BUY 0.0091 @ 2734 (maker)","intent":"quote-bid","fee":0.00311,"slipBps":-0.55,"position":-0.0091}
{"ts":"2026-09-22T06:46:44.641Z","level":"info","msg":"fill BTC-USD BUY 0.00029 @ 85445 (maker)","intent":"quote-bid","fee":0.003097,"slipBps":-0.06,"position":0.00029}
{"ts":"2026-09-22T06:46:45.142Z","level":"info","msg":"fill BTC-USD BUY 0.00029 @ 85443 (maker)","intent":"quote-bid","fee":0.003097,"slipBps":-0.18,"position":0.00058}
{"ts":"2026-09-22T06:46:55.636Z","level":"info","msg":"fill ETH-USD SELL 0.0091 @ 2733.8 (maker)","intent":"quote-ask","fee":0.00311,"slipBps":-0.55,"position":-0.0182}
{"ts":"2026-09-22T06:47:04.617Z","level":"info","msg":"fill ETH-USD SELL 0.0091 @ 2734 (maker)","intent":"quote-ask","fee":0.00311,"slipBps":-0.55,"position":-0.0273}
{"ts":"2026-09-22T06:47:06.923Z","level":"info","msg":"fill ETH-USD BUY 0.0091 @ 2733.9 (maker)","intent":"quote-bid","fee":0.00311,"slipBps":-0.55,"position":-0.0182}
{"ts":"2026-09-22T06:47:08.309Z","level":"info","msg":"fill ETH-USD BUY 0.0091 @ 2733.8 (maker)","intent":"quote-bid","fee":0.00311,"slipBps":-0.18,"position":-0.0091}
{"ts":"2026-09-22T06:47:10.110Z","level":"info","msg":"fill ETH-USD BUY 0.0091 @ 2733.4 (maker)","intent":"quote-bid","fee":0.003109,"slipBps":-0.55,"position":0}
{"ts":"2026-09-22T06:47:10.812Z","level":"info","msg":"fill ETH-USD BUY 0.0091 @ 2733.2 (maker)","intent":"quote-bid","fee":0.003109,"slipBps":-0.18,"position":0.0091}
{"ts":"2026-09-22T06:47:10.840Z","level":"info","msg":"fill BTC-USD BUY 0.00029 @ 85434 (maker)","intent":"quote-bid","fee":0.003097,"slipBps":-0.18,"position":0.00087}
{"ts":"2026-09-22T06:47:15.750Z","level":"info","msg":"fill ETH-USD SELL 0.0091 @ 2733.2 (maker)","intent":"quote-ask","fee":0.003109,"slipBps":-0.18,"position":0}
{"ts":"2026-09-22T06:47:27.149Z","level":"info","msg":"fill ETH-USD SELL 0.0091 @ 2733.3 (maker)","intent":"quote-ask","fee":0.003109,"slipBps":-0.18,"position":-0.0091}
{"ts":"2026-09-22T06:47:29.182Z","level":"info","msg":"fill ETH-USD SELL 0.0091 @ 2733.6 (maker)","intent":"quote-ask","fee":0.003109,"slipBps":-0.55,"position":-0.0182}
{"ts":"2026-09-22T06:47:34.476Z","level":"info","msg":"fill ETH-USD BUY 0.0091 @ 2733.5 (maker)","intent":"quote-bid","fee":0.003109,"slipBps":-0.55,"position":-0.0091}
{"ts":"2026-09-22T06:47:44.687Z","level":"info","msg":"flatten start BTC-USD: position age","size":0.00087,"phase":"passive","decisionMid":85416.5}
{"ts":"2026-09-22T06:47:59.261Z","level":"info","msg":"summary (periodic)\n[dry] 2026-09-22  volume $9190.36 (363 fills; maker $8967.39 / taker $222.96)\n  cost per $1: 0.000211  (= $210.56 per $1M)   net cost $1.9351   net P&L $-1.9351\n  maker fees $1.1209  taker fees $0.0892  funding $0.0000  slippage $-0.2837  inventory drift $-1.0087\n  budget $0.9264/$10.00  margin $9.92  max DD $1.9412  flattens 9 (avg slip 0.63 bps)  min liq dist 9.0%\n  $1M tier: ~1.5 days at this pace, ~$210.56 total cost"}
{"ts":"2026-09-22T06:47:59.262Z","level":"info","msg":"position BTC-USD 0.00087 @ 85440.67; liq 77751.01 (8.97% away)"}
{"ts":"2026-09-22T06:47:59.262Z","level":"info","msg":"position ETH-USD -0.0091 @ 2733.45; liq 2979.46 (9.01% away)"}
{"ts":"2026-09-22T06:47:59.806Z","level":"info","msg":"flatten BTC-USD -> taker","reason":"taker exit (passive window elapsed)","size":0.00087}
{"ts":"2026-09-22T06:48:00.870Z","level":"info","msg":"flatten IOC BTC-USD sell 0.00087 limit 85374","reason":"taker exit (passive window elapsed)"}
{"ts":"2026-09-22T06:48:00.961Z","level":"info","msg":"fill BTC-USD SELL 0.00087 @ 85416 (taker)","intent":"flatten-ioc","fee":0.029725,"slipBps":0.06,"position":0}
{"ts":"2026-09-22T06:48:01.083Z","level":"info","msg":"flatten BTC-USD -> idle","reason":"flat","size":0}
{"ts":"2026-09-22T06:48:01.385Z","level":"info","msg":"fill ETH-USD BUY 0.0091 @ 2733.1 (maker)","intent":"quote-bid","fee":0.003109,"slipBps":-0.55,"position":0}
{"ts":"2026-09-22T06:48:05.625Z","level":"info","msg":"fill ETH-USD SELL 0.0091 @ 2733.1 (maker)","intent":"quote-ask","fee":0.003109,"slipBps":-0.55,"position":-0.0091}
{"ts":"2026-09-22T06:48:11.876Z","level":"info","msg":"fill BTC-USD BUY 0.00029 @ 85416 (maker)","intent":"quote-bid","fee":0.003096,"slipBps":-0.06,"position":0.00029}
{"ts":"2026-09-22T06:48:30.359Z","level":"info","msg":"fill ETH-USD SELL 0.0091 @ 2733.3 (maker)","intent":"quote-ask","fee":0.003109,"slipBps":-0.55,"position":-0.0182}
{"ts":"2026-09-22T06:48:50.633Z","level":"info","msg":"fill BTC-USD SELL 0.00029 @ 85410 (maker)","intent":"quote-ask","fee":0.003096,"slipBps":-0.18,"position":0}
{"ts":"2026-09-22T06:48:53.475Z","level":"info","msg":"fill BTC-USD SELL 0.00029 @ 85418 (maker)","intent":"quote-ask","fee":0.003096,"slipBps":-0.18,"position":-0.00029}
{"ts":"2026-09-22T06:48:56.030Z","level":"info","msg":"fill ETH-USD SELL 0.0091 @ 2733.4 (maker)","intent":"quote-ask","fee":0.003109,"slipBps":-0.55,"position":-0.0273}
{"ts":"2026-09-22T06:48:56.677Z","level":"info","msg":"fill BTC-USD SELL 0.00029 @ 85428 (maker)","intent":"quote-ask","fee":0.003097,"slipBps":-0.18,"position":-0.00058}
{"ts":"2026-09-22T06:48:57.251Z","level":"info","msg":"fill BTC-USD SELL 0.00029 @ 85437 (maker)","intent":"quote-ask","fee":0.003097,"slipBps":-0.18,"position":-0.00087}
{"ts":"2026-09-22T06:49:02.803Z","level":"info","msg":"fill ETH-USD BUY 0.0091 @ 2734.2 (maker)","intent":"quote-bid","fee":0.00311,"slipBps":-0.55,"position":-0.0182}
{"ts":"2026-09-22T06:49:05.787Z","level":"info","msg":"flatten start ETH-USD: position age","size":-0.0182,"phase":"passive","decisionMid":2733.95}
{"ts":"2026-09-22T06:49:08.835Z","level":"info","msg":"fill BTC-USD BUY 0.00029 @ 85443 (maker)","intent":"quote-bid","fee":0.003097,"slipBps":-0.06,"position":-0.00058}
{"ts":"2026-09-22T06:49:08.895Z","level":"info","msg":"fill ETH-USD BUY 0.0182 @ 2733.9 (maker)","intent":"flatten-post","fee":0.00622,"slipBps":-0.18,"position":0}
{"ts":"2026-09-22T06:49:09.111Z","level":"info","msg":"flatten ETH-USD -> idle","reason":"flat","size":0}
{"ts":"2026-09-22T06:49:14.857Z","level":"info","msg":"fill BTC-USD BUY 0.00029 @ 85432 (maker)","intent":"quote-bid","fee":0.003097,"slipBps":-0.41,"position":-0.00029}
{"ts":"2026-09-22T06:49:15.600Z","level":"info","msg":"fill ETH-USD BUY 0.0091 @ 2733.4 (maker)","intent":"quote-bid","fee":0.003109,"slipBps":-0.55,"position":0.0091}
{"ts":"2026-09-22T06:49:15.712Z","level":"info","msg":"fill BTC-USD BUY 0.00029 @ 85430 (maker)","intent":"quote-bid","fee":0.003097,"slipBps":-0.18,"position":0}
{"ts":"2026-09-22T06:49:17.432Z","level":"info","msg":"fill ETH-USD SELL 0.0091 @ 2733.1 (maker)","intent":"quote-ask","fee":0.003109,"slipBps":-0.18,"position":0}
{"ts":"2026-09-22T06:49:18.342Z","level":"info","msg":"fill ETH-USD SELL 0.0091 @ 2733.3 (maker)","intent":"quote-ask","fee":0.003109,"slipBps":-0.55,"position":-0.0091}
{"ts":"2026-09-22T06:49:19.230Z","level":"info","msg":"fill BTC-USD BUY 0.00029 @ 85419 (maker)","intent":"quote-bid","fee":0.003096,"slipBps":-0.06,"position":0.00029}
{"ts":"2026-09-22T06:49:21.638Z","level":"info","msg":"fill ETH-USD BUY 0.0091 @ 2733.4 (maker)","intent":"quote-bid","fee":0.003109,"slipBps":-0.55,"position":0}
{"ts":"2026-09-22T06:49:25.251Z","level":"info","msg":"fill ETH-USD SELL 0.0091 @ 2733.5 (maker)","intent":"quote-ask","fee":0.003109,"slipBps":-0.55,"position":-0.0091}
{"ts":"2026-09-22T06:49:36.968Z","level":"info","msg":"fill ETH-USD BUY 0.0091 @ 2733.7 (maker)","intent":"quote-bid","fee":0.00311,"slipBps":-0.55,"position":0}
{"ts":"2026-09-22T06:49:37.888Z","level":"info","msg":"fill ETH-USD BUY 0.0091 @ 2733.5 (maker)","intent":"quote-bid","fee":0.003109,"slipBps":-0.55,"position":0.0091}
{"ts":"2026-09-22T06:49:48.109Z","level":"info","msg":"fill ETH-USD BUY 0.0091 @ 2733.2 (maker)","intent":"quote-bid","fee":0.003109,"slipBps":-0.55,"position":0.0182}
{"ts":"2026-09-22T06:49:54.764Z","level":"info","msg":"fill ETH-USD SELL 0.0091 @ 2733.1 (maker)","intent":"quote-ask","fee":0.003109,"slipBps":-0.18,"position":0.0091}
{"ts":"2026-09-22T06:49:55.919Z","level":"info","msg":"fill ETH-USD SELL 0.0091 @ 2733.4 (maker)","intent":"quote-ask","fee":0.003109,"slipBps":-0.55,"position":0}
{"ts":"2026-09-22T06:50:00.089Z","level":"info","msg":"fill ETH-USD BUY 0.0091 @ 2733.3 (maker)","intent":"quote-bid","fee":0.003109,"slipBps":-0.55,"position":0.0091}
{"ts":"2026-09-22T06:50:01.387Z","level":"info","msg":"fill ETH-USD BUY 0.0091 @ 2732.6 (maker)","intent":"quote-bid","fee":0.003108,"slipBps":-0.55,"position":0.0182}
{"ts":"2026-09-22T06:50:02.273Z","level":"info","msg":"fill BTC-USD BUY 0.00029 @ 85423 (maker)","intent":"quote-bid","fee":0.003097,"slipBps":-0.18,"position":0.00058}
{"ts":"2026-09-22T06:50:02.597Z","level":"info","msg":"fill BTC-USD BUY 0.00029 @ 85419 (maker)","intent":"quote-bid","fee":0.003096,"slipBps":-0.23,"position":0.00087}
{"ts":"2026-09-22T06:50:11.083Z","level":"info","msg":"fill ETH-USD SELL 0.0091 @ 2732.3 (maker)","intent":"quote-ask","fee":0.003108,"slipBps":-0.55,"position":0.0091}
{"ts":"2026-09-22T06:50:12.173Z","level":"info","msg":"fill ETH-USD SELL 0.0091 @ 2732.7 (maker)","intent":"quote-ask","fee":0.003108,"slipBps":-0.55,"position":0}
{"ts":"2026-09-22T06:50:12.630Z","level":"info","msg":"fill BTC-USD SELL 0.00029 @ 85420 (maker)","intent":"quote-ask","fee":0.003096,"slipBps":-0.18,"position":0.00058}
{"ts":"2026-09-22T06:50:12.643Z","level":"info","msg":"fill ETH-USD SELL 0.0091 @ 2733.1 (maker)","intent":"quote-ask","fee":0.003109,"slipBps":-0.55,"position":-0.0091}
{"ts":"2026-09-22T06:50:17.420Z","level":"info","msg":"fill ETH-USD BUY 0.0091 @ 2733.7 (maker)","intent":"quote-bid","fee":0.00311,"slipBps":-0.55,"position":0}
{"ts":"2026-09-22T06:50:19.352Z","level":"info","msg":"flatten start BTC-USD: position age","size":0.00058,"phase":"passive","decisionMid":85441.5}
{"ts":"2026-09-22T06:50:20.755Z","level":"info","msg":"fill ETH-USD SELL 0.0091 @ 2733.5 (maker)","intent":"quote-ask","fee":0.003109,"slipBps":-0.18,"position":-0.0091}
{"ts":"2026-09-22T06:50:22.715Z","level":"info","msg":"fill ETH-USD SELL 0.0091 @ 2733.9 (maker)","intent":"quote-ask","fee":0.00311,"slipBps":-0.55,"position":-0.0182}
{"ts":"2026-09-22T06:50:30.900Z","level":"info","msg":"fill ETH-USD BUY 0.0091 @ 2733.8 (maker)","intent":"quote-bid","fee":0.00311,"slipBps":-0.55,"position":-0.0091}
{"ts":"2026-09-22T06:50:33.154Z","level":"info","msg":"fill ETH-USD BUY 0.0091 @ 2733.7 (maker)","intent":"quote-bid","fee":0.00311,"slipBps":-0.18,"position":0}
{"ts":"2026-09-22T06:50:34.163Z","level":"info","msg":"fill ETH-USD SELL 0.0091 @ 2733.6 (maker)","intent":"quote-ask","fee":0.003109,"slipBps":-0.55,"position":-0.0091}
{"ts":"2026-09-22T06:50:34.353Z","level":"info","msg":"flatten BTC-USD -> taker","reason":"taker exit (passive window elapsed)","size":0.00058}
{"ts":"2026-09-22T06:50:35.391Z","level":"info","msg":"flatten IOC BTC-USD sell 0.00058 limit 85394","reason":"taker exit (passive window elapsed)"}
{"ts":"2026-09-22T06:50:35.531Z","level":"info","msg":"fill BTC-USD SELL 0.00058 @ 85436 (taker)","intent":"flatten-ioc","fee":0.019821,"slipBps":0.06,"position":0}
{"ts":"2026-09-22T06:50:35.605Z","level":"info","msg":"flatten BTC-USD -> idle","reason":"flat","size":0}
{"ts":"2026-09-22T06:50:38.879Z","level":"info","msg":"fill BTC-USD BUY 0.00029 @ 85436 (maker)","intent":"quote-bid","fee":0.003097,"slipBps":-0.06,"position":0.00029}
{"ts":"2026-09-22T06:50:41.119Z","level":"info","msg":"fill ETH-USD BUY 0.0091 @ 2733.5 (maker)","intent":"quote-bid","fee":0.003109,"slipBps":-0.55,"position":0}
{"ts":"2026-09-22T06:50:41.330Z","level":"info","msg":"fill ETH-USD BUY 0.0091 @ 2733.3 (maker)","intent":"quote-bid","fee":0.003109,"slipBps":-0.55,"position":0.0091}
{"ts":"2026-09-22T06:50:42.206Z","level":"info","msg":"fill BTC-USD BUY 0.00029 @ 85423 (maker)","intent":"quote-bid","fee":0.003097,"slipBps":-0.18,"position":0.00058}
{"ts":"2026-09-22T06:50:44.385Z","level":"info","msg":"fill ETH-USD SELL 0.0091 @ 2733 (maker)","intent":"quote-ask","fee":0.003109,"slipBps":-0.18,"position":0}
{"ts":"2026-09-22T06:50:49.041Z","level":"info","msg":"fill ETH-USD SELL 0.0091 @ 2733.1 (maker)","intent":"quote-ask","fee":0.003109,"slipBps":-0.18,"position":-0.0091}
{"ts":"2026-09-22T06:50:52.491Z","level":"info","msg":"fill ETH-USD SELL 0.0091 @ 2733.3 (maker)","intent":"quote-ask","fee":0.003109,"slipBps":-0.55,"position":-0.0182}
{"ts":"2026-09-22T06:50:58.303Z","level":"info","msg":"fill ETH-USD BUY 0.0091 @ 2733.2 (maker)","intent":"quote-bid","fee":0.003109,"slipBps":-0.18,"position":-0.0091}
{"ts":"2026-09-22T06:50:58.333Z","level":"info","msg":"fill BTC-USD BUY 0.00029 @ 85415 (maker)","intent":"quote-bid","fee":0.003096,"slipBps":-0.18,"position":0.00087}
{"ts":"2026-09-22T06:51:15.499Z","level":"info","msg":"fill ETH-USD SELL 0.0091 @ 2733.1 (maker)","intent":"quote-ask","fee":0.003109,"slipBps":-0.55,"position":-0.0182}
{"ts":"2026-09-22T06:51:17.486Z","level":"info","msg":"fill ETH-USD SELL 0.0091 @ 2733.3 (maker)","intent":"quote-ask","fee":0.003109,"slipBps":-0.55,"position":-0.0273}
{"ts":"2026-09-22T06:51:19.232Z","level":"info","msg":"fill BTC-USD SELL 0.00029 @ 85416 (maker)","intent":"quote-ask","fee":0.003096,"slipBps":-0.18,"position":0.00058}
{"ts":"2026-09-22T06:51:23.407Z","level":"info","msg":"fill ETH-USD BUY 0.0091 @ 2733.5 (maker)","intent":"quote-bid","fee":0.003109,"slipBps":-0.55,"position":-0.0182}
{"ts":"2026-09-22T06:51:24.345Z","level":"info","msg":"fill ETH-USD SELL 0.0091 @ 2733.6 (maker)","intent":"quote-ask","fee":0.003109,"slipBps":-0.55,"position":-0.0273}
{"ts":"2026-09-22T06:51:39.163Z","level":"info","msg":"flatten start BTC-USD: position age","size":0.00058,"phase":"passive","decisionMid":85420.5}
{"ts":"2026-09-22T06:51:46.782Z","level":"info","msg":"fill ETH-USD BUY 0.0091 @ 2733.9 (maker)","intent":"quote-bid","fee":0.00311,"slipBps":-0.55,"position":-0.0182}
{"ts":"2026-09-22T06:51:49.052Z","level":"info","msg":"flatten start ETH-USD: position age","size":-0.0182,"phase":"passive","decisionMid":2733.8500000000004}
{"ts":"2026-09-22T06:51:50.410Z","level":"info","msg":"fill ETH-USD BUY 0.0182 @ 2733.5 (maker)","intent":"flatten-post","fee":0.006219,"slipBps":-1.28,"position":0}
{"ts":"2026-09-22T06:51:50.494Z","level":"info","msg":"flatten ETH-USD -> idle","reason":"flat","size":0}
{"ts":"2026-09-22T06:51:54.539Z","level":"info","msg":"flatten BTC-USD -> taker","reason":"taker exit (passive window elapsed)","size":0.00058}
{"ts":"2026-09-22T06:51:55.572Z","level":"info","msg":"flatten IOC BTC-USD sell 0.00058 limit 85378","reason":"taker exit (passive window elapsed)"}
{"ts":"2026-09-22T06:51:55.681Z","level":"info","msg":"fill BTC-USD SELL 0.00058 @ 85420 (taker)","intent":"flatten-ioc","fee":0.019817,"slipBps":0.06,"position":0}
{"ts":"2026-09-22T06:51:55.785Z","level":"info","msg":"flatten BTC-USD -> idle","reason":"flat","size":0}
{"ts":"2026-09-22T06:52:03.067Z","level":"info","msg":"fill ETH-USD BUY 0.0091 @ 2733.2 (maker)","intent":"quote-bid","fee":0.003109,"slipBps":-0.55,"position":0.0091}
{"ts":"2026-09-22T06:52:04.640Z","level":"warn","msg":"shutting down: control/STOP file"}
{"ts":"2026-09-22T06:52:04.641Z","level":"warn","msg":"cancelling 2 order(s) on BTC-USD: shutdown: control/STOP file"}
{"ts":"2026-09-22T06:52:04.642Z","level":"warn","msg":"cancelling 2 order(s) on ETH-USD: shutdown: control/STOP file"}
{"ts":"2026-09-22T06:52:04.708Z","level":"info","msg":"fill ETH-USD SELL 0.0091 @ 2732.8 (maker)","intent":"quote-ask","fee":0.003109,"slipBps":-0.18,"position":0}
{"ts":"2026-09-22T06:52:04.736Z","level":"info","msg":"summary (exit: control/STOP file)\n[dry] 2026-09-22  volume $10829.70 (423 fills; maker $10433.33 / taker $396.37)\n  cost per $1: 0.000208  (= $207.71 per $1M)   net cost $2.2494   net P&L $-2.2494\n  maker fees $1.3042  taker fees $0.1585  funding $0.0000  slippage $-0.3425  inventory drift $-1.1291\n  budget $1.1202/$10.00  margin $0.00  max DD $2.2494  flattens 13 (avg slip 0.29 bps)  min liq dist n/a%\n  $1M tier: ~1.5 days at this pace, ~$207.71 total cost"}
{"ts":"2026-09-22T06:52:04.738Z","level":"info","msg":"exited","reason":"control/STOP file"}
