{"ts":"2026-09-22T07:50:52.881Z","level":"info","msg":"volume-bot starting in DRY mode","markets":["BTC-USD","ETH-USD"],"pid":22476}
{"ts":"2026-09-22T07:50:53.433Z","level":"info","msg":"clock synced with exchange","offsetMs":-360}
{"ts":"2026-09-22T07:50:53.649Z","level":"info","msg":"fee schedule has no \"crypto\" category; using \"equity\" rates for BTC-USD"}
{"ts":"2026-09-22T07:50:53.650Z","level":"info","msg":"fee schedule has no \"crypto\" category; using \"equity\" rates for ETH-USD"}
{"ts":"2026-09-22T07:50:53.650Z","level":"info","msg":"dry run uses fee override from config.sim","makerBps":-0.5,"takerBps":2}
{"ts":"2026-09-22T07:50:53.651Z","level":"info","msg":"state: no previous state, starting fresh","file":"logs/state-dry.json"}
{"ts":"2026-09-22T07:50:55.033Z","level":"info","msg":"ws: connected and resynced","iids":[6,7]}
{"ts":"2026-09-22T07:50:55.282Z","level":"info","msg":"engine running (TRADING)","mode":"dry","markets":["BTC-USD","ETH-USD"]}
{"ts":"2026-09-22T07:51:05.764Z","level":"info","msg":"fill BTC-USD SELL 0.00029 @ 85257 (maker)","intent":"quote-ask","fee":-0.001236,"slipBps":-0.18,"position":-0.00029}
{"ts":"2026-09-22T07:51:05.767Z","level":"info","msg":"fill ETH-USD SELL 0.0091 @ 2724.1 (maker)","intent":"quote-ask","fee":-0.001239,"slipBps":-0.18,"position":-0.0091}
{"ts":"2026-09-22T07:51:07.641Z","level":"info","msg":"fill ETH-USD BUY 0.0091 @ 2724.4 (maker)","intent":"quote-bid","fee":-0.00124,"slipBps":-0.55,"position":0}
{"ts":"2026-09-22T07:51:08.637Z","level":"info","msg":"fill BTC-USD BUY 0.00029 @ 85278 (maker)","intent":"quote-bid","fee":-0.001237,"slipBps":-0.18,"position":0}
{"ts":"2026-09-22T07:51:11.102Z","level":"info","msg":"fill ETH-USD BUY 0.0091 @ 2724 (maker)","intent":"quote-bid","fee":-0.001239,"slipBps":-0.18,"position":0.0091}
{"ts":"2026-09-22T07:51:16.324Z","level":"info","msg":"fill BTC-USD BUY 0.00029 @ 85273 (maker)","intent":"quote-bid","fee":-0.001236,"slipBps":-0.06,"position":0.00029}
{"ts":"2026-09-22T07:51:29.402Z","level":"info","msg":"fill ETH-USD BUY 0.0091 @ 2723.6 (maker)","intent":"quote-bid","fee":-0.001239,"slipBps":-0.55,"position":0.0182}
{"ts":"2026-09-22T07:51:41.778Z","level":"info","msg":"fill ETH-USD BUY 0.0091 @ 2723.5 (maker)","intent":"quote-bid","fee":-0.001239,"slipBps":-0.55,"position":0.0273}
{"ts":"2026-09-22T07:51:41.781Z","level":"info","msg":"fill BTC-USD BUY 0.00029 @ 85264 (maker)","intent":"quote-bid","fee":-0.001236,"slipBps":-0.18,"position":0.00058}
{"ts":"2026-09-22T07:51:43.276Z","level":"info","msg":"fill ETH-USD SELL 0.0091 @ 2723.4 (maker)","intent":"quote-ask","fee":-0.001239,"slipBps":-0.55,"position":0.0182}
{"ts":"2026-09-22T07:51:45.088Z","level":"info","msg":"fill ETH-USD SELL 0.0091 @ 2723.6 (maker)","intent":"quote-ask","fee":-0.001239,"slipBps":-0.55,"position":0.0091}
{"ts":"2026-09-22T07:51:45.248Z","level":"info","msg":"fill BTC-USD SELL 0.00029 @ 85256 (maker)","intent":"quote-ask","fee":-0.001236,"slipBps":-0.06,"position":0.00029}
{"ts":"2026-09-22T07:51:51.434Z","level":"info","msg":"fill BTC-USD BUY 0.00029 @ 85259 (maker)","intent":"quote-bid","fee":-0.001236,"slipBps":-0.18,"position":0.00058}
{"ts":"2026-09-22T07:51:51.618Z","level":"info","msg":"fill BTC-USD BUY 0.00029 @ 85254 (maker)","intent":"quote-bid","fee":-0.001236,"slipBps":-0.18,"position":0.00087}
{"ts":"2026-09-22T07:51:51.692Z","level":"info","msg":"fill ETH-USD BUY 0.0091 @ 2723.5 (maker)","intent":"quote-bid","fee":-0.001239,"slipBps":-0.55,"position":0.0182}
{"ts":"2026-09-22T07:51:59.176Z","level":"info","msg":"fill ETH-USD BUY 0.0091 @ 2723.1 (maker)","intent":"quote-bid","fee":-0.001239,"slipBps":-0.55,"position":0.0273}
{"ts":"2026-09-22T07:52:06.692Z","level":"info","msg":"fill ETH-USD SELL 0.0091 @ 2723.2 (maker)","intent":"quote-ask","fee":-0.001239,"slipBps":-0.55,"position":0.0182}
{"ts":"2026-09-22T07:52:06.829Z","level":"info","msg":"fill BTC-USD SELL 0.00029 @ 85254 (maker)","intent":"quote-ask","fee":-0.001236,"slipBps":-0.18,"position":0.00058}
{"ts":"2026-09-22T07:52:09.355Z","level":"info","msg":"fill BTC-USD SELL 0.00029 @ 85264 (maker)","intent":"quote-ask","fee":-0.001236,"slipBps":-0.18,"position":0.00029}
{"ts":"2026-09-22T07:52:11.118Z","level":"info","msg":"fill BTC-USD BUY 0.00029 @ 85270 (maker)","intent":"quote-bid","fee":-0.001236,"slipBps":-0.18,"position":0.00058}
{"ts":"2026-09-22T07:52:11.295Z","level":"info","msg":"flatten start ETH-USD: position age","size":0.0182,"phase":"passive","decisionMid":2724.3500000000004}
{"ts":"2026-09-22T07:52:16.450Z","level":"info","msg":"flatten start BTC-USD: position age","size":0.00058,"phase":"passive","decisionMid":85263.5}
{"ts":"2026-09-22T07:52:24.453Z","level":"info","msg":"fill ETH-USD SELL 0.0182 @ 2723.8 (maker)","intent":"flatten-post","fee":-0.002479,"slipBps":2.02,"position":0}
{"ts":"2026-09-22T07:52:24.573Z","level":"info","msg":"flatten ETH-USD -> idle","reason":"flat","size":0}
{"ts":"2026-09-22T07:52:24.766Z","level":"info","msg":"fill ETH-USD SELL 0.0091 @ 2723.9 (maker)","intent":"quote-ask","fee":-0.001239,"slipBps":-0.18,"position":-0.0091}
{"ts":"2026-09-22T07:52:24.837Z","level":"info","msg":"fill BTC-USD SELL 0.00058 @ 85258 (maker)","intent":"flatten-post","fee":-0.002472,"slipBps":0.65,"position":0}
{"ts":"2026-09-22T07:52:24.974Z","level":"info","msg":"flatten BTC-USD -> idle","reason":"flat","size":0}
{"ts":"2026-09-22T07:52:32.200Z","level":"info","msg":"fill ETH-USD BUY 0.0091 @ 2724.2 (maker)","intent":"quote-bid","fee":-0.00124,"slipBps":-0.18,"position":0}
{"ts":"2026-09-22T07:53:04.289Z","level":"info","msg":"fill ETH-USD SELL 0.0091 @ 2724.3 (maker)","intent":"quote-ask","fee":-0.00124,"slipBps":-0.55,"position":-0.0091}
{"ts":"2026-09-22T07:53:04.318Z","level":"info","msg":"fill BTC-USD SELL 0.00029 @ 85267 (maker)","intent":"quote-ask","fee":-0.001236,"slipBps":-0.18,"position":-0.00029}
{"ts":"2026-09-22T07:53:04.928Z","level":"info","msg":"fill BTC-USD SELL 0.00029 @ 85292 (maker)","intent":"quote-ask","fee":-0.001237,"slipBps":-0.18,"position":-0.00058}
{"ts":"2026-09-22T07:53:07.371Z","level":"info","msg":"fill ETH-USD BUY 0.0091 @ 2725.3 (maker)","intent":"quote-bid","fee":-0.00124,"slipBps":-0.18,"position":0}
{"ts":"2026-09-22T07:53:07.487Z","level":"info","msg":"fill BTC-USD BUY 0.00029 @ 85295 (maker)","intent":"quote-bid","fee":-0.001237,"slipBps":-0.18,"position":-0.00029}
{"ts":"2026-09-22T07:53:08.571Z","level":"info","msg":"fill ETH-USD BUY 0.0091 @ 2724.8 (maker)","intent":"quote-bid","fee":-0.00124,"slipBps":-0.55,"position":0.0091}
{"ts":"2026-09-22T07:53:11.075Z","level":"info","msg":"fill BTC-USD BUY 0.00029 @ 85293 (maker)","intent":"quote-bid","fee":-0.001237,"slipBps":-0.18,"position":0}
{"ts":"2026-09-22T07:53:12.486Z","level":"info","msg":"fill BTC-USD BUY 0.00029 @ 85290 (maker)","intent":"quote-bid","fee":-0.001237,"slipBps":-0.18,"position":0.00029}
{"ts":"2026-09-22T07:53:12.490Z","level":"info","msg":"fill ETH-USD BUY 0.0091 @ 2724.6 (maker)","intent":"quote-bid","fee":-0.00124,"slipBps":-0.55,"position":0.0182}
{"ts":"2026-09-22T07:53:15.534Z","level":"info","msg":"fill BTC-USD BUY 0.00029 @ 85288 (maker)","intent":"quote-bid","fee":-0.001237,"slipBps":-0.18,"position":0.00058}
{"ts":"2026-09-22T07:53:15.840Z","level":"info","msg":"fill BTC-USD BUY 0.00029 @ 85285 (maker)","intent":"quote-bid","fee":-0.001237,"slipBps":-0.18,"position":0.00087}
{"ts":"2026-09-22T07:53:33.204Z","level":"info","msg":"fill ETH-USD BUY 0.0091 @ 2724.2 (maker)","intent":"quote-bid","fee":-0.00124,"slipBps":-0.55,"position":0.0273}
{"ts":"2026-09-22T07:53:39.043Z","level":"info","msg":"fill ETH-USD SELL 0.0091 @ 2723.6 (maker)","intent":"quote-ask","fee":-0.001239,"slipBps":-0.55,"position":0.0182}
{"ts":"2026-09-22T07:53:44.394Z","level":"info","msg":"fill BTC-USD SELL 0.00029 @ 85273 (maker)","intent":"quote-ask","fee":-0.001236,"slipBps":-0.06,"position":0.00058}
{"ts":"2026-09-22T07:53:44.792Z","level":"info","msg":"fill ETH-USD SELL 0.0091 @ 2724.3 (maker)","intent":"quote-ask","fee":-0.00124,"slipBps":-0.55,"position":0.0091}
{"ts":"2026-09-22T07:53:44.843Z","level":"info","msg":"fill BTC-USD SELL 0.00029 @ 85278 (maker)","intent":"quote-ask","fee":-0.001237,"slipBps":-0.12,"position":0.00029}
{"ts":"2026-09-22T07:53:46.558Z","level":"info","msg":"fill ETH-USD SELL 0.0091 @ 2724.7 (maker)","intent":"quote-ask","fee":-0.00124,"slipBps":-0.55,"position":0}
{"ts":"2026-09-22T07:53:46.579Z","level":"info","msg":"fill BTC-USD SELL 0.00029 @ 85288 (maker)","intent":"quote-ask","fee":-0.001237,"slipBps":-0.18,"position":0}
{"ts":"2026-09-22T07:53:55.447Z","level":"info","msg":"fill ETH-USD BUY 0.0091 @ 2725 (maker)","intent":"quote-bid","fee":-0.00124,"slipBps":-0.18,"position":0.0091}
{"ts":"2026-09-22T07:53:56.511Z","level":"info","msg":"fill ETH-USD BUY 0.0091 @ 2724.4 (maker)","intent":"quote-bid","fee":-0.00124,"slipBps":-0.55,"position":0.0182}
{"ts":"2026-09-22T07:53:57.588Z","level":"info","msg":"fill BTC-USD BUY 0.00029 @ 85295 (maker)","intent":"quote-bid","fee":-0.001237,"slipBps":-0.06,"position":0.00029}
{"ts":"2026-09-22T07:54:05.181Z","level":"info","msg":"fill BTC-USD BUY 0.00029 @ 85292 (maker)","intent":"quote-bid","fee":-0.001237,"slipBps":-0.18,"position":0.00058}
{"ts":"2026-09-22T07:54:05.316Z","level":"info","msg":"fill BTC-USD BUY 0.00029 @ 85290 (maker)","intent":"quote-bid","fee":-0.001237,"slipBps":-0.18,"position":0.00087}
{"ts":"2026-09-22T07:54:05.389Z","level":"info","msg":"fill ETH-USD BUY 0.0091 @ 2724.2 (maker)","intent":"quote-bid","fee":-0.00124,"slipBps":-0.55,"position":0.0273}
{"ts":"2026-09-22T07:54:06.175Z","level":"info","msg":"fill ETH-USD SELL 0.0091 @ 2724.4 (maker)","intent":"quote-ask","fee":-0.00124,"slipBps":-0.92,"position":0.0182}
{"ts":"2026-09-22T07:54:06.291Z","level":"info","msg":"fill BTC-USD SELL 0.00029 @ 85294 (maker)","intent":"quote-ask","fee":-0.001237,"slipBps":-0.06,"position":0.00058}
{"ts":"2026-09-22T07:54:09.529Z","level":"info","msg":"fill BTC-USD BUY 0.00029 @ 85313 (maker)","intent":"quote-bid","fee":-0.001237,"slipBps":-0.18,"position":0.00087}
{"ts":"2026-09-22T07:54:55.576Z","level":"info","msg":"flatten start ETH-USD: position age","size":0.0182,"phase":"passive","decisionMid":2725.55}
{"ts":"2026-09-22T07:54:57.600Z","level":"info","msg":"flatten start BTC-USD: position age","size":0.00087,"phase":"passive","decisionMid":85298.5}
{"ts":"2026-09-22T07:55:06.007Z","level":"info","msg":"fill ETH-USD SELL 0.0182 @ 2724.1 (maker)","intent":"flatten-post","fee":-0.002479,"slipBps":5.32,"position":0}
{"ts":"2026-09-22T07:55:06.151Z","level":"info","msg":"flatten ETH-USD -> idle","reason":"flat","size":0}
{"ts":"2026-09-22T07:55:12.636Z","level":"info","msg":"flatten BTC-USD -> taker","reason":"taker exit (passive window elapsed)","size":0.00087}
{"ts":"2026-09-22T07:55:13.645Z","level":"info","msg":"flatten IOC BTC-USD sell 0.00087 limit 85247","reason":"taker exit (passive window elapsed)"}
{"ts":"2026-09-22T07:55:13.741Z","level":"info","msg":"fill BTC-USD SELL 0.00087 @ 85289 (taker)","intent":"flatten-ioc","fee":0.01484,"slipBps":0.06,"position":0}
{"ts":"2026-09-22T07:55:13.849Z","level":"info","msg":"flatten BTC-USD -> idle","reason":"flat","size":0}
{"ts":"2026-09-22T07:55:18.510Z","level":"info","msg":"fill ETH-USD BUY 0.0091 @ 2724.4 (maker)","intent":"quote-bid","fee":-0.00124,"slipBps":-0.55,"position":0.0091}
{"ts":"2026-09-22T07:55:49.104Z","level":"info","msg":"fill BTC-USD BUY 0.00029 @ 85288 (maker)","intent":"quote-bid","fee":-0.001237,"slipBps":-0.18,"position":0.00029}
{"ts":"2026-09-22T07:55:55.289Z","level":"info","msg":"summary (periodic)\n[dry] 2026-09-22  volume $1485.54 (55 fills; maker $1411.34 / taker $74.20)\n  cost per $1: 0.000012  (= $12.11 per $1M)   net cost $0.0180   net P&L $-0.0180\n  maker fees $-0.0706  taker fees $0.0148  funding $0.0000  slippage $0.0007  inventory drift $-0.0730\n  budget $-0.0550/$5.00  margin $4.95  max DD $0.0626  flattens 4 (avg slip 2.01 bps)  min liq dist 9.0%\n  $1M tier: ~2.3 days at this pace, ~$12.11 total cost"}
{"ts":"2026-09-22T07:55:55.289Z","level":"info","msg":"position BTC-USD 0.00029 @ 85288; liq 77612.08 (9% away)"}
{"ts":"2026-09-22T07:55:55.289Z","level":"info","msg":"position ETH-USD 0.0091 @ 2724.4; liq 2479.2 (8.99% away)"}
{"ts":"2026-09-22T07:56:07.940Z","level":"info","msg":"fill ETH-USD BUY 0.0091 @ 2723.9 (maker)","intent":"quote-bid","fee":-0.001239,"slipBps":-0.55,"position":0.0182}
{"ts":"2026-09-22T07:56:12.594Z","level":"info","msg":"fill BTC-USD BUY 0.00029 @ 85283 (maker)","intent":"quote-bid","fee":-0.001237,"slipBps":-0.18,"position":0.00058}
{"ts":"2026-09-22T07:56:16.606Z","level":"info","msg":"fill ETH-USD BUY 0.0091 @ 2723.5 (maker)","intent":"quote-bid","fee":-0.001239,"slipBps":-0.55,"position":0.0273}
{"ts":"2026-09-22T07:56:18.548Z","level":"info","msg":"flatten start ETH-USD: position age","size":0.0273,"phase":"passive","decisionMid":2723.3500000000004}
{"ts":"2026-09-22T07:56:19.975Z","level":"info","msg":"fill ETH-USD SELL 0.0273 @ 2723.4 (maker)","intent":"flatten-post","fee":-0.003717,"slipBps":-0.18,"position":0}
{"ts":"2026-09-22T07:56:20.171Z","level":"info","msg":"flatten ETH-USD -> idle","reason":"flat","size":0}
{"ts":"2026-09-22T07:56:22.446Z","level":"info","msg":"fill ETH-USD SELL 0.0091 @ 2723.7 (maker)","intent":"quote-ask","fee":-0.001239,"slipBps":-0.55,"position":-0.0091}
{"ts":"2026-09-22T07:56:32.934Z","level":"info","msg":"fill ETH-USD SELL 0.0091 @ 2724 (maker)","intent":"quote-ask","fee":-0.001239,"slipBps":-0.55,"position":-0.0182}
{"ts":"2026-09-22T07:56:33.055Z","level":"info","msg":"fill ETH-USD SELL 0.0091 @ 2724.4 (maker)","intent":"quote-ask","fee":-0.00124,"slipBps":-0.73,"position":-0.0273}
{"ts":"2026-09-22T07:56:33.196Z","level":"info","msg":"fill BTC-USD SELL 0.00029 @ 85282 (maker)","intent":"quote-ask","fee":-0.001237,"slipBps":-0.06,"position":0.00029}
{"ts":"2026-09-22T07:56:35.058Z","level":"info","msg":"fill BTC-USD SELL 0.00029 @ 85290 (maker)","intent":"quote-ask","fee":-0.001237,"slipBps":-0.18,"position":0}
{"ts":"2026-09-22T07:56:47.678Z","level":"info","msg":"fill ETH-USD BUY 0.0091 @ 2725.1 (maker)","intent":"quote-bid","fee":-0.00124,"slipBps":-0.18,"position":-0.0182}
{"ts":"2026-09-22T07:56:55.506Z","level":"info","msg":"fill BTC-USD BUY 0.00029 @ 85308 (maker)","intent":"quote-bid","fee":-0.001237,"slipBps":-0.06,"position":0.00029}
{"ts":"2026-09-22T07:56:55.825Z","level":"info","msg":"fill ETH-USD BUY 0.0091 @ 2724.9 (maker)","intent":"quote-bid","fee":-0.00124,"slipBps":-0.18,"position":-0.0091}
{"ts":"2026-09-22T07:57:02.488Z","level":"info","msg":"fill ETH-USD SELL 0.0091 @ 2725 (maker)","intent":"quote-ask","fee":-0.00124,"slipBps":-0.55,"position":-0.0182}
{"ts":"2026-09-22T07:57:11.633Z","level":"info","msg":"fill ETH-USD BUY 0.0091 @ 2725.2 (maker)","intent":"quote-bid","fee":-0.00124,"slipBps":-0.18,"position":-0.0091}
{"ts":"2026-09-22T07:57:20.595Z","level":"info","msg":"fill ETH-USD BUY 0.0091 @ 2725.1 (maker)","intent":"quote-bid","fee":-0.00124,"slipBps":-0.55,"position":0}
{"ts":"2026-09-22T07:57:20.614Z","level":"info","msg":"fill BTC-USD BUY 0.00029 @ 85298 (maker)","intent":"quote-bid","fee":-0.001237,"slipBps":-0.18,"position":0.00058}
{"ts":"2026-09-22T07:57:22.498Z","level":"info","msg":"fill BTC-USD BUY 0.00029 @ 85265 (maker)","intent":"quote-bid","fee":-0.001236,"slipBps":-0.18,"position":0.00087}
{"ts":"2026-09-22T07:57:23.020Z","level":"info","msg":"fill ETH-USD BUY 0.0091 @ 2724.2 (maker)","intent":"quote-bid","fee":-0.00124,"slipBps":-0.73,"position":0.0091}
{"ts":"2026-09-22T07:57:26.842Z","level":"info","msg":"fill ETH-USD SELL 0.0091 @ 2724.1 (maker)","intent":"quote-ask","fee":-0.001239,"slipBps":-0.18,"position":0}
{"ts":"2026-09-22T07:57:27.790Z","level":"info","msg":"fill BTC-USD SELL 0.00029 @ 85261 (maker)","intent":"quote-ask","fee":-0.001236,"slipBps":-0.18,"position":0.00058}
{"ts":"2026-09-22T07:57:29.910Z","level":"info","msg":"fill ETH-USD BUY 0.0091 @ 2724.4 (maker)","intent":"quote-bid","fee":-0.00124,"slipBps":-0.55,"position":0.0091}
{"ts":"2026-09-22T07:57:44.798Z","level":"info","msg":"fill ETH-USD BUY 0.0091 @ 2724.2 (maker)","intent":"quote-bid","fee":-0.00124,"slipBps":-0.55,"position":0.0182}
{"ts":"2026-09-22T07:57:45.885Z","level":"info","msg":"fill BTC-USD BUY 0.00029 @ 85260 (maker)","intent":"quote-bid","fee":-0.001236,"slipBps":-0.18,"position":0.00087}
{"ts":"2026-09-22T07:57:55.664Z","level":"info","msg":"flatten start BTC-USD: position age","size":0.00087,"phase":"passive","decisionMid":85249.5}
{"ts":"2026-09-22T07:58:10.691Z","level":"info","msg":"flatten BTC-USD -> taker","reason":"taker exit (passive window elapsed)","size":0.00087}
{"ts":"2026-09-22T07:58:11.701Z","level":"info","msg":"flatten IOC BTC-USD sell 0.00087 limit 85207","reason":"taker exit (passive window elapsed)"}
{"ts":"2026-09-22T07:58:11.795Z","level":"info","msg":"fill BTC-USD SELL 0.00087 @ 85249 (taker)","intent":"flatten-ioc","fee":0.014833,"slipBps":2.46,"position":0}
{"ts":"2026-09-22T07:58:11.902Z","level":"info","msg":"flatten BTC-USD -> idle","reason":"flat","size":0}
{"ts":"2026-09-22T07:58:29.965Z","level":"info","msg":"flatten start ETH-USD: position age","size":0.0182,"phase":"passive","decisionMid":2725}
{"ts":"2026-09-22T07:58:45.139Z","level":"info","msg":"flatten ETH-USD -> extended","reason":"extended passive exit","size":0.0182}
{"ts":"2026-09-22T07:58:55.294Z","level":"info","msg":"flatten ETH-USD -> taker","reason":"taker exit (extension elapsed)","size":0.0182}
{"ts":"2026-09-22T07:58:56.318Z","level":"info","msg":"flatten IOC ETH-USD sell 0.0182 limit 2722.7","reason":"taker exit (extension elapsed)"}
{"ts":"2026-09-22T07:58:56.408Z","level":"info","msg":"fill ETH-USD SELL 0.0182 @ 2724 (taker)","intent":"flatten-ioc","fee":0.009915,"slipBps":5.51,"position":0}
{"ts":"2026-09-22T07:58:56.523Z","level":"info","msg":"flatten ETH-USD -> idle","reason":"flat","size":0}
{"ts":"2026-09-22T08:00:55.290Z","level":"info","msg":"summary (periodic)\n[dry] 2026-09-22  volume $2228.57 (80 fills; maker $2030.63 / taker $197.94)\n  cost per $1: 0.000042  (= $42.14 per $1M)   net cost $0.0939   net P&L $-0.0939\n  maker fees $-0.1015  taker fees $0.0396  funding $0.0000  slippage $0.0257  inventory drift $-0.1302\n  budget $-0.0363/$5.00  margin $0.00  max DD $0.1378  flattens 7 (avg slip 2.26 bps)  min liq dist n/a%\n  $1M tier: ~3.1 days at this pace, ~$42.14 total cost"}
{"ts":"2026-09-22T08:01:05.488Z","level":"warn","msg":"shutting down: control/STOP file"}
{"ts":"2026-09-22T08:01:05.489Z","level":"warn","msg":"cancelling 2 order(s) on BTC-USD: shutdown: control/STOP file"}
{"ts":"2026-09-22T08:01:05.489Z","level":"warn","msg":"cancelling 2 order(s) on ETH-USD: shutdown: control/STOP file"}
{"ts":"2026-09-22T08:01:05.587Z","level":"info","msg":"summary (exit: control/STOP file)\n[dry] 2026-09-22  volume $2228.57 (80 fills; maker $2030.63 / taker $197.94)\n  cost per $1: 0.000042  (= $42.14 per $1M)   net cost $0.0939   net P&L $-0.0939\n  maker fees $-0.1015  taker fees $0.0396  funding $0.0000  slippage $0.0257  inventory drift $-0.1302\n  budget $-0.0363/$5.00  margin $0.00  max DD $0.1378  flattens 7 (avg slip 2.26 bps)  min liq dist n/a%\n  $1M tier: ~3.1 days at this pace, ~$42.14 total cost"}
{"ts":"2026-09-22T08:01:05.589Z","level":"info","msg":"exited","reason":"control/STOP file"}
